Component: ARM Compiler 5.06 update 6 (build 750) Tool: armlink [4d35ed]

==============================================================================

Section Cross References

    bsp_user_key.o(i.BSP_UserKey_Detect) refers to stm32h7xx_hal.o(i.HAL_GetTick) for HAL_GetTick
    bsp_user_key.o(i.BSP_UserKey_Detect) refers to stm32h7xx_hal_gpio.o(i.HAL_GPIO_ReadPin) for HAL_GPIO_ReadPin
    bsp_user_key.o(i.BSP_UserKey_Detect) refers to bsp_user_key.o(.data) for keyState
    bsp_buzzer.o(i.BSP_Buzzer_Init) refers to stm32h7xx_hal_tim.o(i.HAL_TIM_PWM_Start) for HAL_TIM_PWM_Start
    bsp_buzzer.o(i.BSP_Buzzer_Init) refers to tim.o(.bss) for htim12
    bsp_buzzer.o(i.BSP_Buzzer_Off) refers to bsp_buzzer.o(.data) for buzzerSta
    bsp_buzzer.o(i.BSP_Buzzer_On) refers to bsp_buzzer.o(.data) for buzzerSta
    bsp_buzzer.o(i.BSP_Buzzer_Toggle) refers to bsp_buzzer.o(i.BSP_Buzzer_Off) for BSP_Buzzer_Off
    bsp_buzzer.o(i.BSP_Buzzer_Toggle) refers to bsp_buzzer.o(i.BSP_Buzzer_On) for BSP_Buzzer_On
    bsp_buzzer.o(i.BSP_Buzzer_Toggle) refers to bsp_buzzer.o(.data) for buzzerSta
    lcd.o(i.Draw_Circle) refers to lcd.o(i.LCD_DrawPoint) for LCD_DrawPoint
    lcd.o(i.LCD_Address_Set) refers to lcd.o(i.LCD_WR_REG) for LCD_WR_REG
    lcd.o(i.LCD_Address_Set) refers to lcd.o(i.LCD_WR_DATA) for LCD_WR_DATA
    lcd.o(i.LCD_DrawLine) refers to lcd.o(i.LCD_DrawPoint) for LCD_DrawPoint
    lcd.o(i.LCD_DrawPoint) refers to lcd.o(i.LCD_Address_Set) for LCD_Address_Set
    lcd.o(i.LCD_DrawPoint) refers to lcd.o(i.LCD_WR_DATA) for LCD_WR_DATA
    lcd.o(i.LCD_DrawRectangle) refers to lcd.o(i.LCD_DrawLine) for LCD_DrawLine
    lcd.o(i.LCD_Fill) refers to lcd.o(i.LCD_Address_Set) for LCD_Address_Set
    lcd.o(i.LCD_Fill) refers to lcd.o(i.LCD_WR_DATA) for LCD_WR_DATA
    lcd.o(i.LCD_Init) refers to stm32h7xx_hal_gpio.o(i.HAL_GPIO_WritePin) for HAL_GPIO_WritePin
    lcd.o(i.LCD_Init) refers to stm32h7xx_hal.o(i.HAL_Delay) for HAL_Delay
    lcd.o(i.LCD_Init) refers to lcd.o(i.LCD_WR_REG) for LCD_WR_REG
    lcd.o(i.LCD_Init) refers to lcd.o(i.LCD_WR_DATA8) for LCD_WR_DATA8
    lcd.o(i.LCD_ShowChar) refers to lcd.o(i.LCD_Address_Set) for LCD_Address_Set
    lcd.o(i.LCD_ShowChar) refers to lcd.o(i.LCD_WR_DATA) for LCD_WR_DATA
    lcd.o(i.LCD_ShowChar) refers to lcd.o(i.LCD_DrawPoint) for LCD_DrawPoint
    lcd.o(i.LCD_ShowChar) refers to lcd.o(.constdata) for ascii_1206
    lcd.o(i.LCD_ShowChinese) refers to lcd.o(i.LCD_ShowChinese12x12) for LCD_ShowChinese12x12
    lcd.o(i.LCD_ShowChinese) refers to lcd.o(i.LCD_ShowChinese16x16) for LCD_ShowChinese16x16
    lcd.o(i.LCD_ShowChinese) refers to lcd.o(i.LCD_ShowChinese24x24) for LCD_ShowChinese24x24
    lcd.o(i.LCD_ShowChinese) refers to lcd.o(i.LCD_ShowChinese32x32) for LCD_ShowChinese32x32
    lcd.o(i.LCD_ShowChinese12x12) refers to lcd.o(i.LCD_Address_Set) for LCD_Address_Set
    lcd.o(i.LCD_ShowChinese12x12) refers to lcd.o(i.LCD_WR_DATA) for LCD_WR_DATA
    lcd.o(i.LCD_ShowChinese12x12) refers to lcd.o(i.LCD_DrawPoint) for LCD_DrawPoint
    lcd.o(i.LCD_ShowChinese12x12) refers to lcd.o(.constdata) for tfont12
    lcd.o(i.LCD_ShowChinese16x16) refers to lcd.o(i.LCD_Address_Set) for LCD_Address_Set
    lcd.o(i.LCD_ShowChinese16x16) refers to lcd.o(i.LCD_WR_DATA) for LCD_WR_DATA
    lcd.o(i.LCD_ShowChinese16x16) refers to lcd.o(i.LCD_DrawPoint) for LCD_DrawPoint
    lcd.o(i.LCD_ShowChinese16x16) refers to lcd.o(.constdata) for tfont16
    lcd.o(i.LCD_ShowChinese24x24) refers to lcd.o(i.LCD_Address_Set) for LCD_Address_Set
    lcd.o(i.LCD_ShowChinese24x24) refers to lcd.o(i.LCD_WR_DATA) for LCD_WR_DATA
    lcd.o(i.LCD_ShowChinese24x24) refers to lcd.o(i.LCD_DrawPoint) for LCD_DrawPoint
    lcd.o(i.LCD_ShowChinese24x24) refers to lcd.o(.constdata) for tfont24
    lcd.o(i.LCD_ShowChinese32x32) refers to lcd.o(i.LCD_Address_Set) for LCD_Address_Set
    lcd.o(i.LCD_ShowChinese32x32) refers to lcd.o(i.LCD_WR_DATA) for LCD_WR_DATA
    lcd.o(i.LCD_ShowChinese32x32) refers to lcd.o(i.LCD_DrawPoint) for LCD_DrawPoint
    lcd.o(i.LCD_ShowChinese32x32) refers to lcd.o(.constdata) for tfont32
    lcd.o(i.LCD_ShowFloatNum) refers to lcd.o(i.mypow) for mypow
    lcd.o(i.LCD_ShowFloatNum) refers to lcd.o(i.LCD_ShowChar) for LCD_ShowChar
    lcd.o(i.LCD_ShowFloatNum) refers to lcd.o(i.LCD_Fill) for LCD_Fill
    lcd.o(i.LCD_ShowFloatNum1) refers to lcd.o(i.mypow) for mypow
    lcd.o(i.LCD_ShowFloatNum1) refers to lcd.o(i.LCD_Fill) for LCD_Fill
    lcd.o(i.LCD_ShowFloatNum1) refers to lcd.o(i.LCD_ShowChar) for LCD_ShowChar
    lcd.o(i.LCD_ShowIntNum) refers to lcd.o(i.mypow) for mypow
    lcd.o(i.LCD_ShowIntNum) refers to lcd.o(i.LCD_ShowChar) for LCD_ShowChar
    lcd.o(i.LCD_ShowPicture) refers to lcd.o(i.LCD_Address_Set) for LCD_Address_Set
    lcd.o(i.LCD_ShowPicture) refers to lcd.o(i.LCD_WR_DATA8) for LCD_WR_DATA8
    lcd.o(i.LCD_ShowString) refers to lcd.o(i.LCD_ShowChar) for LCD_ShowChar
    lcd.o(i.LCD_WR_DATA) refers to lcd.o(i.LCD_Writ_Bus) for LCD_Writ_Bus
[...]
    can_bsp_init                             0x08012b79   Thumb Code    56  can_bsp.o(i.can_bsp_init)
    can_filter_init                          0x08012bbd   Thumb Code    50  can_bsp.o(i.can_filter_init)
    fdcan1_rx_callback                       0x08012bf5   Thumb Code    12  can_bsp.o(i.fdcan1_rx_callback)
    fdcan2_rx_callback                       0x08012c09   Thumb Code    12  can_bsp.o(i.fdcan2_rx_callback)
    fdcan3_rx_callback                       0x08012c1d   Thumb Code    12  can_bsp.o(i.fdcan3_rx_callback)
    fdcanx_receive                           0x08012c31   Thumb Code    36  can_bsp.o(i.fdcanx_receive)
    fdcanx_send_data                         0x08012c55   Thumb Code    58  can_bsp.o(i.fdcanx_send_data)
    invSqrt                                  0x08012c91   Thumb Code    56  mahonyahrs.o(i.invSqrt)
    main                                     0x08012ccd   Thumb Code    96  main.o(i.main)
    mypow                                    0x08012d3b   Thumb Code    22  lcd.o(i.mypow)
    osDelay                                  0x08012d51   Thumb Code    24  cmsis_os.o(i.osDelay)
    osKernelStart                            0x08012d69   Thumb Code    10  cmsis_os.o(i.osKernelStart)
    osThreadCreate                           0x08012d73   Thumb Code    94  cmsis_os.o(i.osThreadCreate)
    pvPortMalloc                             0x08013825   Thumb Code   306  heap_4.o(i.pvPortMalloc)
    pvTaskIncrementMutexHeldCount            0x08013971   Thumb Code    26  tasks.o(i.pvTaskIncrementMutexHeldCount)
    pxPortInitialiseStack                    0x08013991   Thumb Code    38  port.o(i.pxPortInitialiseStack)
    sqrtf                                    0x080139bd   Thumb Code    62  sqrtf.o(i.sqrtf)
    uxListRemove                             0x080139fb   Thumb Code    40  list.o(i.uxListRemove)
    vApplicationGetIdleTaskMemory            0x08013a25   Thumb Code    14  freertos.o(i.vApplicationGetIdleTaskMemory)
    vApplicationGetTimerTaskMemory           0x08013a3d   Thumb Code    16  freertos.o(i.vApplicationGetTimerTaskMemory)
    vListInitialise                          0x08013a55   Thumb Code    26  list.o(i.vListInitialise)
    vListInitialiseItem                      0x08013a6f   Thumb Code     6  list.o(i.vListInitialiseItem)
    vListInsert                              0x08013a75   Thumb Code    52  list.o(i.vListInsert)
    vListInsertEnd                           0x08013aa9   Thumb Code    24  list.o(i.vListInsertEnd)
    vPortEnterCritical                       0x08013ac1   Thumb Code    76  port.o(i.vPortEnterCritical)
    vPortExitCritical                        0x08013b15   Thumb Code    56  port.o(i.vPortExitCritical)
    vPortFree                                0x08013b51   Thumb Code   150  heap_4.o(i.vPortFree)
    vPortSetupTimerInterrupt                 0x08013bf5   Thumb Code    36  port.o(i.vPortSetupTimerInterrupt)
    vPortValidateInterruptPriority           0x08013c1d   Thumb Code   106  port.o(i.vPortValidateInterruptPriority)
    vQueueAddToRegistry                      0x08013c95   Thumb Code    38  queue.o(i.vQueueAddToRegistry)
    vQueueWaitForMessageRestricted           0x08013cc1   Thumb Code    74  queue.o(i.vQueueWaitForMessageRestricted)
    vTaskDelay                               0x08013d0d   Thumb Code    82  tasks.o(i.vTaskDelay)
    vTaskInternalSetTimeOutState             0x08013d69   Thumb Code    14  tasks.o(i.vTaskInternalSetTimeOutState)
    vTaskMissedYield                         0x08013d81   Thumb Code     8  tasks.o(i.vTaskMissedYield)
    vTaskPlaceOnEventList                    0x08013d8d   Thumb Code    52  tasks.o(i.vTaskPlaceOnEventList)
    vTaskPlaceOnEventListRestricted          0x08013dc5   Thumb Code    60  tasks.o(i.vTaskPlaceOnEventListRestricted)
    vTaskPriorityDisinheritAfterTimeout      0x08013e05   Thumb Code   216  tasks.o(i.vTaskPriorityDisinheritAfterTimeout)
    vTaskStartScheduler                      0x08013ee9   Thumb Code   156  tasks.o(i.vTaskStartScheduler)
    vTaskSuspendAll                          0x08013fa1   Thumb Code    12  tasks.o(i.vTaskSuspendAll)
    vTaskSwitchContext                       0x08013fb1   Thumb Code   118  tasks.o(i.vTaskSwitchContext)
    vofa_send_data                           0x0801403d   Thumb Code    82  vofa.o(i.vofa_send_data)
    vofa_sendframetail                       0x08014099   Thumb Code    86  vofa.o(i.vofa_sendframetail)
    vofa_transmit                            0x080140f9   Thumb Code    16  vofa.o(i.vofa_transmit)
    xPortStartScheduler                      0x08014109   Thumb Code   330  port.o(i.xPortStartScheduler)
    xQueueGenericCreate                      0x08014271   Thumb Code    90  queue.o(i.xQueueGenericCreate)
    xQueueGenericCreateStatic                0x080142cb   Thumb Code   224  queue.o(i.xQueueGenericCreateStatic)
    xQueueGenericReset                       0x080143ad   Thumb Code   146  queue.o(i.xQueueGenericReset)
    xQueueGenericSend                        0x08014445   Thumb Code   420  queue.o(i.xQueueGenericSend)
    xQueueGenericSendFromISR                 0x080145ed   Thumb Code   252  queue.o(i.xQueueGenericSendFromISR)
    xQueueGiveFromISR                        0x080146e9   Thumb Code   224  queue.o(i.xQueueGiveFromISR)
    xQueueReceive                            0x080147c9   Thumb Code   356  queue.o(i.xQueueReceive)
    xQueueSemaphoreTake                      0x08014931   Thumb Code   434  queue.o(i.xQueueSemaphoreTake)
    xTaskCheckForTimeOut                     0x08014ae9   Thumb Code   132  tasks.o(i.xTaskCheckForTimeOut)
    xTaskCreate                              0x08014b75   Thumb Code   100  tasks.o(i.xTaskCreate)
    xTaskCreateStatic                        0x08014bd9   Thumb Code   186  tasks.o(i.xTaskCreateStatic)
    xTaskGetSchedulerState                   0x08014c95   Thumb Code    24  tasks.o(i.xTaskGetSchedulerState)
    xTaskGetTickCount                        0x08014cb5   Thumb Code     6  tasks.o(i.xTaskGetTickCount)
    xTaskIncrementTick                       0x08014cc1   Thumb Code   282  tasks.o(i.xTaskIncrementTick)
    xTaskPriorityDisinherit                  0x08014e09   Thumb Code   188  tasks.o(i.xTaskPriorityDisinherit)
    xTaskPriorityInherit                     0x08014ed1   Thumb Code   172  tasks.o(i.xTaskPriorityInherit)
    xTaskRemoveFromEventList                 0x08014f89   Thumb Code   128  tasks.o(i.xTaskRemoveFromEventList)
    xTaskResumeAll                           0x08015021   Thumb Code   224  tasks.o(i.xTaskResumeAll)
    xTimerCreateTimerTask                    0x08015125   Thumb Code   100  timers.o(i.xTimerCreateTimerTask)
    xTimerGenericCommand                     0x0801519d   Thumb Code   128  timers.o(i.xTimerGenericCommand)
    ascii_1206                               0x08015220   Data        1140  lcd.o(.constdata)
    ascii_1608                               0x08015694   Data        1520  lcd.o(.constdata)
    ascii_2412                               0x08015c84   Data        4560  lcd.o(.constdata)
    ascii_3216                               0x08016e54   Data        6080  lcd.o(.constdata)
    tfont12                                  0x08018614   Data         104  lcd.o(.constdata)
    tfont16                                  0x0801867c   Data         136  lcd.o(.constdata)
    tfont24                                  0x08018704   Data         296  lcd.o(.constdata)
    tfont32                                  0x0801882c   Data         520  lcd.o(.constdata)
    gImage_1                                 0x08018a34   Data        3200  lcd_task.o(.constdata)
    UARTPrescTable                           0x0801984c   Data          24  stm32h7xx_hal_uart.o(.constdata)
    D1CorePrescTable                         0x08019874   Data          16  system_stm32h7xx.o(.constdata)
    Region$$Table$$Base                      0x080198f8   Number         0  anon$$obj.o(Region$$Table)
    Region$$Table$$Limit                     0x08019918   Number         0  anon$$obj.o(Region$$Table)
    keyState                                 0x24000000   Data           1  bsp_user_key.o(.data)
    overTick                                 0x24000004   Data           4  bsp_user_key.o(.data)
    BMI088_ACCEL_SEN                         0x24000008   Data           4  bmi088driver.o(.data)
    BMI088_GYRO_SEN                          0x2400000c   Data           4  bmi088driver.o(.data)
    rx_data1                                 0x24000034   Data           8  can_bsp.o(.data)
    rx_data2                                 0x2400003c   Data           8  can_bsp.o(.data)
    rx_data3                                 0x24000044   Data           8  can_bsp.o(.data)
    vbus                                     0x2400004c   Data           4  key_task.o(.data)
    adc_val                                  0x24000050   Data           4  key_task.o(.data)
    out                                      0x24000058   Data           4  imu_task.o(.data)
    err                                      0x2400005c   Data           4  imu_task.o(.data)
    err_l                                    0x24000060   Data           4  imu_task.o(.data)
    err_ll                                   0x24000064   Data           4  imu_task.o(.data)
    u1Rx                                     0x24000068   Data           5  fun_test_task.o(.data)
    u1RxFlag                                 0x2400006d   Data           1  fun_test_task.o(.data)
    u5Rx                                     0x2400006e   Data           5  fun_test_task.o(.data)
    u5RxFlag                                 0x24000073   Data           1  fun_test_task.o(.data)
    u7Rx                                     0x24000074   Data           5  fun_test_task.o(.data)
    u7RxFlag                                 0x24000079   Data           1  fun_test_task.o(.data)
    u10Rx                                    0x2400007a   Data           5  fun_test_task.o(.data)
    u10RxFlag                                0x2400007f   Data           1  fun_test_task.o(.data)
    tx_data                                  0x24000080   Data           8  fun_test_task.o(.data)
    cnt                                      0x24000088   Data           2  vofa.o(.data)
    usbGetDataSemaphore                      0x24000090   Data           4  freertos.o(.data)
    defaultTaskHandle                        0x24000094   Data           4  freertos.o(.data)
    KeyTaskHandle                            0x24000098   Data           4  freertos.o(.data)
    LcdTaskHandle                            0x2400009c   Data           4  freertos.o(.data)
    ImuTaskHandle                            0x240000a0   Data           4  freertos.o(.data)
    FunTestHandle                            0x240000a4   Data           4  freertos.o(.data)
    MoveTaskHandle                           0x240000a8   Data           4  freertos.o(.data)
    ArmCtrlTaskHandle                        0x240000ac   Data           4  freertos.o(.data)
    UsbDataTaskHandle                        0x240000b0   Data           4  freertos.o(.data)
    OrderTaskHandle                          0x240000b4   Data           4  freertos.o(.data)
    VisualTaskHandle                         0x240000b8   Data           4  freertos.o(.data)
    LogicTaskHandle                          0x240000bc   Data           4  freertos.o(.data)
    HS_Desc                                  0x240000c4   Data          32  usbd_desc.o(.data)
    USBD_HS_DeviceDesc                       0x240000e4   Data          18  usbd_desc.o(.data)
    USBD_HS_BOSDesc                          0x240000f8   Data          12  usbd_desc.o(.data)
    USBD_LangIDDesc                          0x24000104   Data           4  usbd_desc.o(.data)
    USBD_StringSerial                        0x24000108   Data          26  usbd_desc.o(.data)
    USB_RX_DATA_SIZE                         0x24000124   Data           2  usbd_cdc_if.o(.data)
    USBD_Interface_fops_HS                   0x24000128   Data          20  usbd_cdc_if.o(.data)
    twoKp                                    0x2400013c   Data           4  mahonyahrs.o(.data)
    twoKi                                    0x24000140   Data           4  mahonyahrs.o(.data)
    integralFBx                              0x24000144   Data           4  mahonyahrs.o(.data)
    integralFBy                              0x24000148   Data           4  mahonyahrs.o(.data)
    integralFBz                              0x2400014c   Data           4  mahonyahrs.o(.data)
    uwTick                                   0x24000150   Data           4  stm32h7xx_hal.o(.data)
    uwTickPrio                               0x24000154   Data           4  stm32h7xx_hal.o(.data)
    uwTickFreq                               0x24000158   Data           1  stm32h7xx_hal.o(.data)
    SystemCoreClock                          0x2400015c   Data           4  system_stm32h7xx.o(.data)
    SystemD2Clock                            0x24000160   Data           4  system_stm32h7xx.o(.data)
    pxCurrentTCB                             0x24000164   Data           4  tasks.o(.data)
    USBD_CDC                                 0x240001f0   Data          56  usbd_cdc.o(.data)
    gyro                                     0x24000274   Data          12  imu_task.o(.bss)
    acc                                      0x24000280   Data          12  imu_task.o(.bss)
    imuQuat                                  0x2400028c   Data          16  imu_task.o(.bss)
    imuAngle                                 0x2400029c   Data          12  imu_task.o(.bss)
    gyroBias                                 0x240002a8   Data          12  imu_task.o(.bss)
    send_buf                                 0x240002b4   Data        1024  vofa.o(.bss)
    KeyTaskBuffer                            0x240006b4   Data         512  freertos.o(.bss)
    LcdTaskBuffer                            0x240008b4   Data        1024  freertos.o(.bss)
    ImuTaskBuffer                            0x24000cb4   Data        4096  freertos.o(.bss)
    FunTestBuffer                            0x24001cb4   Data         512  freertos.o(.bss)
    MoveTaskBuffer                           0x24001eb4   Data        2048  freertos.o(.bss)
    ArmCtrlTaskBuffer                        0x240026b4   Data        2048  freertos.o(.bss)
    UsbDataTaskBuffer                        0x24002eb4   Data        4096  freertos.o(.bss)
    OrderTaskBuffer                          0x24003eb4   Data        2048  freertos.o(.bss)
    VisualTaskBuffer                         0x240046b4   Data        2048  freertos.o(.bss)
    LogicTaskBuffer                          0x24004eb4   Data        2048  freertos.o(.bss)
    KeyTaskControlBlock                      0x240056b4   Data          92  freertos.o(.bss)
    LcdTaskControlBlock                      0x24005710   Data          92  freertos.o(.bss)
    ImuTaskControlBlock                      0x2400576c   Data          92  freertos.o(.bss)
    FunTestControlBlock                      0x240057c8   Data          92  freertos.o(.bss)
    MoveTaskControlBlock                     0x24005824   Data          92  freertos.o(.bss)
    ArmCtrlTaskControlBlock                  0x24005880   Data          92  freertos.o(.bss)
    UsbDataTaskControlBlock                  0x240058dc   Data          92  freertos.o(.bss)
    OrderTaskControlBlock                    0x24005938   Data          92  freertos.o(.bss)
    VisualTaskControlBlock                   0x24005994   Data          92  freertos.o(.bss)
    LogicTaskControlBlock                    0x240059f0   Data          92  freertos.o(.bss)
    hadc1                                    0x24006104   Data         112  adc.o(.bss)
    hdma_adc1                                0x24006174   Data         120  adc.o(.bss)
    hfdcan1                                  0x240061ec   Data         160  fdcan.o(.bss)
    hfdcan2                                  0x2400628c   Data         160  fdcan.o(.bss)
    hfdcan3                                  0x2400632c   Data         160  fdcan.o(.bss)
    hospi2                                   0x240063cc   Data          92  octospi.o(.bss)
    hspi1                                    0x24006428   Data         136  spi.o(.bss)
    hspi2                                    0x240064b0   Data         136  spi.o(.bss)
    hspi6                                    0x24006538   Data         136  spi.o(.bss)
    htim1                                    0x240065c0   Data          76  tim.o(.bss)
    htim2                                    0x2400660c   Data          76  tim.o(.bss)
    htim3                                    0x24006658   Data          76  tim.o(.bss)
    htim12                                   0x240066a4   Data          76  tim.o(.bss)
    huart7                                   0x240066f0   Data         148  usart.o(.bss)
    huart1                                   0x24006784   Data         148  usart.o(.bss)
    huart2                                   0x24006818   Data         148  usart.o(.bss)
    huart3                                   0x240068ac   Data         148  usart.o(.bss)
    huart10                                  0x24006940   Data         148  usart.o(.bss)
    htim23                                   0x240069d4   Data          76  stm32h7xx_hal_timebase_tim.o(.bss)
    hUsbDeviceHS                             0x24006a20   Data         732  usb_device.o(.bss)
    USBD_StrDesc                             0x24006cfc   Data         512  usbd_desc.o(.bss)
    UserRxBufferHS                           0x24006efc   Data        2048  usbd_cdc_if.o(.bss)
    UserTxBufferHS                           0x240076fc   Data        2048  usbd_cdc_if.o(.bss)
    hpcd_USB_OTG_HS                          0x24007efc   Data        1292  usbd_conf.o(.bss)
    xQueueRegistry                           0x24008628   Data          64  queue.o(.bss)
    __initial_sp                             0x2400cc70   Data           0  startup_stm32h723xx.o(STACK)



==============================================================================

Memory Map of the image

  Image Entry point : 0x080002cd

  Load Region LR_IROM1 (Base: 0x08000000, Size: 0x00019b8c, Max: 0x00100000, ABSOLUTE, COMPRESSED[0x00019a24])

    Execution Region ER_IROM1 (Exec base: 0x08000000, Load base: 0x08000000, Size: 0x00019918, Max: 0x00100000, ABSOLUTE)

    Exec Addr    Load Addr    Size         Type   Attr      Idx    E Section Name        Object

    0x08000000   0x08000000   0x000002cc   Data   RO         1900    RESET               startup_stm32h723xx.o
    0x080002cc   0x080002cc   0x00000000   Code   RO        11075  * .ARM.Collect$$$$00000000  mc_w.l(entry.o)
    0x080002cc   0x080002cc   0x00000004   Code   RO        11407    .ARM.Collect$$$$00000001  mc_w.l(entry2.o)
    0x080002d0   0x080002d0   0x00000004   Code   RO        11410    .ARM.Collect$$$$00000004  mc_w.l(entry5.o)
    0x080002d4   0x080002d4   0x00000000   Code   RO        11412    .ARM.Collect$$$$00000008  mc_w.l(entry7b.o)
    0x080002d4   0x080002d4   0x00000000   Code   RO        11414    .ARM.Collect$$$$0000000A  mc_w.l(entry8b.o)
    0x080002d4   0x080002d4   0x00000008   Code   RO        11415    .ARM.Collect$$$$0000000B  mc_w.l(entry9a.o)
    0x080002dc   0x080002dc   0x00000000   Code   RO        11417    .ARM.Collect$$$$0000000D  mc_w.l(entry10a.o)
    0x080002dc   0x080002dc   0x00000000   Code   RO        11419    .ARM.Collect$$$$0000000F  mc_w.l(entry11a.o)
    0x080002dc   0x080002dc   0x00000004   Code   RO        11408    .ARM.Collect$$$$00002712  mc_w.l(entry2.o)
    0x080002e0   0x080002e0   0x000000be   Code   RO        10504    .emb_text           port.o
    0x0800039e   0x0800039e   0x00000002   PAD
    0x080003a0   0x080003a0   0x00000024   Code   RO         1901    .text               startup_stm32h723xx.o
    0x080003c4   0x080003c4   0x00000062   Code   RO        11078    .text               mc_w.l(uldiv.o)
    0x08000426   0x08000426   0x00000024   Code   RO        11080    .text               mc_w.l(memcpya.o)
    0x0800044a   0x0800044a   0x00000024   Code   RO        11084    .text               mc_w.l(memseta.o)
    0x0800046e   0x0800046e   0x0000001a   Code   RO        11086    .text               mc_w.l(memcmp.o)
    0x08000488   0x08000488   0x0000001e   Code   RO        11424    .text               mc_w.l(llshl.o)
    0x080004a6   0x080004a6   0x00000020   Code   RO        11426    .text               mc_w.l(llushr.o)
    0x080004c6   0x080004c6   0x00000000   Code   RO        11435    .text               mc_w.l(iusefp.o)
    0x080004c6   0x080004c6   0x00000002   PAD
    0x080004c8   0x080004c8   0x00000024   Code   RO        11456    .text               mc_w.l(init.o)
    0x080004ec   0x080004ec   0x00000056   Code   RO        11470    .text               mc_w.l(__dczerorl2.o)
    0x08000542   0x08000542   0x00000002   PAD
    0x08000544   0x08000544   0x00000130   Code   RO         5559    i.ADC_ConfigureBoostMode  stm32h7xx_hal_adc.o
    0x08000674   0x08000674   0x00000092   Code   RO         5561    i.ADC_DMAConvCplt   stm32h7xx_hal_adc.o
    0x08000706   0x08000706   0x0000001e   Code   RO         5562    i.ADC_DMAError      stm32h7xx_hal_adc.o
    0x08000724   0x08000724   0x0000000e   Code   RO         5563    i.ADC_DMAHalfConvCplt  stm32h7xx_hal_adc.o
    0x08000732   0x08000732   0x00000002   PAD
    0x08000734   0x08000734   0x00000094   Code   RO         5564    i.ADC_Disable       stm32h7xx_hal_adc.o
    0x080007c8   0x080007c8   0x000000cc   Code   RO         5565    i.ADC_Enable        stm32h7xx_hal_adc.o
    0x08000894   0x08000894   0x00000028   Code   RO          869    i.AHRS_init         imu_task.o
    0x080008bc   0x080008bc   0x00000078   Code   RO          870    i.AHRS_update       imu_task.o
    0x08000934   0x08000934   0x0000000a   Code   RO          971    i.ArmCtrlTask_Entry  arm_ctrl_task.o
    0x0800093e   0x0800093e   0x00000002   PAD
    0x08000940   0x08000940   0x00000014   Code   RO          501    i.BMI088_ACCEL_NS_H  bmi088middleware.o
    0x08000954   0x08000954   0x00000014   Code   RO          502    i.BMI088_ACCEL_NS_L  bmi088middleware.o
    0x08000968   0x08000968   0x00000002   Code   RO          503    i.BMI088_GPIO_init  bmi088middleware.o
    0x0800096a   0x0800096a   0x00000002   PAD
    0x0800096c   0x0800096c   0x00000014   Code   RO          504    i.BMI088_GYRO_NS_H  bmi088middleware.o
    0x08000980   0x08000980   0x00000014   Code   RO          505    i.BMI088_GYRO_NS_L  bmi088middleware.o
    0x08000994   0x08000994   0x00000002   Code   RO          506    i.BMI088_com_init   bmi088middleware.o
    0x08000996   0x08000996   0x0000001a   Code   RO          507    i.BMI088_delay_ms   bmi088middleware.o
    0x080009b0   0x080009b0   0x0000004a   Code   RO          508    i.BMI088_delay_us   bmi088middleware.o
    0x080009fa   0x080009fa   0x0000001c   Code   RO          432    i.BMI088_init       bmi088driver.o
    0x08000a16   0x08000a16   0x00000002   PAD
    0x08000a18   0x08000a18   0x0000017c   Code   RO          433    i.BMI088_read       bmi088driver.o
    0x08000b94   0x08000b94   0x00000026   Code   RO          434    i.BMI088_read_muli_reg  bmi088driver.o
    0x08000bba   0x08000bba   0x00000018   Code   RO          435    i.BMI088_read_single_reg  bmi088driver.o
    0x08000bd2   0x08000bd2   0x00000002   PAD
    0x08000bd4   0x08000bd4   0x00000020   Code   RO          509    i.BMI088_read_write_byte  bmi088middleware.o
    0x08000bf4   0x08000bf4   0x00000014   Code   RO          436    i.BMI088_write_single_reg  bmi088driver.o
    0x08000c08   0x08000c08   0x00000010   Code   RO          184    i.BSP_Buzzer_Init   bsp_buzzer.o
    0x08000c18   0x08000c18   0x0000007c   Code   RO            4    i.BSP_UserKey_Detect  bsp_user_key.o
    0x08000c94   0x08000c94   0x00000004   Code   RO         1696    i.BusFault_Handler  stm32h7xx_it.o
    0x08000c98   0x08000c98   0x00000044   Code   RO         2039    i.CDC_Control_HS    usbd_cdc_if.o
    0x08000cdc   0x08000cdc   0x00000004   Code   RO         2040    i.CDC_DeInit_HS     usbd_cdc_if.o
    0x08000ce0   0x08000ce0   0x00000024   Code   RO         2041    i.CDC_Init_HS       usbd_cdc_if.o
    0x08000d04   0x08000d04   0x00000038   Code   RO         2042    i.CDC_Receive_HS    usbd_cdc_if.o
    0x08000d3c   0x08000d3c   0x0000000c   Code   RO         2043    i.CDC_TransmitCplt_HS  usbd_cdc_if.o
    0x08000d48   0x08000d48   0x00000038   Code   RO         2044    i.CDC_Transmit_HS   usbd_cdc_if.o
    0x08000d80   0x08000d80   0x000000ac   Code   RO          871    i.CalibrateGyroBias  imu_task.o
    0x08000e2c   0x08000e2c   0x00000010   Code   RO         1697    i.DMA1_Stream0_IRQHandler  stm32h7xx_it.o
    0x08000e3c   0x08000e3c   0x000000ec   Code   RO         3772    i.DMA_CalcBaseAndBitshift  stm32h7xx_hal_dma.o
    0x08000f28   0x08000f28   0x000000c4   Code   RO         3773    i.DMA_CalcDMAMUXChannelBaseAndMask  stm32h7xx_hal_dma.o
    0x08000fec   0x08000fec   0x00000098   Code   RO         3774    i.DMA_CalcDMAMUXRequestGenBaseAndMask  stm32h7xx_hal_dma.o
    0x08001084   0x08001084   0x000000ae   Code   RO         3775    i.DMA_CheckFifoParam  stm32h7xx_hal_dma.o
    0x08001132   0x08001132   0x00000002   PAD
    0x08001134   0x08001134   0x00000274   Code   RO         3776    i.DMA_SetConfig     stm32h7xx_hal_dma.o
    0x080013a8   0x080013a8   0x00000002   Code   RO         1698    i.DebugMon_Handler  stm32h7xx_it.o
    0x080013aa   0x080013aa   0x00000006   Code   RO         1162    i.Error_Handler     main.o
    0x080013b0   0x080013b0   0x00000010   Code   RO         1699    i.FDCAN1_IT0_IRQHandler  stm32h7xx_it.o
    0x080013c0   0x080013c0   0x00000010   Code   RO         1700    i.FDCAN1_IT1_IRQHandler  stm32h7xx_it.o
    0x080013d0   0x080013d0   0x00000010   Code   RO         1701    i.FDCAN2_IT0_IRQHandler  stm32h7xx_it.o
    0x080013e0   0x080013e0   0x00000010   Code   RO         1702    i.FDCAN2_IT1_IRQHandler  stm32h7xx_it.o
    0x080013f0   0x080013f0   0x00000010   Code   RO         1703    i.FDCAN3_IT0_IRQHandler  stm32h7xx_it.o
    0x08001400   0x08001400   0x00000010   Code   RO         1704    i.FDCAN3_IT1_IRQHandler  stm32h7xx_it.o
    0x08001410   0x08001410   0x00000220   Code   RO         6105    i.FDCAN_CalcultateRamBlockAddresses  stm32h7xx_hal_fdcan.o
    0x08001630   0x08001630   0x000000d4   Code   RO         6106    i.FDCAN_CopyMessageToRAM  stm32h7xx_hal_fdcan.o
    0x08001704   0x08001704   0x0000016c   Code   RO          934    i.FunTest_Entry     fun_test_task.o
    0x08001870   0x08001870   0x00000114   Code   RO          872    i.GetAngle          imu_task.o
    0x08001984   0x08001984   0x00000034   Code   RO         1943    i.Get_SerialNum     usbd_desc.o
    0x080019b8   0x080019b8   0x000000b8   Code   RO         5836    i.HAL_ADCEx_Calibration_Start  stm32h7xx_hal_adc_ex.o
    0x08001a70   0x08001a70   0x00000164   Code   RO         5856    i.HAL_ADCEx_MultiModeConfigChannel  stm32h7xx_hal_adc_ex.o
    0x08001bd4   0x08001bd4   0x00000788   Code   RO         5567    i.HAL_ADC_ConfigChannel  stm32h7xx_hal_adc.o
    0x0800235c   0x0800235c   0x00000002   Code   RO         5568    i.HAL_ADC_ConvCpltCallback  stm32h7xx_hal_adc.o
    0x0800235e   0x0800235e   0x00000002   Code   RO         5569    i.HAL_ADC_ConvHalfCpltCallback  stm32h7xx_hal_adc.o
    0x08002360   0x08002360   0x00000002   Code   RO         5571    i.HAL_ADC_ErrorCallback  stm32h7xx_hal_adc.o
    0x08002362   0x08002362   0x00000002   PAD
    0x08002364   0x08002364   0x00000340   Code   RO         5576    i.HAL_ADC_Init      stm32h7xx_hal_adc.o
    0x080026a4   0x080026a4   0x0000012c   Code   RO         1338    i.HAL_ADC_MspInit   adc.o
    0x080027d0   0x080027d0   0x00000170   Code   RO         5583    i.HAL_ADC_Start_DMA  stm32h7xx_hal_adc.o
    0x08002940   0x08002940   0x000004dc   Code   RO         3777    i.HAL_DMA_Abort     stm32h7xx_hal_dma.o
    0x08002e1c   0x08002e1c   0x00000398   Code   RO         3778    i.HAL_DMA_Abort_IT  stm32h7xx_hal_dma.o
    0x080031b4   0x080031b4   0x00000af8   Code   RO         3782    i.HAL_DMA_IRQHandler  stm32h7xx_hal_dma.o
    0x08003cac   0x08003cac   0x00000514   Code   RO         3783    i.HAL_DMA_Init      stm32h7xx_hal_dma.o
    0x080041c0   0x080041c0   0x000003e0   Code   RO         3787    i.HAL_DMA_Start_IT  stm32h7xx_hal_dma.o
    0x080045a0   0x080045a0   0x00000028   Code   RO         4620    i.HAL_Delay         stm32h7xx_hal.o
    0x080045c8   0x080045c8   0x000000a8   Code   RO         6108    i.HAL_FDCAN_ActivateNotification  stm32h7xx_hal_fdcan.o
    0x08004670   0x08004670   0x00000090   Code   RO         6110    i.HAL_FDCAN_AddMessageToTxFifoQ  stm32h7xx_hal_fdcan.o
    0x08004700   0x08004700   0x00000002   Code   RO         6111    i.HAL_FDCAN_ClockCalibrationCallback  stm32h7xx_hal_fdcan.o
    0x08004702   0x08004702   0x0000006c   Code   RO         6114    i.HAL_FDCAN_ConfigFifoWatermark  stm32h7xx_hal_fdcan.o
    0x0800476e   0x0800476e   0x000000a8   Code   RO         6115    i.HAL_FDCAN_ConfigFilter  stm32h7xx_hal_fdcan.o
    0x08004816   0x08004816   0x00000002   Code   RO         6137    i.HAL_FDCAN_ErrorCallback  stm32h7xx_hal_fdcan.o
    0x08004818   0x08004818   0x00000002   Code   RO         6138    i.HAL_FDCAN_ErrorStatusCallback  stm32h7xx_hal_fdcan.o
    0x0800481a   0x0800481a   0x00000002   PAD
    0x0800481c   0x0800481c   0x000001f4   Code   RO         6149    i.HAL_FDCAN_GetRxMessage  stm32h7xx_hal_fdcan.o
    0x08004a10   0x08004a10   0x00000002   Code   RO         6155    i.HAL_FDCAN_HighPriorityMessageCallback  stm32h7xx_hal_fdcan.o
    0x08004a12   0x08004a12   0x00000002   PAD
    0x08004a14   0x08004a14   0x000003d4   Code   RO         6156    i.HAL_FDCAN_IRQHandler  stm32h7xx_hal_fdcan.o
    0x08004de8   0x08004de8   0x000002e0   Code   RO         6157    i.HAL_FDCAN_Init    stm32h7xx_hal_fdcan.o
    0x080050c8   0x080050c8   0x0000023c   Code   RO         1404    i.HAL_FDCAN_MspInit  fdcan.o
    0x08005304   0x08005304   0x00000002   Code   RO         6166    i.HAL_FDCAN_RxBufferNewMessageCallback  stm32h7xx_hal_fdcan.o
    0x08005306   0x08005306   0x00000002   PAD
    0x08005308   0x08005308   0x00000038   Code   RO          574    i.HAL_FDCAN_RxFifo0Callback  can_bsp.o
    0x08005340   0x08005340   0x00000002   Code   RO         6168    i.HAL_FDCAN_RxFifo1Callback  stm32h7xx_hal_fdcan.o
    0x08005342   0x08005342   0x00000034   Code   RO         6169    i.HAL_FDCAN_Start   stm32h7xx_hal_fdcan.o
    0x08005376   0x08005376   0x00000002   Code   RO         6191    i.HAL_FDCAN_TT_GlobalTimeCallback  stm32h7xx_hal_fdcan.o
    0x08005378   0x08005378   0x00000002   Code   RO         6192    i.HAL_FDCAN_TT_ScheduleSyncCallback  stm32h7xx_hal_fdcan.o
    0x0800537a   0x0800537a   0x00000002   Code   RO         6197    i.HAL_FDCAN_TT_StopWatchCallback  stm32h7xx_hal_fdcan.o
    0x0800537c   0x0800537c   0x00000002   Code   RO         6198    i.HAL_FDCAN_TT_TimeMarkCallback  stm32h7xx_hal_fdcan.o
    0x0800537e   0x0800537e   0x00000002   Code   RO         6199    i.HAL_FDCAN_TimeoutOccurredCallback  stm32h7xx_hal_fdcan.o
    0x08005380   0x08005380   0x00000002   Code   RO         6200    i.HAL_FDCAN_TimestampWraparoundCallback  stm32h7xx_hal_fdcan.o
    0x08005382   0x08005382   0x00000002   Code   RO         6201    i.HAL_FDCAN_TxBufferAbortCallback  stm32h7xx_hal_fdcan.o
    0x08005384   0x08005384   0x00000002   Code   RO         6202    i.HAL_FDCAN_TxBufferCompleteCallback  stm32h7xx_hal_fdcan.o
    0x08005386   0x08005386   0x00000002   Code   RO         6203    i.HAL_FDCAN_TxEventFifoCallback  stm32h7xx_hal_fdcan.o
    0x08005388   0x08005388   0x00000002   Code   RO         6204    i.HAL_FDCAN_TxFifoEmptyCallback  stm32h7xx_hal_fdcan.o
    0x0800538a   0x0800538a   0x00000002   PAD
    0x0800538c   0x0800538c   0x0000016c   Code   RO         3622    i.HAL_GPIO_DeInit   stm32h7xx_hal_gpio.o
    0x080054f8   0x080054f8   0x000001f0   Code   RO         3625    i.HAL_GPIO_Init     stm32h7xx_hal_gpio.o
    0x080056e8   0x080056e8   0x00000010   Code   RO         3627    i.HAL_GPIO_ReadPin  stm32h7xx_hal_gpio.o
    0x080056f8   0x080056f8   0x0000000c   Code   RO         3629    i.HAL_GPIO_WritePin  stm32h7xx_hal_gpio.o
    0x08005704   0x08005704   0x0000000c   Code   RO         4636    i.HAL_GetTick       stm32h7xx_hal.o
    0x08005710   0x08005710   0x00000018   Code   RO         4642    i.HAL_IncTick       stm32h7xx_hal.o
    0x08005728   0x08005728   0x00000060   Code   RO         4643    i.HAL_Init          stm32h7xx_hal.o
    0x08005788   0x08005788   0x00000094   Code   RO         1862    i.HAL_InitTick      stm32h7xx_hal_timebase_tim.o
    0x0800581c   0x0800581c   0x00000030   Code   RO         1838    i.HAL_MspInit       stm32h7xx_hal_msp.o
    0x0800584c   0x0800584c   0x00000028   Code   RO         4473    i.HAL_NVIC_EnableIRQ  stm32h7xx_hal_cortex.o
    0x08005874   0x08005874   0x0000007a   Code   RO         4479    i.HAL_NVIC_SetPriority  stm32h7xx_hal_cortex.o
    0x080058ee   0x080058ee   0x00000002   PAD
    0x080058f0   0x080058f0   0x00000028   Code   RO         4480    i.HAL_NVIC_SetPriorityGrouping  stm32h7xx_hal_cortex.o
    0x08005918   0x08005918   0x000006f8   Code   RO         6723    i.HAL_OSPIM_Config  stm32h7xx_hal_ospi.o
    0x08006010   0x08006010   0x00000032   Code   RO         6732    i.HAL_OSPI_DeInit   stm32h7xx_hal_ospi.o
    0x08006042   0x08006042   0x00000002   PAD
    0x08006044   0x08006044   0x00000110   Code   RO         6741    i.HAL_OSPI_Init     stm32h7xx_hal_ospi.o
    0x08006154   0x08006154   0x00000060   Code   RO         1458    i.HAL_OSPI_MspDeInit  octospi.o
    0x080061b4   0x080061b4   0x000001a4   Code   RO         1459    i.HAL_OSPI_MspInit  octospi.o
    0x08006358   0x08006358   0x00000008   Code   RO         6751    i.HAL_OSPI_SetTimeout  stm32h7xx_hal_ospi.o
    0x08006360   0x08006360   0x00000028   Code   RO         2670    i.HAL_PCDEx_ActivateLPM  stm32h7xx_hal_pcd_ex.o
    0x08006388   0x08006388   0x00000002   Code   RO         2675    i.HAL_PCDEx_LPM_Callback  stm32h7xx_hal_pcd_ex.o
    0x0800638a   0x0800638a   0x0000000a   Code   RO         2676    i.HAL_PCDEx_SetRxFiFo  stm32h7xx_hal_pcd_ex.o
    0x08006394   0x08006394   0x0000004e   Code   RO         2677    i.HAL_PCDEx_SetTxFiFo  stm32h7xx_hal_pcd_ex.o
    0x080063e2   0x080063e2   0x0000000e   Code   RO         2109    i.HAL_PCD_ConnectCallback  usbd_conf.o
    0x080063f0   0x080063f0   0x00000020   Code   RO         2110    i.HAL_PCD_DataInStageCallback  usbd_conf.o
    0x08006410   0x08006410   0x00000020   Code   RO         2111    i.HAL_PCD_DataOutStageCallback  usbd_conf.o
    0x08006430   0x08006430   0x0000000e   Code   RO         2112    i.HAL_PCD_DisconnectCallback  usbd_conf.o
    0x0800643e   0x0800643e   0x00000042   Code   RO         2441    i.HAL_PCD_EP_Abort  stm32h7xx_hal_pcd.o
    0x08006480   0x08006480   0x0000006a   Code   RO         2442    i.HAL_PCD_EP_Close  stm32h7xx_hal_pcd.o
    0x080064ea   0x080064ea   0x0000007c   Code   RO         2443    i.HAL_PCD_EP_ClrStall  stm32h7xx_hal_pcd.o
    0x08006566   0x08006566   0x00000016   Code   RO         2445    i.HAL_PCD_EP_GetRxCount  stm32h7xx_hal_pcd.o
    0x0800657c   0x0800657c   0x0000008c   Code   RO         2446    i.HAL_PCD_EP_Open   stm32h7xx_hal_pcd.o
    0x08006608   0x08006608   0x00000046   Code   RO         2447    i.HAL_PCD_EP_Receive  stm32h7xx_hal_pcd.o
    0x0800664e   0x0800664e   0x0000008a   Code   RO         2448    i.HAL_PCD_EP_SetStall  stm32h7xx_hal_pcd.o
    0x080066d8   0x080066d8   0x00000048   Code   RO         2449    i.HAL_PCD_EP_Transmit  stm32h7xx_hal_pcd.o
    0x08006720   0x08006720   0x0000070e   Code   RO         2451    i.HAL_PCD_IRQHandler  stm32h7xx_hal_pcd.o
    0x08006e2e   0x08006e2e   0x00000012   Code   RO         2113    i.HAL_PCD_ISOINIncompleteCallback  usbd_conf.o
    0x08006e40   0x08006e40   0x00000012   Code   RO         2114    i.HAL_PCD_ISOOUTIncompleteCallback  usbd_conf.o
    0x08006e52   0x08006e52   0x00000172   Code   RO         2454    i.HAL_PCD_Init      stm32h7xx_hal_pcd.o
    0x08006fc4   0x08006fc4   0x00000070   Code   RO         2116    i.HAL_PCD_MspInit   usbd_conf.o
    0x08007034   0x08007034   0x00000030   Code   RO         2117    i.HAL_PCD_ResetCallback  usbd_conf.o
    0x08007064   0x08007064   0x0000000e   Code   RO         2118    i.HAL_PCD_ResumeCallback  usbd_conf.o
    0x08007072   0x08007072   0x0000000e   Code   RO         2119    i.HAL_PCD_SOFCallback  usbd_conf.o
    0x08007080   0x08007080   0x00000036   Code   RO         2460    i.HAL_PCD_SetAddress  stm32h7xx_hal_pcd.o
    0x080070b6   0x080070b6   0x00000012   Code   RO         2120    i.HAL_PCD_SetupStageCallback  usbd_conf.o
    0x080070c8   0x080070c8   0x0000004c   Code   RO         2463    i.HAL_PCD_Start     stm32h7xx_hal_pcd.o
    0x08007114   0x08007114   0x00000034   Code   RO         2121    i.HAL_PCD_SuspendCallback  usbd_conf.o
    0x08007148   0x08007148   0x00000060   Code   RO         4226    i.HAL_PWREx_ConfigSupply  stm32h7xx_hal_pwr_ex.o
    0x080071a8   0x080071a8   0x00000014   Code   RO         4243    i.HAL_PWREx_EnableUSBVoltageDetector  stm32h7xx_hal_pwr_ex.o
    0x080071bc   0x080071bc   0x00000024   Code   RO         3168    i.HAL_RCCEx_GetD3PCLK1Freq  stm32h7xx_hal_rcc_ex.o
    0x080071e0   0x080071e0   0x00000230   Code   RO         3169    i.HAL_RCCEx_GetPLL1ClockFreq  stm32h7xx_hal_rcc_ex.o
    0x08007410   0x08007410   0x00000230   Code   RO         3170    i.HAL_RCCEx_GetPLL2ClockFreq  stm32h7xx_hal_rcc_ex.o
    0x08007640   0x08007640   0x00000230   Code   RO         3171    i.HAL_RCCEx_GetPLL3ClockFreq  stm32h7xx_hal_rcc_ex.o
    0x08007870   0x08007870   0x000007ac   Code   RO         3173    i.HAL_RCCEx_GetPeriphCLKFreq  stm32h7xx_hal_rcc_ex.o
    0x0800801c   0x0800801c   0x00000cc8   Code   RO         3177    i.HAL_RCCEx_PeriphCLKConfig  stm32h7xx_hal_rcc_ex.o
    0x08008ce4   0x08008ce4   0x00000320   Code   RO         3053    i.HAL_RCC_ClockConfig  stm32h7xx_hal_rcc.o
    0x08009004   0x08009004   0x0000006c   Code   RO         3057    i.HAL_RCC_GetClockConfig  stm32h7xx_hal_rcc.o
    0x08009070   0x08009070   0x0000004c   Code   RO         3058    i.HAL_RCC_GetHCLKFreq  stm32h7xx_hal_rcc.o
    0x080090bc   0x080090bc   0x00000024   Code   RO         3060    i.HAL_RCC_GetPCLK1Freq  stm32h7xx_hal_rcc.o
    0x080090e0   0x080090e0   0x00000024   Code   RO         3061    i.HAL_RCC_GetPCLK2Freq  stm32h7xx_hal_rcc.o
    0x08009104   0x08009104   0x0000022c   Code   RO         3062    i.HAL_RCC_GetSysClockFreq  stm32h7xx_hal_rcc.o
    0x08009330   0x08009330   0x000000bc   Code   RO         3063    i.HAL_RCC_MCOConfig  stm32h7xx_hal_rcc.o
    0x080093ec   0x080093ec   0x0000075c   Code   RO         3065    i.HAL_RCC_OscConfig  stm32h7xx_hal_rcc.o
    0x08009b48   0x08009b48   0x00000098   Code   RO         8775    i.HAL_RS485Ex_Init  stm32h7xx_hal_uart_ex.o
    0x08009be0   0x08009be0   0x000001b0   Code   RO         6998    i.HAL_SPI_Init      stm32h7xx_hal_spi.o
    0x08009d90   0x08009d90   0x00000250   Code   RO         1501    i.HAL_SPI_MspInit   spi.o
    0x08009fe0   0x08009fe0   0x000002d4   Code   RO         7007    i.HAL_SPI_Transmit  stm32h7xx_hal_spi.o
    0x0800a2b4   0x0800a2b4   0x00000302   Code   RO         7008    i.HAL_SPI_TransmitReceive  stm32h7xx_hal_spi.o
    0x0800a5b6   0x0800a5b6   0x00000002   Code   RO         8048    i.HAL_TIMEx_Break2Callback  stm32h7xx_hal_tim_ex.o
    0x0800a5b8   0x0800a5b8   0x00000002   Code   RO         8049    i.HAL_TIMEx_BreakCallback  stm32h7xx_hal_tim_ex.o
    0x0800a5ba   0x0800a5ba   0x00000002   Code   RO         8050    i.HAL_TIMEx_CommutCallback  stm32h7xx_hal_tim_ex.o
    0x0800a5bc   0x0800a5bc   0x000000e8   Code   RO         8052    i.HAL_TIMEx_ConfigBreakDeadTime  stm32h7xx_hal_tim_ex.o
    0x0800a6a4   0x0800a6a4   0x000000e4   Code   RO         8071    i.HAL_TIMEx_MasterConfigSynchronization  stm32h7xx_hal_tim_ex.o
    0x0800a788   0x0800a788   0x0000006e   Code   RO         7323    i.HAL_TIM_Base_Init  stm32h7xx_hal_tim.o
    0x0800a7f6   0x0800a7f6   0x00000002   Code   RO         7325    i.HAL_TIM_Base_MspInit  stm32h7xx_hal_tim.o
    0x0800a7f8   0x0800a7f8   0x000000cc   Code   RO         7328    i.HAL_TIM_Base_Start_IT  stm32h7xx_hal_tim.o
    0x0800a8c4   0x0800a8c4   0x00000002   Code   RO         7357    i.HAL_TIM_IC_CaptureCallback  stm32h7xx_hal_tim.o
    0x0800a8c6   0x0800a8c6   0x000001b8   Code   RO         7371    i.HAL_TIM_IRQHandler  stm32h7xx_hal_tim.o
    0x0800aa7e   0x0800aa7e   0x00000002   PAD
    0x0800aa80   0x0800aa80   0x00000130   Code   RO         1554    i.HAL_TIM_MspPostInit  tim.o
    0x0800abb0   0x0800abb0   0x00000002   Code   RO         7374    i.HAL_TIM_OC_DelayElapsedCallback  stm32h7xx_hal_tim.o
    0x0800abb2   0x0800abb2   0x00000170   Code   RO         7395    i.HAL_TIM_PWM_ConfigChannel  stm32h7xx_hal_tim.o
    0x0800ad22   0x0800ad22   0x0000006e   Code   RO         7398    i.HAL_TIM_PWM_Init  stm32h7xx_hal_tim.o
    0x0800ad90   0x0800ad90   0x000000b0   Code   RO         1556    i.HAL_TIM_PWM_MspInit  tim.o
    0x0800ae40   0x0800ae40   0x00000002   Code   RO         7401    i.HAL_TIM_PWM_PulseFinishedCallback  stm32h7xx_hal_tim.o
    0x0800ae42   0x0800ae42   0x00000002   PAD
    0x0800ae44   0x0800ae44   0x0000017c   Code   RO         7403    i.HAL_TIM_PWM_Start  stm32h7xx_hal_tim.o
    0x0800afc0   0x0800afc0   0x00000018   Code   RO         1163    i.HAL_TIM_PeriodElapsedCallback  main.o
    0x0800afd8   0x0800afd8   0x00000002   Code   RO         7414    i.HAL_TIM_TriggerCallback  stm32h7xx_hal_tim.o
    0x0800afda   0x0800afda   0x0000004e   Code   RO         8776    i.HAL_UARTEx_DisableFifoMode  stm32h7xx_hal_uart_ex.o
    0x0800b028   0x0800b028   0x00000002   Code   RO         8360    i.HAL_UARTEx_RxEventCallback  stm32h7xx_hal_uart.o
    0x0800b02a   0x0800b02a   0x00000002   Code   RO         8784    i.HAL_UARTEx_RxFifoFullCallback  stm32h7xx_hal_uart_ex.o
    0x0800b02c   0x0800b02c   0x0000005e   Code   RO         8785    i.HAL_UARTEx_SetRxFifoThreshold  stm32h7xx_hal_uart_ex.o
    0x0800b08a   0x0800b08a   0x0000005e   Code   RO         8786    i.HAL_UARTEx_SetTxFifoThreshold  stm32h7xx_hal_uart_ex.o
    0x0800b0e8   0x0800b0e8   0x00000002   Code   RO         8788    i.HAL_UARTEx_TxFifoEmptyCallback  stm32h7xx_hal_uart_ex.o
    0x0800b0ea   0x0800b0ea   0x00000002   Code   RO         8789    i.HAL_UARTEx_WakeupCallback  stm32h7xx_hal_uart_ex.o
    0x0800b0ec   0x0800b0ec   0x00000002   Code   RO         8376    i.HAL_UART_ErrorCallback  stm32h7xx_hal_uart.o
    0x0800b0ee   0x0800b0ee   0x00000002   PAD
    0x0800b0f0   0x0800b0f0   0x00000494   Code   RO         8379    i.HAL_UART_IRQHandler  stm32h7xx_hal_uart.o
    0x0800b584   0x0800b584   0x00000078   Code   RO         8380    i.HAL_UART_Init     stm32h7xx_hal_uart.o
    0x0800b5fc   0x0800b5fc   0x00000340   Code   RO         1621    i.HAL_UART_MspInit  usart.o
    0x0800b93c   0x0800b93c   0x0000005c   Code   RO         8385    i.HAL_UART_Receive_IT  stm32h7xx_hal_uart.o
    0x0800b998   0x0800b998   0x0000009c   Code   RO          935    i.HAL_UART_RxCpltCallback  fun_test_task.o
    0x0800ba34   0x0800ba34   0x000000c2   Code   RO         8389    i.HAL_UART_Transmit  stm32h7xx_hal_uart.o
    0x0800baf6   0x0800baf6   0x00000002   Code   RO         8392    i.HAL_UART_TxCpltCallback  stm32h7xx_hal_uart.o
    0x0800baf8   0x0800baf8   0x00000004   Code   RO         1705    i.HardFault_Handler  stm32h7xx_it.o
    0x0800bafc   0x0800bafc   0x00000188   Code   RO          873    i.ImuTask_Entry     imu_task.o
    0x0800bc84   0x0800bc84   0x0000003e   Code   RO         1944    i.IntToUnicode      usbd_desc.o
    0x0800bcc2   0x0800bcc2   0x00000002   PAD
    0x0800bcc4   0x0800bcc4   0x00000080   Code   RO          747    i.KeyTask_Entry     key_task.o
    0x0800bd44   0x0800bd44   0x00000042   Code   RO          236    i.LCD_Address_Set   lcd.o
    0x0800bd86   0x0800bd86   0x000000ac   Code   RO          237    i.LCD_DrawLine      lcd.o
    0x0800be32   0x0800be32   0x0000001c   Code   RO          238    i.LCD_DrawPoint     lcd.o
    0x0800be4e   0x0800be4e   0x0000004a   Code   RO          240    i.LCD_Fill          lcd.o
    0x0800be98   0x0800be98   0x0000019c   Code   RO          241    i.LCD_Init          lcd.o
    0x0800c034   0x0800c034   0x00000158   Code   RO          242    i.LCD_ShowChar      lcd.o
    0x0800c18c   0x0800c18c   0x0000008c   Code   RO          243    i.LCD_ShowChinese   lcd.o
    0x0800c218   0x0800c218   0x00000148   Code   RO          244    i.LCD_ShowChinese12x12  lcd.o
    0x0800c360   0x0800c360   0x00000138   Code   RO          245    i.LCD_ShowChinese16x16  lcd.o
    0x0800c498   0x0800c498   0x00000148   Code   RO          246    i.LCD_ShowChinese24x24  lcd.o
    0x0800c5e0   0x0800c5e0   0x00000138   Code   RO          247    i.LCD_ShowChinese32x32  lcd.o
    0x0800c718   0x0800c718   0x00000130   Code   RO          248    i.LCD_ShowFloatNum  lcd.o
    0x0800c848   0x0800c848   0x00000066   Code   RO          251    i.LCD_ShowPicture   lcd.o
    0x0800c8ae   0x0800c8ae   0x00000042   Code   RO          252    i.LCD_ShowString    lcd.o
    0x0800c8f0   0x0800c8f0   0x00000012   Code   RO          253    i.LCD_WR_DATA       lcd.o
    0x0800c902   0x0800c902   0x0000000c   Code   RO          254    i.LCD_WR_DATA8      lcd.o
    0x0800c90e   0x0800c90e   0x00000002   PAD
    0x0800c910   0x0800c910   0x00000028   Code   RO          255    i.LCD_WR_REG        lcd.o
    0x0800c938   0x0800c938   0x00000030   Code   RO          256    i.LCD_Writ_Bus      lcd.o
    0x0800c968   0x0800c968   0x00000010   Code   RO         5589    i.LL_ADC_Enable     stm32h7xx_hal_adc.o
    0x0800c978   0x0800c978   0x0000000a   Code   RO         5591    i.LL_ADC_GetMultimode  stm32h7xx_hal_adc.o
    0x0800c982   0x0800c982   0x00000012   Code   RO         5592    i.LL_ADC_GetOffsetChannel  stm32h7xx_hal_adc.o
    0x0800c994   0x0800c994   0x0000000a   Code   RO         5593    i.LL_ADC_INJ_IsConversionOngoing  stm32h7xx_hal_adc.o
    0x0800c99e   0x0800c99e   0x0000000a   Code   RO         5594    i.LL_ADC_IsDisableOngoing  stm32h7xx_hal_adc.o
    0x0800c9a8   0x0800c9a8   0x0000000a   Code   RO         5595    i.LL_ADC_IsEnabled  stm32h7xx_hal_adc.o
    0x0800c9b2   0x0800c9b2   0x0000000a   Code   RO         5869    i.LL_ADC_IsEnabled  stm32h7xx_hal_adc_ex.o
    0x0800c9bc   0x0800c9bc   0x0000000a   Code   RO         5596    i.LL_ADC_IsInternalRegulatorEnabled  stm32h7xx_hal_adc.o
    0x0800c9c6   0x0800c9c6   0x0000000a   Code   RO         5597    i.LL_ADC_REG_IsConversionOngoing  stm32h7xx_hal_adc.o
    0x0800c9d0   0x0800c9d0   0x0000000a   Code   RO         5870    i.LL_ADC_REG_IsConversionOngoing  stm32h7xx_hal_adc_ex.o
    0x0800c9da   0x0800c9da   0x00000012   Code   RO         5598    i.LL_ADC_REG_IsTriggerSourceSWStart  stm32h7xx_hal_adc.o
    0x0800c9ec   0x0800c9ec   0x00000010   Code   RO         5599    i.LL_ADC_REG_StartConversion  stm32h7xx_hal_adc.o
    0x0800c9fc   0x0800c9fc   0x00000028   Code   RO         5601    i.LL_ADC_SetChannelSamplingTime  stm32h7xx_hal_adc.o
    0x0800ca24   0x0800ca24   0x0000000c   Code   RO         5602    i.LL_ADC_SetCommonPathInternalCh  stm32h7xx_hal_adc.o
    0x0800ca30   0x0800ca30   0x00000030   Code   RO         5603    i.LL_ADC_SetOffsetState  stm32h7xx_hal_adc.o
    0x0800ca60   0x0800ca60   0x000000c8   Code   RO          827    i.LcdTask_Entry     lcd_task.o
    0x0800cb28   0x0800cb28   0x0000000a   Code   RO          983    i.LogicTask_Entry   logic_task.o
    0x0800cb32   0x0800cb32   0x00000002   PAD
    0x0800cb34   0x0800cb34   0x000000c4   Code   RO         1339    i.MX_ADC1_Init      adc.o
    0x0800cbf8   0x0800cbf8   0x00000034   Code   RO         1379    i.MX_DMA_Init       dma.o
    0x0800cc2c   0x0800cc2c   0x0000007c   Code   RO         1405    i.MX_FDCAN1_Init    fdcan.o
    0x0800cca8   0x0800cca8   0x0000007c   Code   RO         1406    i.MX_FDCAN2_Init    fdcan.o
    0x0800cd24   0x0800cd24   0x0000007c   Code   RO         1407    i.MX_FDCAN3_Init    fdcan.o
    0x0800cda0   0x0800cda0   0x00000154   Code   RO         1255    i.MX_FREERTOS_Init  freertos.o
    0x0800cef4   0x0800cef4   0x000001d8   Code   RO         1229    i.MX_GPIO_Init      gpio.o
    0x0800d0cc   0x0800d0cc   0x000000a4   Code   RO         1460    i.MX_OCTOSPI2_Init  octospi.o
    0x0800d170   0x0800d170   0x00000064   Code   RO         1502    i.MX_SPI1_Init      spi.o
    0x0800d1d4   0x0800d1d4   0x00000064   Code   RO         1503    i.MX_SPI2_Init      spi.o
    0x0800d238   0x0800d238   0x00000064   Code   RO         1504    i.MX_SPI6_Init      spi.o
    0x0800d29c   0x0800d29c   0x0000007c   Code   RO         1557    i.MX_TIM12_Init     tim.o
    0x0800d318   0x0800d318   0x000000d4   Code   RO         1558    i.MX_TIM1_Init      tim.o
    0x0800d3ec   0x0800d3ec   0x00000090   Code   RO         1559    i.MX_TIM2_Init      tim.o
    0x0800d47c   0x0800d47c   0x00000080   Code   RO         1560    i.MX_TIM3_Init      tim.o
    0x0800d4fc   0x0800d4fc   0x0000006c   Code   RO         1622    i.MX_UART7_Init     usart.o
    0x0800d568   0x0800d568   0x0000006c   Code   RO         1623    i.MX_USART10_UART_Init  usart.o
    0x0800d5d4   0x0800d5d4   0x0000006c   Code   RO         1624    i.MX_USART1_UART_Init  usart.o
    0x0800d640   0x0800d640   0x00000070   Code   RO         1625    i.MX_USART2_UART_Init  usart.o
    0x0800d6b0   0x0800d6b0   0x00000070   Code   RO         1626    i.MX_USART3_UART_Init  usart.o
    0x0800d720   0x0800d720   0x00000050   Code   RO         1908    i.MX_USB_DEVICE_Init  usb_device.o
    0x0800d770   0x0800d770   0x000002f8   Code   RO         2318    i.MahonyAHRSupdateIMU  mahonyahrs.o
    0x0800da68   0x0800da68   0x00000004   Code   RO         1706    i.MemManage_Handler  stm32h7xx_it.o
    0x0800da6c   0x0800da6c   0x0000000a   Code   RO          995    i.MoveTask_Entry    move_task.o
    0x0800da76   0x0800da76   0x00000004   Code   RO         1707    i.NMI_Handler       stm32h7xx_it.o
    0x0800da7a   0x0800da7a   0x00000002   PAD
    0x0800da7c   0x0800da7c   0x000000e8   Code   RO         6759    i.OSPIM_GetConfig   stm32h7xx_hal_ospi.o
    0x0800db64   0x0800db64   0x0000004c   Code   RO         6764    i.OSPI_WaitFlagStateUntilTimeout  stm32h7xx_hal_ospi.o
    0x0800dbb0   0x0800dbb0   0x00000010   Code   RO         1708    i.OTG_HS_IRQHandler  stm32h7xx_it.o
    0x0800dbc0   0x0800dbc0   0x0000000a   Code   RO         1007    i.OrderTask_Entry   order_task.o
    0x0800dbca   0x0800dbca   0x00000002   PAD
    0x0800dbcc   0x0800dbcc   0x00000064   Code   RO         2466    i.PCD_EP_OutSetupPacket_int  stm32h7xx_hal_pcd.o
    0x0800dc30   0x0800dc30   0x00000144   Code   RO         2467    i.PCD_EP_OutXfrComplete_int  stm32h7xx_hal_pcd.o
    0x0800dd74   0x0800dd74   0x000000b6   Code   RO         2468    i.PCD_WriteEmptyTxFifo  stm32h7xx_hal_pcd.o
    0x0800de2a   0x0800de2a   0x00000002   PAD
    0x0800de2c   0x0800de2c   0x00000164   Code   RO         3180    i.RCCEx_PLL2_Config  stm32h7xx_hal_rcc_ex.o
    0x0800df90   0x0800df90   0x00000164   Code   RO         3181    i.RCCEx_PLL3_Config  stm32h7xx_hal_rcc_ex.o
    0x0800e0f4   0x0800e0f4   0x000000d6   Code   RO         7018    i.SPI_CloseTransfer  stm32h7xx_hal_spi.o
    0x0800e1ca   0x0800e1ca   0x0000001a   Code   RO         7029    i.SPI_GetPacketSize  stm32h7xx_hal_spi.o
    0x0800e1e4   0x0800e1e4   0x00000042   Code   RO         7036    i.SPI_WaitOnFlagUntilTimeout  stm32h7xx_hal_spi.o
    0x0800e226   0x0800e226   0x00000012   Code   RO        10750    i.SWAPBYTE          usbd_ctlreq.o
    0x0800e238   0x0800e238   0x0000000e   Code   RO         1258    i.StartDefaultTask  freertos.o
    0x0800e246   0x0800e246   0x00000002   PAD
    0x0800e248   0x0800e248   0x00000034   Code   RO        10505    i.SysTick_Handler   port.o
    0x0800e27c   0x0800e27c   0x000000d0   Code   RO         1165    i.SystemClock_Config  main.o
    0x0800e34c   0x0800e34c   0x000000e0   Code   RO         8900    i.SystemInit        system_stm32h7xx.o
    0x0800e42c   0x0800e42c   0x00000010   Code   RO         1709    i.TIM23_IRQHandler  stm32h7xx_it.o
    0x0800e43c   0x0800e43c   0x000000e0   Code   RO         7416    i.TIM_Base_SetConfig  stm32h7xx_hal_tim.o
    0x0800e51c   0x0800e51c   0x00000022   Code   RO         7417    i.TIM_CCxChannelCmd  stm32h7xx_hal_tim.o
    0x0800e53e   0x0800e53e   0x00000002   PAD
    0x0800e540   0x0800e540   0x000000ac   Code   RO         7429    i.TIM_OC1_SetConfig  stm32h7xx_hal_tim.o
    0x0800e5ec   0x0800e5ec   0x000000b4   Code   RO         7430    i.TIM_OC2_SetConfig  stm32h7xx_hal_tim.o
    0x0800e6a0   0x0800e6a0   0x000000b4   Code   RO         7431    i.TIM_OC3_SetConfig  stm32h7xx_hal_tim.o
    0x0800e754   0x0800e754   0x00000074   Code   RO         7432    i.TIM_OC4_SetConfig  stm32h7xx_hal_tim.o
    0x0800e7c8   0x0800e7c8   0x00000070   Code   RO         7433    i.TIM_OC5_SetConfig  stm32h7xx_hal_tim.o
    0x0800e838   0x0800e838   0x00000070   Code   RO         7434    i.TIM_OC6_SetConfig  stm32h7xx_hal_tim.o
    0x0800e8a8   0x0800e8a8   0x00000010   Code   RO         1710    i.UART7_IRQHandler  stm32h7xx_it.o
    0x0800e8b8   0x0800e8b8   0x00000058   Code   RO         8790    i.UARTEx_SetNbDataToProcess  stm32h7xx_hal_uart_ex.o
    0x0800e910   0x0800e910   0x000000f8   Code   RO         8394    i.UART_AdvFeatureConfig  stm32h7xx_hal_uart.o
    0x0800ea08   0x0800ea08   0x000000ea   Code   RO         8395    i.UART_CheckIdleState  stm32h7xx_hal_uart.o
    0x0800eaf2   0x0800eaf2   0x00000018   Code   RO         8396    i.UART_DMAAbortOnError  stm32h7xx_hal_uart.o
    0x0800eb0a   0x0800eb0a   0x00000002   PAD
    0x0800eb0c   0x0800eb0c   0x0000006c   Code   RO         8406    i.UART_EndRxTransfer  stm32h7xx_hal_uart.o
    0x0800eb78   0x0800eb78   0x00000030   Code   RO         8407    i.UART_EndTransmit_IT  stm32h7xx_hal_uart.o
    0x0800eba8   0x0800eba8   0x00000104   Code   RO         8409    i.UART_RxISR_16BIT  stm32h7xx_hal_uart.o
    0x0800ecac   0x0800ecac   0x000001fc   Code   RO         8410    i.UART_RxISR_16BIT_FIFOEN  stm32h7xx_hal_uart.o
    0x0800eea8   0x0800eea8   0x00000104   Code   RO         8411    i.UART_RxISR_8BIT   stm32h7xx_hal_uart.o
    0x0800efac   0x0800efac   0x000001f8   Code   RO         8412    i.UART_RxISR_8BIT_FIFOEN  stm32h7xx_hal_uart.o
    0x0800f1a4   0x0800f1a4   0x00000628   Code   RO         8413    i.UART_SetConfig    stm32h7xx_hal_uart.o
    0x0800f7cc   0x0800f7cc   0x0000015c   Code   RO         8415    i.UART_Start_Receive_IT  stm32h7xx_hal_uart.o
    0x0800f928   0x0800f928   0x000000a2   Code   RO         8420    i.UART_WaitOnFlagUntilTimeout  stm32h7xx_hal_uart.o
    0x0800f9ca   0x0800f9ca   0x00000002   PAD
    0x0800f9cc   0x0800f9cc   0x00000010   Code   RO         1711    i.USART10_IRQHandler  stm32h7xx_it.o
    0x0800f9dc   0x0800f9dc   0x00000010   Code   RO         1712    i.USART1_IRQHandler  stm32h7xx_it.o
    0x0800f9ec   0x0800f9ec   0x00000010   Code   RO         1713    i.USART2_IRQHandler  stm32h7xx_it.o
    0x0800f9fc   0x0800f9fc   0x00000010   Code   RO         1714    i.USART3_IRQHandler  stm32h7xx_it.o
    0x0800fa0c   0x0800fa0c   0x000000c4   Code   RO        10921    i.USBD_CDC_DataIn   usbd_cdc.o
    0x0800fad0   0x0800fad0   0x00000048   Code   RO        10922    i.USBD_CDC_DataOut  usbd_cdc.o
    0x0800fb18   0x0800fb18   0x000000d4   Code   RO        10923    i.USBD_CDC_DeInit   usbd_cdc.o
    0x0800fbec   0x0800fbec   0x00000050   Code   RO        10924    i.USBD_CDC_EP0_RxReady  usbd_cdc.o
    0x0800fc3c   0x0800fc3c   0x00000010   Code   RO        10925    i.USBD_CDC_GetDeviceQualifierDescriptor  usbd_cdc.o
    0x0800fc4c   0x0800fc4c   0x00000044   Code   RO        10926    i.USBD_CDC_GetFSCfgDesc  usbd_cdc.o
    0x0800fc90   0x0800fc90   0x00000048   Code   RO        10927    i.USBD_CDC_GetHSCfgDesc  usbd_cdc.o
    0x0800fcd8   0x0800fcd8   0x00000044   Code   RO        10928    i.USBD_CDC_GetOtherSpeedCfgDesc  usbd_cdc.o
    0x0800fd1c   0x0800fd1c   0x000001a0   Code   RO        10929    i.USBD_CDC_Init     usbd_cdc.o
    0x0800febc   0x0800febc   0x00000050   Code   RO        10930    i.USBD_CDC_ReceivePacket  usbd_cdc.o
    0x0800ff0c   0x0800ff0c   0x00000018   Code   RO        10931    i.USBD_CDC_RegisterInterface  usbd_cdc.o
    0x0800ff24   0x0800ff24   0x0000001e   Code   RO        10932    i.USBD_CDC_SetRxBuffer  usbd_cdc.o
    0x0800ff42   0x0800ff42   0x00000024   Code   RO        10933    i.USBD_CDC_SetTxBuffer  usbd_cdc.o
    0x0800ff66   0x0800ff66   0x00000140   Code   RO        10934    i.USBD_CDC_Setup    usbd_cdc.o
    0x080100a6   0x080100a6   0x00000002   PAD
    0x080100a8   0x080100a8   0x0000005c   Code   RO        10935    i.USBD_CDC_TransmitPacket  usbd_cdc.o
    0x08010104   0x08010104   0x0000001c   Code   RO        10584    i.USBD_ClrClassConfig  usbd_core.o
    0x08010120   0x08010120   0x0000003e   Code   RO        10751    i.USBD_ClrFeature   usbd_ctlreq.o
    0x0801015e   0x0801015e   0x00000006   Code   RO        10585    i.USBD_CoreFindEP   usbd_core.o
    0x08010164   0x08010164   0x00000006   Code   RO        10586    i.USBD_CoreFindIF   usbd_core.o
    0x0801016a   0x0801016a   0x00000018   Code   RO        10857    i.USBD_CtlContinueRx  usbd_ioreq.o
    0x08010182   0x08010182   0x00000018   Code   RO        10858    i.USBD_CtlContinueSendData  usbd_ioreq.o
    0x0801019a   0x0801019a   0x00000018   Code   RO        10752    i.USBD_CtlError     usbd_ctlreq.o
    0x080101b2   0x080101b2   0x00000028   Code   RO        10859    i.USBD_CtlPrepareRx  usbd_ioreq.o
    0x080101da   0x080101da   0x0000001a   Code   RO        10860    i.USBD_CtlReceiveStatus  usbd_ioreq.o
    0x080101f4   0x080101f4   0x00000022   Code   RO        10861    i.USBD_CtlSendData  usbd_ioreq.o
    0x08010216   0x08010216   0x0000001a   Code   RO        10862    i.USBD_CtlSendStatus  usbd_ioreq.o
    0x08010230   0x08010230   0x00000056   Code   RO        10753    i.USBD_GetConfig    usbd_ctlreq.o
    0x08010286   0x08010286   0x00000232   Code   RO        10754    i.USBD_GetDescriptor  usbd_ctlreq.o
    0x080104b8   0x080104b8   0x00000050   Code   RO        10588    i.USBD_GetEpDesc    usbd_core.o
    0x08010508   0x08010508   0x00000016   Code   RO        10755    i.USBD_GetLen       usbd_ctlreq.o
    0x0801051e   0x0801051e   0x00000014   Code   RO        10589    i.USBD_GetNextDesc  usbd_core.o
    0x08010532   0x08010532   0x0000005a   Code   RO        10756    i.USBD_GetStatus    usbd_ctlreq.o
    0x0801058c   0x0801058c   0x00000054   Code   RO        10757    i.USBD_GetString    usbd_ctlreq.o
    0x080105e0   0x080105e0   0x0000002c   Code   RO         2122    i.USBD_Get_USB_Status  usbd_conf.o
    0x0801060c   0x0801060c   0x00000034   Code   RO         1945    i.USBD_HS_ConfigStrDescriptor  usbd_desc.o
    0x08010640   0x08010640   0x00000010   Code   RO         1946    i.USBD_HS_DeviceDescriptor  usbd_desc.o
    0x08010650   0x08010650   0x00000038   Code   RO         1947    i.USBD_HS_InterfaceStrDescriptor  usbd_desc.o
    0x08010688   0x08010688   0x00000010   Code   RO         1948    i.USBD_HS_LangIDStrDescriptor  usbd_desc.o
    0x08010698   0x08010698   0x0000002c   Code   RO         1949    i.USBD_HS_ManufacturerStrDescriptor  usbd_desc.o
    0x080106c4   0x080106c4   0x00000040   Code   RO         1950    i.USBD_HS_ProductStrDescriptor  usbd_desc.o
    0x08010704   0x08010704   0x00000018   Code   RO         1951    i.USBD_HS_SerialStrDescriptor  usbd_desc.o
    0x0801071c   0x0801071c   0x0000003a   Code   RO        10590    i.USBD_Init         usbd_core.o
    0x08010756   0x08010756   0x00000026   Code   RO         2123    i.USBD_LL_ClearStallEP  usbd_conf.o
    0x0801077c   0x0801077c   0x00000026   Code   RO         2124    i.USBD_LL_CloseEP   usbd_conf.o
    0x080107a2   0x080107a2   0x00000108   Code   RO        10591    i.USBD_LL_DataInStage  usbd_core.o
    0x080108aa   0x080108aa   0x00000102   Code   RO        10592    i.USBD_LL_DataOutStage  usbd_core.o
    0x080109ac   0x080109ac   0x00000006   Code   RO        10593    i.USBD_LL_DevConnected  usbd_core.o
    0x080109b2   0x080109b2   0x00000026   Code   RO        10594    i.USBD_LL_DevDisconnected  usbd_core.o
    0x080109d8   0x080109d8   0x00000012   Code   RO         2128    i.USBD_LL_GetRxDataSize  usbd_conf.o
    0x080109ea   0x080109ea   0x00000002   PAD
    0x080109ec   0x080109ec   0x00000070   Code   RO         2129    i.USBD_LL_Init      usbd_conf.o
    0x08010a5c   0x08010a5c   0x00000038   Code   RO         2130    i.USBD_LL_IsStallEP  usbd_conf.o
    0x08010a94   0x08010a94   0x00000048   Code   RO        10595    i.USBD_LL_IsoINIncomplete  usbd_core.o
    0x08010adc   0x08010adc   0x00000048   Code   RO        10596    i.USBD_LL_IsoOUTIncomplete  usbd_core.o
    0x08010b24   0x08010b24   0x00000030   Code   RO         2131    i.USBD_LL_OpenEP    usbd_conf.o
    0x08010b54   0x08010b54   0x00000030   Code   RO         2132    i.USBD_LL_PrepareReceive  usbd_conf.o
    0x08010b84   0x08010b84   0x0000006c   Code   RO        10597    i.USBD_LL_Reset     usbd_core.o
    0x08010bf0   0x08010bf0   0x00000016   Code   RO        10598    i.USBD_LL_Resume    usbd_core.o
    0x08010c06   0x08010c06   0x00000028   Code   RO        10599    i.USBD_LL_SOF       usbd_core.o
    0x08010c2e   0x08010c2e   0x00000008   Code   RO        10600    i.USBD_LL_SetSpeed  usbd_core.o
    0x08010c36   0x08010c36   0x00000026   Code   RO         2133    i.USBD_LL_SetUSBAddress  usbd_conf.o
    0x08010c5c   0x08010c5c   0x00000076   Code   RO        10601    i.USBD_LL_SetupStage  usbd_core.o
    0x08010cd2   0x08010cd2   0x00000026   Code   RO         2134    i.USBD_LL_StallEP   usbd_conf.o
    0x08010cf8   0x08010cf8   0x0000001e   Code   RO         2135    i.USBD_LL_Start     usbd_conf.o
    0x08010d16   0x08010d16   0x0000001c   Code   RO        10602    i.USBD_LL_Suspend   usbd_core.o
    0x08010d32   0x08010d32   0x00000030   Code   RO         2137    i.USBD_LL_Transmit  usbd_conf.o
    0x08010d62   0x08010d62   0x00000036   Code   RO        10758    i.USBD_ParseSetupRequest  usbd_ctlreq.o
    0x08010d98   0x08010d98   0x00000048   Code   RO        10603    i.USBD_RegisterClass  usbd_core.o
    0x08010de0   0x08010de0   0x00000006   Code   RO        10604    i.USBD_RunTestMode  usbd_core.o
    0x08010de6   0x08010de6   0x0000005a   Code   RO        10759    i.USBD_SetAddress   usbd_ctlreq.o
    0x08010e40   0x08010e40   0x00000020   Code   RO        10605    i.USBD_SetClassConfig  usbd_core.o
    0x08010e60   0x08010e60   0x00000104   Code   RO        10760    i.USBD_SetConfig    usbd_ctlreq.o
    0x08010f64   0x08010f64   0x00000038   Code   RO        10761    i.USBD_SetFeature   usbd_ctlreq.o
    0x08010f9c   0x08010f9c   0x0000000c   Code   RO        10606    i.USBD_Start        usbd_core.o
    0x08010fa8   0x08010fa8   0x000000ae   Code   RO        10762    i.USBD_StdDevReq    usbd_ctlreq.o
    0x08011056   0x08011056   0x00000280   Code   RO        10763    i.USBD_StdEPReq     usbd_ctlreq.o
    0x080112d6   0x080112d6   0x000000ae   Code   RO        10764    i.USBD_StdItfReq    usbd_ctlreq.o
    0x08011384   0x08011384   0x00000002   Code   RO         2138    i.USBD_static_free  usbd_conf.o
    0x08011386   0x08011386   0x00000002   PAD
    0x08011388   0x08011388   0x0000000c   Code   RO         2139    i.USBD_static_malloc  usbd_conf.o
    0x08011394   0x08011394   0x000000d0   Code   RO         2742    i.USB_ActivateEndpoint  stm32h7xx_ll_usb.o
    0x08011464   0x08011464   0x00000028   Code   RO         2744    i.USB_ActivateSetup  stm32h7xx_ll_usb.o
    0x0801148c   0x0801148c   0x00000098   Code   RO         2746    i.USB_CoreInit      stm32h7xx_ll_usb.o
    0x08011524   0x08011524   0x00000058   Code   RO         2747    i.USB_CoreReset     stm32h7xx_ll_usb.o
    0x0801157c   0x0801157c   0x0000014c   Code   RO         2750    i.USB_DeactivateEndpoint  stm32h7xx_ll_usb.o
    0x080116c8   0x080116c8   0x00000024   Code   RO         2751    i.USB_DevConnect    stm32h7xx_ll_usb.o
    0x080116ec   0x080116ec   0x00000024   Code   RO         2752    i.USB_DevDisconnect  stm32h7xx_ll_usb.o
    0x08011710   0x08011710   0x000001d8   Code   RO         2753    i.USB_DevInit       stm32h7xx_ll_usb.o
    0x080118e8   0x080118e8   0x0000000e   Code   RO         2754    i.USB_DisableGlobalInt  stm32h7xx_ll_usb.o
    0x080118f6   0x080118f6   0x00000002   PAD
    0x080118f8   0x080118f8   0x00000070   Code   RO         2757    i.USB_EP0_OutStart  stm32h7xx_ll_usb.o
    0x08011968   0x08011968   0x0000008e   Code   RO         2758    i.USB_EPClearStall  stm32h7xx_ll_usb.o
    0x080119f6   0x080119f6   0x0000009a   Code   RO         2759    i.USB_EPSetStall    stm32h7xx_ll_usb.o
    0x08011a90   0x08011a90   0x000003b4   Code   RO         2760    i.USB_EPStartXfer   stm32h7xx_ll_usb.o
    0x08011e44   0x08011e44   0x000000ec   Code   RO         2761    i.USB_EPStopXfer    stm32h7xx_ll_usb.o
    0x08011f30   0x08011f30   0x0000000e   Code   RO         2762    i.USB_EnableGlobalInt  stm32h7xx_ll_usb.o
    0x08011f3e   0x08011f3e   0x00000002   PAD
    0x08011f40   0x08011f40   0x00000054   Code   RO         2763    i.USB_FlushRxFifo   stm32h7xx_ll_usb.o
    0x08011f94   0x08011f94   0x00000058   Code   RO         2764    i.USB_FlushTxFifo   stm32h7xx_ll_usb.o
    0x08011fec   0x08011fec   0x00000026   Code   RO         2766    i.USB_GetDevSpeed   stm32h7xx_ll_usb.o
    0x08012012   0x08012012   0x0000000a   Code   RO         2768    i.USB_GetMode       stm32h7xx_ll_usb.o
    0x0801201c   0x0801201c   0x00000014   Code   RO         2776    i.USB_ReadDevAllInEpInterrupt  stm32h7xx_ll_usb.o
    0x08012030   0x08012030   0x00000014   Code   RO         2777    i.USB_ReadDevAllOutEpInterrupt  stm32h7xx_ll_usb.o
    0x08012044   0x08012044   0x00000032   Code   RO         2778    i.USB_ReadDevInEPInterrupt  stm32h7xx_ll_usb.o
    0x08012076   0x08012076   0x0000001a   Code   RO         2779    i.USB_ReadDevOutEPInterrupt  stm32h7xx_ll_usb.o
    0x08012090   0x08012090   0x0000000a   Code   RO         2780    i.USB_ReadInterrupts  stm32h7xx_ll_usb.o
    0x0801209a   0x0801209a   0x00000060   Code   RO         2781    i.USB_ReadPacket    stm32h7xx_ll_usb.o
    0x080120fa   0x080120fa   0x00000068   Code   RO         2783    i.USB_SetCurrentMode  stm32h7xx_ll_usb.o
    0x08012162   0x08012162   0x0000002a   Code   RO         2784    i.USB_SetDevAddress  stm32h7xx_ll_usb.o
    0x0801218c   0x0801218c   0x00000012   Code   RO         2785    i.USB_SetDevSpeed   stm32h7xx_ll_usb.o
    0x0801219e   0x0801219e   0x00000002   PAD
    0x080121a0   0x080121a0   0x000000e8   Code   RO         2786    i.USB_SetTurnaroundTime  stm32h7xx_ll_usb.o
    0x08012288   0x08012288   0x00000044   Code   RO         2789    i.USB_WritePacket   stm32h7xx_ll_usb.o
    0x080122cc   0x080122cc   0x0000004a   Code   RO         1022    i.USB_date_deal_CB  usb_date_task.o
    0x08012316   0x08012316   0x0000004a   Code   RO         1023    i.USB_date_deal_CR  usb_date_task.o
    0x08012360   0x08012360   0x0000003c   Code   RO         1024    i.USB_date_deal_QR  usb_date_task.o
    0x0801239c   0x0801239c   0x00000004   Code   RO         1715    i.UsageFault_Handler  stm32h7xx_it.o
    0x080123a0   0x080123a0   0x000000b8   Code   RO         1025    i.UsbDataTask_Entry  usb_date_task.o
    0x08012458   0x08012458   0x0000000a   Code   RO         1062    i.VisualTask_Entry  visual_task.o
    0x08012462   0x08012462   0x00000002   PAD
    0x08012464   0x08012464   0x000000b0   Code   RO          404    i.WS2812_Ctrl       ws2812.o
    0x08012514   0x08012514   0x00000026   Code   RO        11368    i.__ARM_fpclassifyf  m_wv.l(fpclassifyf.o)
    0x0801253a   0x0801253a   0x00000002   PAD
    0x0801253c   0x0801253c   0x00000010   Code   RO         4486    i.__NVIC_GetPriorityGrouping  stm32h7xx_hal_cortex.o
    0x0801254c   0x0801254c   0x00000028   Code   RO         4487    i.__NVIC_SetPriority  stm32h7xx_hal_cortex.o
    0x08012574   0x08012574   0x00000138   Code   RO        11027    i.__hardfp_asinf    m_wv.l(asinf.o)
    0x080126ac   0x080126ac   0x00000258   Code   RO        11039    i.__hardfp_atan2f   m_wv.l(atan2f.o)
    0x08012904   0x08012904   0x00000006   Code   RO        11371    i.__mathlib_flt_infnan  m_wv.l(funder.o)
    0x0801290a   0x0801290a   0x00000006   Code   RO        11372    i.__mathlib_flt_infnan2  m_wv.l(funder.o)
    0x08012910   0x08012910   0x00000010   Code   RO        11373    i.__mathlib_flt_invalid  m_wv.l(funder.o)
    0x08012920   0x08012920   0x00000010   Code   RO        11376    i.__mathlib_flt_underflow  m_wv.l(funder.o)
    0x08012930   0x08012930   0x0000000e   Code   RO        11464    i.__scatterload_copy  mc_w.l(handlers.o)
    0x0801293e   0x0801293e   0x00000002   Code   RO        11465    i.__scatterload_null  mc_w.l(handlers.o)
    0x08012940   0x08012940   0x0000000e   Code   RO        11466    i.__scatterload_zeroinit  mc_w.l(handlers.o)
    0x0801294e   0x0801294e   0x00000002   PAD
    0x08012950   0x08012950   0x0000000c   Code   RO        11430    i.__set_errno       mc_w.l(errno.o)
    0x0801295c   0x0801295c   0x00000128   Code   RO          437    i.bmi088_accel_init  bmi088driver.o
    0x08012a84   0x08012a84   0x000000f4   Code   RO          438    i.bmi088_gyro_init  bmi088driver.o
    0x08012b78   0x08012b78   0x00000044   Code   RO          575    i.can_bsp_init      can_bsp.o
    0x08012bbc   0x08012bbc   0x00000038   Code   RO          576    i.can_filter_init   can_bsp.o
    0x08012bf4   0x08012bf4   0x00000014   Code   RO          577    i.fdcan1_rx_callback  can_bsp.o
    0x08012c08   0x08012c08   0x00000014   Code   RO          578    i.fdcan2_rx_callback  can_bsp.o
    0x08012c1c   0x08012c1c   0x00000014   Code   RO          579    i.fdcan3_rx_callback  can_bsp.o
    0x08012c30   0x08012c30   0x00000024   Code   RO          580    i.fdcanx_receive    can_bsp.o
    0x08012c54   0x08012c54   0x0000003a   Code   RO          581    i.fdcanx_send_data  can_bsp.o
    0x08012c8e   0x08012c8e   0x00000002   PAD
    0x08012c90   0x08012c90   0x0000003c   Code   RO         2319    i.invSqrt           mahonyahrs.o
    0x08012ccc   0x08012ccc   0x00000060   Code   RO         1166    i.main              main.o
    0x08012d2c   0x08012d2c   0x0000000e   Code   RO        10070    i.makeFreeRtosPriority  cmsis_os.o
    0x08012d3a   0x08012d3a   0x00000016   Code   RO          257    i.mypow             lcd.o
    0x08012d50   0x08012d50   0x00000018   Code   RO        10072    i.osDelay           cmsis_os.o
    0x08012d68   0x08012d68   0x0000000a   Code   RO        10075    i.osKernelStart     cmsis_os.o
    0x08012d72   0x08012d72   0x0000005e   Code   RO        10109    i.osThreadCreate    cmsis_os.o
    0x08012dd0   0x08012dd0   0x00000098   Code   RO         9514    i.prvAddCurrentTaskToDelayedList  tasks.o
    0x08012e68   0x08012e68   0x000000b8   Code   RO         9515    i.prvAddNewTaskToReadyList  tasks.o
    0x08012f20   0x08012f20   0x00000074   Code   RO         9890    i.prvCheckForValidListAndQueue  timers.o
    0x08012f94   0x08012f94   0x00000048   Code   RO         9516    i.prvCheckTasksWaitingTermination  tasks.o
    0x08012fdc   0x08012fdc   0x0000002a   Code   RO         9101    i.prvCopyDataFromQueue  queue.o
    0x08013006   0x08013006   0x0000007e   Code   RO         9102    i.prvCopyDataToQueue  queue.o
    0x08013084   0x08013084   0x00000050   Code   RO         9517    i.prvDeleteTCB      tasks.o
    0x080130d4   0x080130d4   0x00000014   Code   RO         9103    i.prvGetDisinheritPriorityAfterTimeout  queue.o
    0x080130e8   0x080130e8   0x00000028   Code   RO         9891    i.prvGetNextExpireTime  timers.o
    0x08013110   0x08013110   0x0000007c   Code   RO        10449    i.prvHeapInit       heap_4.o
    0x0801318c   0x0801318c   0x00000028   Code   RO         9518    i.prvIdleTask       tasks.o
    0x080131b4   0x080131b4   0x0000002a   Code   RO         9105    i.prvInitialiseNewQueue  queue.o
    0x080131de   0x080131de   0x000000be   Code   RO         9519    i.prvInitialiseNewTask  tasks.o
    0x0801329c   0x0801329c   0x00000068   Code   RO         9520    i.prvInitialiseTaskLists  tasks.o
    0x08013304   0x08013304   0x00000068   Code   RO        10450    i.prvInsertBlockIntoFreeList  heap_4.o
    0x0801336c   0x0801336c   0x00000058   Code   RO         9893    i.prvInsertTimerInActiveList  timers.o
    0x080133c4   0x080133c4   0x0000001a   Code   RO         9106    i.prvIsQueueEmpty   queue.o
    0x080133de   0x080133de   0x0000001e   Code   RO         9107    i.prvIsQueueFull    queue.o
    0x080133fc   0x080133fc   0x00000074   Code   RO         9894    i.prvProcessExpiredTimer  timers.o
    0x08013470   0x08013470   0x00000164   Code   RO         9895    i.prvProcessReceivedCommands  timers.o
    0x080135d4   0x080135d4   0x00000074   Code   RO         9896    i.prvProcessTimerOrBlockTask  timers.o
    0x08013648   0x08013648   0x00000034   Code   RO         9522    i.prvResetNextTaskUnblockTime  tasks.o
    0x0801367c   0x0801367c   0x0000002c   Code   RO         9897    i.prvSampleTimeNow  timers.o
    0x080136a8   0x080136a8   0x000000a4   Code   RO         9898    i.prvSwitchTimerLists  timers.o
    0x0801374c   0x0801374c   0x00000040   Code   RO        10506    i.prvTaskExitError  port.o
    0x0801378c   0x0801378c   0x0000001a   Code   RO         9899    i.prvTimerTask      timers.o
    0x080137a6   0x080137a6   0x0000007e   Code   RO         9108    i.prvUnlockQueue    queue.o
    0x08013824   0x08013824   0x0000014c   Code   RO        10451    i.pvPortMalloc      heap_4.o
    0x08013970   0x08013970   0x00000020   Code   RO         9525    i.pvTaskIncrementMutexHeldCount  tasks.o
    0x08013990   0x08013990   0x0000002c   Code   RO        10507    i.pxPortInitialiseStack  port.o
    0x080139bc   0x080139bc   0x0000003e   Code   RO        11397    i.sqrtf             m_wv.l(sqrtf.o)
    0x080139fa   0x080139fa   0x00000028   Code   RO         9061    i.uxListRemove      list.o
    0x08013a22   0x08013a22   0x00000002   PAD
    0x08013a24   0x08013a24   0x00000018   Code   RO         1261    i.vApplicationGetIdleTaskMemory  freertos.o
    0x08013a3c   0x08013a3c   0x00000018   Code   RO         1262    i.vApplicationGetTimerTaskMemory  freertos.o
    0x08013a54   0x08013a54   0x0000001a   Code   RO         9062    i.vListInitialise   list.o
    0x08013a6e   0x08013a6e   0x00000006   Code   RO         9063    i.vListInitialiseItem  list.o
    0x08013a74   0x08013a74   0x00000034   Code   RO         9064    i.vListInsert       list.o
    0x08013aa8   0x08013aa8   0x00000018   Code   RO         9065    i.vListInsertEnd    list.o
    0x08013ac0   0x08013ac0   0x00000054   Code   RO        10509    i.vPortEnterCritical  port.o
    0x08013b14   0x08013b14   0x0000003c   Code   RO        10510    i.vPortExitCritical  port.o
    0x08013b50   0x08013b50   0x000000a4   Code   RO        10452    i.vPortFree         heap_4.o
    0x08013bf4   0x08013bf4   0x00000028   Code   RO        10511    i.vPortSetupTimerInterrupt  port.o
    0x08013c1c   0x08013c1c   0x00000078   Code   RO        10512    i.vPortValidateInterruptPriority  port.o
    0x08013c94   0x08013c94   0x0000002c   Code   RO         9114    i.vQueueAddToRegistry  queue.o
    0x08013cc0   0x08013cc0   0x0000004a   Code   RO         9118    i.vQueueWaitForMessageRestricted  queue.o
    0x08013d0a   0x08013d0a   0x00000002   PAD
    0x08013d0c   0x08013d0c   0x0000005c   Code   RO         9535    i.vTaskDelay        tasks.o
    0x08013d68   0x08013d68   0x00000018   Code   RO         9540    i.vTaskInternalSetTimeOutState  tasks.o
    0x08013d80   0x08013d80   0x0000000c   Code   RO         9541    i.vTaskMissedYield  tasks.o
    0x08013d8c   0x08013d8c   0x00000038   Code   RO         9543    i.vTaskPlaceOnEventList  tasks.o
    0x08013dc4   0x08013dc4   0x00000040   Code   RO         9544    i.vTaskPlaceOnEventListRestricted  tasks.o
    0x08013e04   0x08013e04   0x000000e4   Code   RO         9546    i.vTaskPriorityDisinheritAfterTimeout  tasks.o
    0x08013ee8   0x08013ee8   0x000000b8   Code   RO         9552    i.vTaskStartScheduler  tasks.o
    0x08013fa0   0x08013fa0   0x00000010   Code   RO         9554    i.vTaskSuspendAll   tasks.o
    0x08013fb0   0x08013fb0   0x0000008c   Code   RO         9555    i.vTaskSwitchContext  tasks.o
    0x0801403c   0x0801403c   0x0000005c   Code   RO         1078    i.vofa_send_data    vofa.o
    0x08014098   0x08014098   0x00000060   Code   RO         1079    i.vofa_sendframetail  vofa.o
    0x080140f8   0x080140f8   0x00000010   Code   RO         1081    i.vofa_transmit     vofa.o
    0x08014108   0x08014108   0x00000168   Code   RO        10513    i.xPortStartScheduler  port.o
    0x08014270   0x08014270   0x0000005a   Code   RO         9123    i.xQueueGenericCreate  queue.o
    0x080142ca   0x080142ca   0x000000e0   Code   RO         9124    i.xQueueGenericCreateStatic  queue.o
    0x080143aa   0x080143aa   0x00000002   PAD
    0x080143ac   0x080143ac   0x00000098   Code   RO         9125    i.xQueueGenericReset  queue.o
    0x08014444   0x08014444   0x000001a8   Code   RO         9126    i.xQueueGenericSend  queue.o
    0x080145ec   0x080145ec   0x000000fc   Code   RO         9127    i.xQueueGenericSendFromISR  queue.o
    0x080146e8   0x080146e8   0x000000e0   Code   RO         9130    i.xQueueGiveFromISR  queue.o
    0x080147c8   0x080147c8   0x00000168   Code   RO         9136    i.xQueueReceive     queue.o
    0x08014930   0x08014930   0x000001b8   Code   RO         9138    i.xQueueSemaphoreTake  queue.o
    0x08014ae8   0x08014ae8   0x0000008c   Code   RO         9557    i.xTaskCheckForTimeOut  tasks.o
    0x08014b74   0x08014b74   0x00000064   Code   RO         9558    i.xTaskCreate       tasks.o
    0x08014bd8   0x08014bd8   0x000000ba   Code   RO         9559    i.xTaskCreateStatic  tasks.o
    0x08014c92   0x08014c92   0x00000002   PAD
    0x08014c94   0x08014c94   0x00000020   Code   RO         9563    i.xTaskGetSchedulerState  tasks.o
    0x08014cb4   0x08014cb4   0x0000000c   Code   RO         9564    i.xTaskGetTickCount  tasks.o
    0x08014cc0   0x08014cc0   0x00000148   Code   RO         9566    i.xTaskIncrementTick  tasks.o
    0x08014e08   0x08014e08   0x000000c8   Code   RO         9569    i.xTaskPriorityDisinherit  tasks.o
    0x08014ed0   0x08014ed0   0x000000b8   Code   RO         9570    i.xTaskPriorityInherit  tasks.o
    0x08014f88   0x08014f88   0x00000098   Code   RO         9571    i.xTaskRemoveFromEventList  tasks.o
    0x08015020   0x08015020   0x00000104   Code   RO         9572    i.xTaskResumeAll    tasks.o
    0x08015124   0x08015124   0x00000078   Code   RO         9908    i.xTimerCreateTimerTask  timers.o
    0x0801519c   0x0801519c   0x00000084   Code   RO         9909    i.xTimerGenericCommand  timers.o
    0x08015220   0x08015220   0x00003814   Data   RO          258    .constdata          lcd.o
    0x08018a34   0x08018a34   0x00000c80   Data   RO          828    .constdata          lcd_task.o
    0x080196b4   0x080196b4   0x00000134   Data   RO         1264    .constdata          freertos.o
    0x080197e8   0x080197e8   0x00000008   Data   RO         3789    .constdata          stm32h7xx_hal_dma.o
    0x080197f0   0x080197f0   0x0000005c   Data   RO         6205    .constdata          stm32h7xx_hal_fdcan.o
    0x0801984c   0x0801984c   0x00000018   Data   RO         8421    .constdata          stm32h7xx_hal_uart.o
    0x08019864   0x08019864   0x00000010   Data   RO         8792    .constdata          stm32h7xx_hal_uart_ex.o
    0x08019874   0x08019874   0x00000010   Data   RO         8901    .constdata          system_stm32h7xx.o
    0x08019884   0x08019884   0x00000074   Data   RO         1265    .conststring        freertos.o
    0x080198f8   0x080198f8   0x00000020   Data   RO        11462    Region$$Table       anon$$obj.o


    Execution Region RW_IRAM1 (Exec base: 0x20000000, Load base: 0x08019918, Size: 0x00000000, Max: 0x00020000, ABSOLUTE)

    **** No section assigned to this execution region ****


    Execution Region RW_IRAM2 (Exec base: 0x24000000, Load base: 0x08019918, Size: 0x0000cc70, Max: 0x00050000, ABSOLUTE, COMPRESSED[0x0000010c])

    Exec Addr    Load Addr    Size         Type   Attr      Idx    E Section Name        Object

    0x24000000   COMPRESSED   0x00000008   Data   RW            5    .data               bsp_user_key.o
    0x24000008   COMPRESSED   0x0000002c   Data   RW          439    .data               bmi088driver.o
    0x24000034   COMPRESSED   0x00000018   Data   RW          582    .data               can_bsp.o
    0x2400004c   COMPRESSED   0x00000008   Data   RW          748    .data               key_task.o
    0x24000054   COMPRESSED   0x00000014   Data   RW          875    .data               imu_task.o
    0x24000068   COMPRESSED   0x00000020   Data   RW          936    .data               fun_test_task.o
    0x24000088   COMPRESSED   0x00000008   Data   RW         1083    .data               vofa.o
    0x24000090   COMPRESSED   0x00000030   Data   RW         1266    .data               freertos.o
    0x240000c0   COMPRESSED   0x00000004   Data   RW         1409    .data               fdcan.o
    0x240000c4   COMPRESSED   0x0000005e   Data   RW         1954    .data               usbd_desc.o
    0x24000122   COMPRESSED   0x00000002   PAD
    0x24000124   COMPRESSED   0x00000018   Data   RW         2046    .data               usbd_cdc_if.o
    0x2400013c   COMPRESSED   0x00000014   Data   RW         2320    .data               mahonyahrs.o
    0x24000150   COMPRESSED   0x00000009   Data   RW         4667    .data               stm32h7xx_hal.o
    0x24000159   COMPRESSED   0x00000003   PAD
    0x2400015c   COMPRESSED   0x00000008   Data   RW         8902    .data               system_stm32h7xx.o
    0x24000164   COMPRESSED   0x0000003c   Data   RW         9575    .data               tasks.o
    0x240001a0   COMPRESSED   0x00000014   Data   RW         9917    .data               timers.o
    0x240001b4   COMPRESSED   0x00000020   Data   RW        10458    .data               heap_4.o
    0x240001d4   COMPRESSED   0x0000000c   Data   RW        10514    .data               port.o
    0x240001e0   COMPRESSED   0x00000001   Data   RW        10765    .data               usbd_ctlreq.o
    0x240001e1   COMPRESSED   0x00000003   PAD
    0x240001e4   COMPRESSED   0x0000008a   Data   RW        10936    .data               usbd_cdc.o
    0x2400026e   COMPRESSED   0x00000002   PAD
    0x24000270   COMPRESSED   0x00000004   Data   RW        11431    .data               mc_w.l(errno.o)
    0x24000274        -       0x00000040   Zero   RW          874    .bss                imu_task.o
    0x240002b4        -       0x00000400   Zero   RW         1082    .bss                vofa.o
    0x240006b4        -       0x00005a50   Zero   RW         1263    .bss                freertos.o
    0x24006104        -       0x000000e8   Zero   RW         1340    .bss                adc.o
    0x240061ec        -       0x000001e0   Zero   RW         1408    .bss                fdcan.o
    0x240063cc        -       0x0000005c   Zero   RW         1461    .bss                octospi.o
    0x24006428        -       0x00000198   Zero   RW         1505    .bss                spi.o
    0x240065c0        -       0x00000130   Zero   RW         1561    .bss                tim.o
    0x240066f0        -       0x000002e4   Zero   RW         1628    .bss                usart.o
    0x240069d4        -       0x0000004c   Zero   RW         1865    .bss                stm32h7xx_hal_timebase_tim.o
    0x24006a20        -       0x000002dc   Zero   RW         1909    .bss                usb_device.o
    0x24006cfc        -       0x00000200   Zero   RW         1953    .bss                usbd_desc.o
    0x24006efc        -       0x00001000   Zero   RW         2045    .bss                usbd_cdc_if.o
    0x24007efc        -       0x0000072c   Zero   RW         2140    .bss                usbd_conf.o
    0x24008628        -       0x00000040   Zero   RW         9140    .bss                queue.o
    0x24008668        -       0x000000f0   Zero   RW         9574    .bss                tasks.o
    0x24008758        -       0x00000118   Zero   RW         9916    .bss                timers.o
    0x24008870        -       0x00003c00   Zero   RW        10457    .bss                heap_4.o
    0x2400c470        -       0x00000800   Zero   RW         1898    STACK               startup_stm32h723xx.o


==============================================================================

Image component sizes


      Code (inc. data)   RO Data    RW Data    ZI Data      Debug   Object Name

       496         42          0          0        232       2135   adc.o
        10          0          0          0          0        484   arm_ctrl_task.o
      1030         20          0         44          0       6246   bmi088driver.o
       216         28          0          0          0       4612   bmi088middleware.o
        16          4          0          0          0        466   bsp_buzzer.o
       124         12          0          8          0    1302437   bsp_user_key.o
       334         54          0         24          0       5181   can_bsp.o
       142          0          0          0          0      22995   cmsis_os.o
        52          4          0          0          0        862   dma.o
         0          0          0          0          0      19704   event_groups.o
       944         56          0          4        480       3457   fdcan.o
       402         76        424         48      23120       5479   freertos.o
       520        180          0         32          0       2322   fun_test_task.o
       472         26          0          0          0       1283   gpio.o
       724         74          0         32      15360       4915   heap_4.o
      1000        100          0         20         64       4835   imu_task.o
       128         26          0          8          0      33309   key_task.o
      3128         58      14356          0          0      16549   lcd.o
       200         30       3200          0          0        987   lcd_task.o
       148          0          0          0          0       3626   list.o
        10          0          0          0          0        474   logic_task.o
       820         38          0         20          0       2206   mahonyahrs.o
       334         10          0          0          0       3040   main.o
        10          0          0          0          0        469   move_task.o
       680         62          0          0         92       2916   octospi.o
        10          0          0          0          0        474   order_task.o
      1014         92          0         12          0      12021   port.o
      2696         26          0          0         64      22064   queue.o
       892         60          0          0        408       3375   spi.o
        36          8        716          0       2048        792   startup_stm32h723xx.o
       172         34          0          9          0      22906   stm32h7xx_hal.o
      4208        234          0          0          0      85212   stm32h7xx_hal_adc.o
       560         30          0          0          0      68541   stm32h7xx_hal_adc_ex.o
       258         22          0          0          0      39210   stm32h7xx_hal_cortex.o
      8650        164          8          0          0      13306   stm32h7xx_hal_dma.o
      3644         52         92          0          0      22917   stm32h7xx_hal_fdcan.o
       888         96          0          0          0       3733   stm32h7xx_hal_gpio.o
        48          6          0          0          0        918   stm32h7xx_hal_msp.o
      2422         38          0          0          0       6387   stm32h7xx_hal_ospi.o
      3650         16          0          0          0      13796   stm32h7xx_hal_pcd.o
       130          4          0          0          0       3153   stm32h7xx_hal_pcd_ex.o
       116         12          0          0          0       1326   stm32h7xx_hal_pwr_ex.o
      3684        134          0          0          0       8405   stm32h7xx_hal_rcc.o
      7664        184          0          0          0      10579   stm32h7xx_hal_rcc_ex.o
      2232         12          0          0          0       6688   stm32h7xx_hal_spi.o
      2752        284          0          0          0      14229   stm32h7xx_hal_tim.o
       466         46          0          0          0       4140   stm32h7xx_hal_tim_ex.o
       148         20          0          0         76       1572   stm32h7xx_hal_timebase_tim.o
      5864        210         24          0          0      38294   stm32h7xx_hal_uart.o
       512         14         16          0          0       6401   stm32h7xx_hal_uart_ex.o
       246         84          0          0          0       9590   stm32h7xx_it.o
      3890        100          0          0          0      22592   stm32h7xx_ll_usb.o
         0          0          0          0          0        384   stream_buffer.o
       224         32         16          8          0       1362   system_stm32h7xx.o
      3316        376          0         60        240      29855   tasks.o
      1088         78          0          0        304       4792   tim.o
      1318        124          0         20        280      30643   timers.o
      1380         88          0          0        740       4858   usart.o
       392         14          0          0          0       3323   usb_date_task.o
        80         16          0          0        732        760   usb_device.o
      1782         54          0        138          0      14209   usbd_cdc.o
       232         30          0         24       4096       4521   usbd_cdc_if.o
       956         30          0          0       1836      17396   usbd_conf.o
      1354          0          0          0          0      16413   usbd_core.o
      2396         22          0          1          0      17924   usbd_ctlreq.o
       386        122          0         94        512       6953   usbd_desc.o
       174          0          0          0          0       4764   usbd_ioreq.o
        10          0          0          0          0        475   visual_task.o
       204         20          0          8       1024      10612   vofa.o
       176          6          0          0          0        858   ws2812.o

    ----------------------------------------------------------------------
     84338       3894      18884        624      51708    2063712   Object Totals
         0          0         32          0          0          0   (incl. Generated)
        78          0          0         10          0          0   (incl. Padding)

    ----------------------------------------------------------------------

      Code (inc. data)   RO Data    RW Data    ZI Data      Debug   Library Member Name

       312         54          0          0          0        176   asinf.o
       600         98          0          0          0        184   atan2f.o
        38          0          0          0          0        116   fpclassifyf.o
        44         12          0          0          0        464   funder.o
        62          0          0          0          0        136   sqrtf.o
        86          0          0          0          0          0   __dczerorl2.o
         0          0          0          0          0          0   entry.o
         0          0          0          0          0          0   entry10a.o
         0          0          0          0          0          0   entry11a.o
         8          4          0          0          0          0   entry2.o
         4          0          0          0          0          0   entry5.o
         0          0          0          0          0          0   entry7b.o
         0          0          0          0          0          0   entry8b.o
         8          4          0          0          0          0   entry9a.o
        12          6          0          4          0         68   errno.o
        30          0          0          0          0          0   handlers.o
        36          8          0          0          0         68   init.o
         0          0          0          0          0          0   iusefp.o
        30          0          0          0          0         68   llshl.o
        32          0          0          0          0         68   llushr.o
        26          0          0          0          0         80   memcmp.o
        36          0          0          0          0         68   memcpya.o
        36          0          0          0          0        108   memseta.o
        98          0          0          0          0         92   uldiv.o

    ----------------------------------------------------------------------
      1506        186          0          4          0       1696   Library Totals
         8          0          0          0          0          0   (incl. Padding)

    ----------------------------------------------------------------------

      Code (inc. data)   RO Data    RW Data    ZI Data      Debug   Library Name

      1056        164          0          0          0       1076   m_wv.l
       442         22          0          4          0        620   mc_w.l

    ----------------------------------------------------------------------
      1506        186          0          4          0       1696   Library Totals

    ----------------------------------------------------------------------

==============================================================================


      Code (inc. data)   RO Data    RW Data    ZI Data      Debug   

     85844       4080      18884        628      51708    2014484   Grand Totals
     85844       4080      18884        268      51708    2014484   ELF Image Totals (compressed)
     85844       4080      18884        268          0          0   ROM Totals

==============================================================================

    Total RO  Size (Code + RO Data)               104728 ( 102.27kB)
    Total RW  Size (RW Data + ZI Data)             52336 (  51.11kB)
    Total ROM Size (Code + RO Data + RW Data)     104996 ( 102.54kB)

==============================================================================

