<html>
<body>
<pre>
<h1>礦ision Build Log</h1>
<h2>Tool Versions:</h2>
IDE-Version: μVision V5.30.0.0
Copyright (C) 2020 ARM Ltd and ARM Germany GmbH. All rights reserved.
License Information: qa 2061477607@qq.com, we, LIC=GMZI6-DH6DP-8TR3P-M2D5X-HAENU-0YD4W
 
Tool Versions:
Toolchain:       MDK-ARM Plus  Version: 5.30.0.0
Toolchain Path:  D:\keil5\ARM\ARMCC\Bin
C Compiler:      Armcc.exe V5.06 update 6 (build 750)
Assembler:       Armasm.exe V5.06 update 6 (build 750)
Linker/Locator:  ArmLink.exe V5.06 update 6 (build 750)
Library Manager: ArmAr.exe V5.06 update 6 (build 750)
Hex Converter:   FromElf.exe V5.06 update 6 (build 750)
CPU DLL:         SARMCM3.DLL V5.30.0.0
Dialog DLL:      DCM.DLL V1.17.3.0
Target DLL:      CMSIS_AGDI.dll V1.32.5.0
Dialog DLL:      TCM.DLL V1.42.0.0
 
<h2>Project:</h2>
E:\desktop\Doing\Project6-gongxun\CtrBoard-H7_CTRL\MDK-ARM\CtrBoard-H7_ALL.uvprojx
Project File Date:  10/14/2024

<h2>Output:</h2>
*** Using Compiler 'V5.06 update 6 (build 750)', folder: 'D:\keil5\ARM\ARMCC\Bin'
Rebuild target 'CtrBoard-H7_ALL'
compiling arm_ctrl_task.c...
compiling logic_task.c...
compiling move_task.c...
compiling order_task.c...
compiling visual_task.c...
compiling lcd.c...
compiling BMI088Middleware.c...
compiling ws2812.c...
..\Bsp\ws2812.c(23): warning:  #1-D: last line of file ends without a newline
  }
..\Bsp\ws2812.c: 1 warning, 0 errors
compiling can_bsp.c...
compiling bsp_user_key.c...
..\Bsp\bsp_user_key.c(16): warning:  #1215-D: #warning directive: "TODO: 需要解决溢出的情况"
              #warning "TODO: 需要解决溢出的情况"
..\Bsp\bsp_user_key.c: 1 warning, 0 errors
compiling w25q64.c...
compiling bsp_buzzer.c...
compiling key_task.c...
compiling lcd_task.c...
compiling bsp_motor_ctrl.c...
compiling BMI088driver.c...
compiling usb_date_task.c...
..\App\usb_date_task.c(31): warning:  #550-D: variable "ringPos"  was set but never used
      color_ring_position ringPos;
..\App\usb_date_task.c(32): warning:  #550-D: variable "blockPos"  was set but never used
      color_block_position blockPos;
..\App\usb_date_task.c: 2 warnings, 0 errors
compiling imu_task.c...
compiling vofa.c...
assembling startup_stm32h723xx.s...
compiling fun_test_task.c...
compiling dma.c...
compiling freertos.c...
compiling main.c...
compiling stm32h7xx_hal_msp.c...
compiling usart.c...
compiling MahonyAHRS.c...
compiling spi.c...
compiling stm32h7xx_hal_timebase_tim.c...
compiling user_lib.c...
compiling gpio.c...
compiling fdcan.c...
compiling usbd_desc.c...
compiling stm32h7xx_it.c...
compiling adc.c...
compiling octospi.c...
compiling tim.c...
compiling usb_device.c...
compiling stm32h7xx_hal_pcd.c...
compiling stm32h7xx_hal_flash_ex.c...
compiling usbd_conf.c...
compiling stm32h7xx_ll_usb.c...
compiling usbd_cdc_if.c...
compiling stm32h7xx_hal_gpio.c...
compiling stm32h7xx_hal_pcd_ex.c...
compiling stm32h7xx_hal_flash.c...
compiling stm32h7xx_hal_hsem.c...
compiling stm32h7xx_hal_mdma.c...
compiling stm32h7xx_hal_rcc.c...
compiling stm32h7xx_hal_pwr.c...
compiling stm32h7xx_hal_dma_ex.c...
compiling stm32h7xx_hal_rcc_ex.c...
compiling stm32h7xx_hal_dma.c...
compiling stm32h7xx_hal_pwr_ex.c...
compiling stm32h7xx_hal_exti.c...
compiling stm32h7xx_hal_cortex.c...
compiling croutine.c...
compiling event_groups.c...
compiling stm32h7xx_hal_i2c_ex.c...
compiling list.c...
compiling stream_buffer.c...
compiling stm32h7xx_hal.c...
compiling queue.c...
compiling timers.c...
compiling stm32h7xx_hal_adc_ex.c...
compiling cmsis_os.c...
compiling stm32h7xx_hal_spi.c...
compiling tasks.c...
compiling heap_4.c...
compiling stm32h7xx_hal_ospi.c...
compiling port.c...
compiling stm32h7xx_hal_i2c.c...
compiling stm32h7xx_hal_spi_ex.c...
compiling stm32h7xx_hal_adc.c...
compiling stm32h7xx_hal_fdcan.c...
compiling stm32h7xx_hal_tim_ex.c...
compiling stm32h7xx_hal_tim.c...
compiling stm32h7xx_hal_uart.c...
compiling stm32h7xx_hal_uart_ex.c...
compiling system_stm32h7xx.c...
compiling usbd_ctlreq.c...
compiling usbd_core.c...
compiling usbd_cdc.c...
compiling usbd_ioreq.c...
linking...
Program Size: Code=84480 RO-data=44492 RW-data=632 ZI-data=51712  
FromELF: creating hex file...
"CtrBoard-H7_ALL\CtrBoard-H7_ALL.axf" - 0 Error(s), 4 Warning(s).

<h2>Software Packages used:</h2>

Package Vendor: ARM
                http://www.keil.com/pack/ARM.CMSIS.5.7.0.pack
                ARM.CMSIS.5.7.0
                CMSIS (Cortex Microcontroller Software Interface Standard)
   * Component: CORE Version: 5.4.0

Package Vendor: Keil
                http://www.keil.com/pack/Keil.STM32H7xx_DFP.3.0.0.pack
                Keil.STM32H7xx_DFP.3.0.0
                STMicroelectronics STM32H7 Series Device Support and Examples

<h2>Collection of Component include folders:</h2>
  .\RTE\_CtrBoard-H7_ALL
  D:\keil5\ARM\CMSIS\5.7.0\CMSIS\Core\Include
  D:\keil5\Keil\STM32H7xx_DFP\3.0.0\Drivers\CMSIS\Device\ST\STM32H7xx\Include

<h2>Collection of Component Files used:</h2>

   * Component: ARM::CMSIS:CORE:5.4.0
      Include file:  CMSIS\Core\Include\tz_context.h
Build Time Elapsed:  00:03:04
</pre>
</body>
</html>
