Component: ARM Compiler 5.06 update 6 (build 750) Tool: armlink [4d35ed]

==============================================================================

Section Cross References

    bsp_user_key.o(i.BSP_UserKey_Detect) refers to stm32h7xx_hal.o(i.HAL_GetTick) for HAL_GetTick
    bsp_user_key.o(i.BSP_UserKey_Detect) refers to stm32h7xx_hal_gpio.o(i.HAL_GPIO_ReadPin) for HAL_GPIO_ReadPin
    bsp_user_key.o(i.BSP_UserKey_Detect) refers to bsp_user_key.o(.data) for keyState
    bsp_user_key.o(i.get_key_adc) refers to cmsis_os.o(i.osDelay) for osDelay
    bsp_user_key.o(i.get_key_adc) refers to key_task.o(.data) for adc_val
    bsp_user_key.o(i.get_key_adc) refers to bsp_user_key.o(.data) for key_value
    bsp_buzzer.o(i.BSP_Buzzer_Init) refers to stm32h7xx_hal_tim.o(i.HAL_TIM_PWM_Start) for HAL_TIM_PWM_Start
    bsp_buzzer.o(i.BSP_Buzzer_Init) refers to tim.o(.bss) for htim12
    bsp_buzzer.o(i.BSP_Buzzer_Off) refers to bsp_buzzer.o(.data) for buzzerSta
    bsp_buzzer.o(i.BSP_Buzzer_On) refers to bsp_buzzer.o(.data) for buzzerSta
    bsp_buzzer.o(i.BSP_Buzzer_Toggle) refers to bsp_buzzer.o(i.BSP_Buzzer_Off) for BSP_Buzzer_Off
    bsp_buzzer.o(i.BSP_Buzzer_Toggle) refers to bsp_buzzer.o(i.BSP_Buzzer_On) for BSP_Buzzer_On
    bsp_buzzer.o(i.BSP_Buzzer_Toggle) refers to bsp_buzzer.o(.data) for buzzerSta
    lcd.o(i.Draw_Circle) refers to lcd.o(i.LCD_DrawPoint) for LCD_DrawPoint
    lcd.o(i.LCD_Address_Set) refers to lcd.o(i.LCD_WR_REG) for LCD_WR_REG
    lcd.o(i.LCD_Address_Set) refers to lcd.o(i.LCD_WR_DATA) for LCD_WR_DATA
    lcd.o(i.LCD_DrawLine) refers to lcd.o(i.LCD_DrawPoint) for LCD_DrawPoint
    lcd.o(i.LCD_DrawPoint) refers to lcd.o(i.LCD_Address_Set) for LCD_Address_Set
    lcd.o(i.LCD_DrawPoint) refers to lcd.o(i.LCD_WR_DATA) for LCD_WR_DATA
    lcd.o(i.LCD_DrawRectangle) refers to lcd.o(i.LCD_DrawLine) for LCD_DrawLine
    lcd.o(i.LCD_Fill) refers to lcd.o(i.LCD_Address_Set) for LCD_Address_Set
    lcd.o(i.LCD_Fill) refers to lcd.o(i.LCD_WR_DATA) for LCD_WR_DATA
    lcd.o(i.LCD_Init) refers to stm32h7xx_hal_gpio.o(i.HAL_GPIO_WritePin) for HAL_GPIO_WritePin
    lcd.o(i.LCD_Init) refers to stm32h7xx_hal.o(i.HAL_Delay) for HAL_Delay
    lcd.o(i.LCD_Init) refers to lcd.o(i.LCD_WR_REG) for LCD_WR_REG
    lcd.o(i.LCD_Init) refers to lcd.o(i.LCD_WR_DATA8) for LCD_WR_DATA8
    lcd.o(i.LCD_ShowChar) refers to lcd.o(i.LCD_Address_Set) for LCD_Address_Set
    lcd.o(i.LCD_ShowChar) refers to lcd.o(i.LCD_WR_DATA) for LCD_WR_DATA
    lcd.o(i.LCD_ShowChar) refers to lcd.o(i.LCD_DrawPoint) for LCD_DrawPoint
    lcd.o(i.LCD_ShowChar) refers to lcd.o(.constdata) for ascii_1206
    lcd.o(i.LCD_ShowChinese) refers to lcd.o(i.LCD_ShowChinese12x12) for LCD_ShowChinese12x12
    lcd.o(i.LCD_ShowChinese) refers to lcd.o(i.LCD_ShowChinese16x16) for LCD_ShowChinese16x16
    lcd.o(i.LCD_ShowChinese) refers to lcd.o(i.LCD_ShowChinese24x24) for LCD_ShowChinese24x24
    lcd.o(i.LCD_ShowChinese) refers to lcd.o(i.LCD_ShowChinese32x32) for LCD_ShowChinese32x32
    lcd.o(i.LCD_ShowChinese12x12) refers to lcd.o(i.LCD_Address_Set) for LCD_Address_Set
    lcd.o(i.LCD_ShowChinese12x12) refers to lcd.o(i.LCD_WR_DATA) for LCD_WR_DATA
    lcd.o(i.LCD_ShowChinese12x12) refers to lcd.o(i.LCD_DrawPoint) for LCD_DrawPoint
    lcd.o(i.LCD_ShowChinese12x12) refers to lcd.o(.constdata) for tfont12
    lcd.o(i.LCD_ShowChinese16x16) refers to lcd.o(i.LCD_Address_Set) for LCD_Address_Set
    lcd.o(i.LCD_ShowChinese16x16) refers to lcd.o(i.LCD_WR_DATA) for LCD_WR_DATA
    lcd.o(i.LCD_ShowChinese16x16) refers to lcd.o(i.LCD_DrawPoint) for LCD_DrawPoint
    lcd.o(i.LCD_ShowChinese16x16) refers to lcd.o(.constdata) for tfont16
    lcd.o(i.LCD_ShowChinese24x24) refers to lcd.o(i.LCD_Address_Set) for LCD_Address_Set
    lcd.o(i.LCD_ShowChinese24x24) refers to lcd.o(i.LCD_WR_DATA) for LCD_WR_DATA
    lcd.o(i.LCD_ShowChinese24x24) refers to lcd.o(i.LCD_DrawPoint) for LCD_DrawPoint
    lcd.o(i.LCD_ShowChinese24x24) refers to lcd.o(.constdata) for tfont24
    lcd.o(i.LCD_ShowChinese32x32) refers to lcd.o(i.LCD_Address_Set) for LCD_Address_Set
    lcd.o(i.LCD_ShowChinese32x32) refers to lcd.o(i.LCD_WR_DATA) for LCD_WR_DATA
    lcd.o(i.LCD_ShowChinese32x32) refers to lcd.o(i.LCD_DrawPoint) for LCD_DrawPoint
    lcd.o(i.LCD_ShowChinese32x32) refers to lcd.o(.constdata) for tfont32
    lcd.o(i.LCD_ShowFloatNum) refers to lcd.o(i.mypow) for mypow
    lcd.o(i.LCD_ShowFloatNum) refers to lcd.o(i.LCD_ShowChar) for LCD_ShowChar
    lcd.o(i.LCD_ShowFloatNum) refers to lcd.o(i.LCD_Fill) for LCD_Fill
    lcd.o(i.LCD_ShowFloatNum1) refers to lcd.o(i.mypow) for mypow
    lcd.o(i.LCD_ShowFloatNum1) refers to lcd.o(i.LCD_Fill) for LCD_Fill
    lcd.o(i.LCD_ShowFloatNum1) refers to lcd.o(i.LCD_ShowChar) for LCD_ShowChar
    lcd.o(i.LCD_ShowIntNum) refers to lcd.o(i.mypow) for mypow
    lcd.o(i.LCD_ShowIntNum) refers to lcd.o(i.LCD_ShowChar) for LCD_ShowChar
    lcd.o(i.LCD_ShowPicture) refers to lcd.o(i.LCD_Address_Set) for LCD_Address_Set
[...]
    mypow                                    0x080128bb   Thumb Code    22  lcd.o(i.mypow)
    osDelay                                  0x080128d1   Thumb Code    24  cmsis_os.o(i.osDelay)
    osKernelStart                            0x080128e9   Thumb Code    10  cmsis_os.o(i.osKernelStart)
    osThreadCreate                           0x080128f3   Thumb Code    94  cmsis_os.o(i.osThreadCreate)
    pvPortMalloc                             0x080133a5   Thumb Code   306  heap_4.o(i.pvPortMalloc)
    pvTaskIncrementMutexHeldCount            0x080134f1   Thumb Code    26  tasks.o(i.pvTaskIncrementMutexHeldCount)
    pxPortInitialiseStack                    0x08013511   Thumb Code    38  port.o(i.pxPortInitialiseStack)
    show_QR                                  0x0801353d   Thumb Code    76  lcd_task.o(i.show_QR)
    show_bignum                              0x08013589   Thumb Code    74  lcd_task.o(i.show_bignum)
    sqrtf                                    0x080135e1   Thumb Code    62  sqrtf.o(i.sqrtf)
    uxListRemove                             0x0801361f   Thumb Code    40  list.o(i.uxListRemove)
    vApplicationGetIdleTaskMemory            0x08013649   Thumb Code    14  freertos.o(i.vApplicationGetIdleTaskMemory)
    vApplicationGetTimerTaskMemory           0x08013661   Thumb Code    16  freertos.o(i.vApplicationGetTimerTaskMemory)
    vListInitialise                          0x08013679   Thumb Code    26  list.o(i.vListInitialise)
    vListInitialiseItem                      0x08013693   Thumb Code     6  list.o(i.vListInitialiseItem)
    vListInsert                              0x08013699   Thumb Code    52  list.o(i.vListInsert)
    vListInsertEnd                           0x080136cd   Thumb Code    24  list.o(i.vListInsertEnd)
    vPortEnterCritical                       0x080136e5   Thumb Code    76  port.o(i.vPortEnterCritical)
    vPortExitCritical                        0x08013739   Thumb Code    56  port.o(i.vPortExitCritical)
    vPortFree                                0x08013775   Thumb Code   150  heap_4.o(i.vPortFree)
    vPortSetupTimerInterrupt                 0x08013819   Thumb Code    36  port.o(i.vPortSetupTimerInterrupt)
    vPortValidateInterruptPriority           0x08013841   Thumb Code   106  port.o(i.vPortValidateInterruptPriority)
    vQueueAddToRegistry                      0x080138b9   Thumb Code    38  queue.o(i.vQueueAddToRegistry)
    vQueueWaitForMessageRestricted           0x080138e5   Thumb Code    74  queue.o(i.vQueueWaitForMessageRestricted)
    vTaskDelay                               0x08013931   Thumb Code    82  tasks.o(i.vTaskDelay)
    vTaskInternalSetTimeOutState             0x0801398d   Thumb Code    14  tasks.o(i.vTaskInternalSetTimeOutState)
    vTaskMissedYield                         0x080139a5   Thumb Code     8  tasks.o(i.vTaskMissedYield)
    vTaskPlaceOnEventList                    0x080139b1   Thumb Code    52  tasks.o(i.vTaskPlaceOnEventList)
    vTaskPlaceOnEventListRestricted          0x080139e9   Thumb Code    60  tasks.o(i.vTaskPlaceOnEventListRestricted)
    vTaskPriorityDisinheritAfterTimeout      0x08013a29   Thumb Code   216  tasks.o(i.vTaskPriorityDisinheritAfterTimeout)
    vTaskStartScheduler                      0x08013b0d   Thumb Code   156  tasks.o(i.vTaskStartScheduler)
    vTaskSuspendAll                          0x08013bc5   Thumb Code    12  tasks.o(i.vTaskSuspendAll)
    vTaskSwitchContext                       0x08013bd5   Thumb Code   118  tasks.o(i.vTaskSwitchContext)
    vofa_send_data                           0x08013c61   Thumb Code    82  vofa.o(i.vofa_send_data)
    vofa_sendframetail                       0x08013cbd   Thumb Code    86  vofa.o(i.vofa_sendframetail)
    vofa_transmit                            0x08013d1d   Thumb Code    16  vofa.o(i.vofa_transmit)
    xPortStartScheduler                      0x08013d2d   Thumb Code   330  port.o(i.xPortStartScheduler)
    xQueueGenericCreate                      0x08013e95   Thumb Code    90  queue.o(i.xQueueGenericCreate)
    xQueueGenericCreateStatic                0x08013eef   Thumb Code   224  queue.o(i.xQueueGenericCreateStatic)
    xQueueGenericReset                       0x08013fd1   Thumb Code   146  queue.o(i.xQueueGenericReset)
    xQueueGenericSend                        0x08014069   Thumb Code   420  queue.o(i.xQueueGenericSend)
    xQueueGenericSendFromISR                 0x08014211   Thumb Code   252  queue.o(i.xQueueGenericSendFromISR)
    xQueueGiveFromISR                        0x0801430d   Thumb Code   224  queue.o(i.xQueueGiveFromISR)
    xQueueReceive                            0x080143ed   Thumb Code   356  queue.o(i.xQueueReceive)
    xQueueSemaphoreTake                      0x08014555   Thumb Code   434  queue.o(i.xQueueSemaphoreTake)
    xTaskCheckForTimeOut                     0x0801470d   Thumb Code   132  tasks.o(i.xTaskCheckForTimeOut)
    xTaskCreate                              0x08014799   Thumb Code   100  tasks.o(i.xTaskCreate)
    xTaskCreateStatic                        0x080147fd   Thumb Code   186  tasks.o(i.xTaskCreateStatic)
    xTaskGetSchedulerState                   0x080148b9   Thumb Code    24  tasks.o(i.xTaskGetSchedulerState)
    xTaskGetTickCount                        0x080148d9   Thumb Code     6  tasks.o(i.xTaskGetTickCount)
    xTaskIncrementTick                       0x080148e5   Thumb Code   282  tasks.o(i.xTaskIncrementTick)
    xTaskPriorityDisinherit                  0x08014a2d   Thumb Code   188  tasks.o(i.xTaskPriorityDisinherit)
    xTaskPriorityInherit                     0x08014af5   Thumb Code   172  tasks.o(i.xTaskPriorityInherit)
    xTaskRemoveFromEventList                 0x08014bad   Thumb Code   128  tasks.o(i.xTaskRemoveFromEventList)
    xTaskResumeAll                           0x08014c45   Thumb Code   224  tasks.o(i.xTaskResumeAll)
    xTimerCreateTimerTask                    0x08014d49   Thumb Code   100  timers.o(i.xTimerCreateTimerTask)
    xTimerGenericCommand                     0x08014dc1   Thumb Code   128  timers.o(i.xTimerGenericCommand)
    ascii_1206                               0x08014e44   Data        1140  lcd.o(.constdata)
    ascii_1608                               0x080152b8   Data        1520  lcd.o(.constdata)
    ascii_2412                               0x080158a8   Data        4560  lcd.o(.constdata)
    ascii_3216                               0x08016a78   Data        6080  lcd.o(.constdata)
    tfont12                                  0x08018238   Data         104  lcd.o(.constdata)
    tfont16                                  0x080182a0   Data         136  lcd.o(.constdata)
    tfont24                                  0x08018328   Data         296  lcd.o(.constdata)
    tfont32                                  0x08018450   Data         520  lcd.o(.constdata)
    gImage_1                                 0x08018658   Data        9600  lcd_task.o(.constdata)
    gImage_2                                 0x0801abd8   Data        9600  lcd_task.o(.constdata)
    gImage_3                                 0x0801d158   Data        9600  lcd_task.o(.constdata)
    UARTPrescTable                           0x0801f878   Data          24  stm32h7xx_hal_uart.o(.constdata)
    D1CorePrescTable                         0x0801f8a0   Data          16  system_stm32h7xx.o(.constdata)
    Region$$Table$$Base                      0x0801f924   Number         0  anon$$obj.o(Region$$Table)
    Region$$Table$$Limit                     0x0801f944   Number         0  anon$$obj.o(Region$$Table)
    keyState                                 0x24000000   Data           1  bsp_user_key.o(.data)
    overTick                                 0x24000004   Data           4  bsp_user_key.o(.data)
    key_value                                0x24000008   Data           2  bsp_user_key.o(.data)
    key_up                                   0x2400000a   Data           1  bsp_user_key.o(.data)
    key_down                                 0x2400000b   Data           1  bsp_user_key.o(.data)
    key_mid                                  0x2400000c   Data           1  bsp_user_key.o(.data)
    key_left                                 0x2400000d   Data           1  bsp_user_key.o(.data)
    key_right                                0x2400000e   Data           1  bsp_user_key.o(.data)
    BMI088_ACCEL_SEN                         0x24000010   Data           4  bmi088driver.o(.data)
    BMI088_GYRO_SEN                          0x24000014   Data           4  bmi088driver.o(.data)
    rx_data1                                 0x2400003c   Data           8  can_bsp.o(.data)
    rx_data2                                 0x24000044   Data           8  can_bsp.o(.data)
    rx_data3                                 0x2400004c   Data           8  can_bsp.o(.data)
    vbus                                     0x24000054   Data           4  key_task.o(.data)
    adc_val                                  0x24000058   Data           4  key_task.o(.data)
    out                                      0x24000060   Data           4  imu_task.o(.data)
    err                                      0x24000064   Data           4  imu_task.o(.data)
    err_l                                    0x24000068   Data           4  imu_task.o(.data)
    err_ll                                   0x2400006c   Data           4  imu_task.o(.data)
    u1Rx                                     0x24000070   Data           5  fun_test_task.o(.data)
    u1RxFlag                                 0x24000075   Data           1  fun_test_task.o(.data)
    u5Rx                                     0x24000076   Data           5  fun_test_task.o(.data)
    u5RxFlag                                 0x2400007b   Data           1  fun_test_task.o(.data)
    u7Rx                                     0x2400007c   Data           5  fun_test_task.o(.data)
    u7RxFlag                                 0x24000081   Data           1  fun_test_task.o(.data)
    u10Rx                                    0x24000082   Data           5  fun_test_task.o(.data)
    u10RxFlag                                0x24000087   Data           1  fun_test_task.o(.data)
    tx_data                                  0x24000088   Data           8  fun_test_task.o(.data)
    cnt                                      0x24000090   Data           2  vofa.o(.data)
    usbGetDataSemaphore                      0x24000098   Data           4  freertos.o(.data)
    qrQueue                                  0x2400009c   Data           4  freertos.o(.data)
    defaultTaskHandle                        0x240000a0   Data           4  freertos.o(.data)
    KeyTaskHandle                            0x240000a4   Data           4  freertos.o(.data)
    LcdTaskHandle                            0x240000a8   Data           4  freertos.o(.data)
    ImuTaskHandle                            0x240000ac   Data           4  freertos.o(.data)
    FunTestHandle                            0x240000b0   Data           4  freertos.o(.data)
    MoveTaskHandle                           0x240000b4   Data           4  freertos.o(.data)
    ArmCtrlTaskHandle                        0x240000b8   Data           4  freertos.o(.data)
    UsbDataTaskHandle                        0x240000bc   Data           4  freertos.o(.data)
    OrderTaskHandle                          0x240000c0   Data           4  freertos.o(.data)
    VisualTaskHandle                         0x240000c4   Data           4  freertos.o(.data)
    LogicTaskHandle                          0x240000c8   Data           4  freertos.o(.data)
    HS_Desc                                  0x240000d0   Data          32  usbd_desc.o(.data)
    USBD_HS_DeviceDesc                       0x240000f0   Data          18  usbd_desc.o(.data)
    USBD_HS_BOSDesc                          0x24000104   Data          12  usbd_desc.o(.data)
    USBD_LangIDDesc                          0x24000110   Data           4  usbd_desc.o(.data)
    USBD_StringSerial                        0x24000114   Data          26  usbd_desc.o(.data)
    USB_RX_DATA_SIZE                         0x24000130   Data           2  usbd_cdc_if.o(.data)
    USBD_Interface_fops_HS                   0x24000134   Data          20  usbd_cdc_if.o(.data)
    twoKp                                    0x24000148   Data           4  mahonyahrs.o(.data)
    twoKi                                    0x2400014c   Data           4  mahonyahrs.o(.data)
    integralFBx                              0x24000150   Data           4  mahonyahrs.o(.data)
    integralFBy                              0x24000154   Data           4  mahonyahrs.o(.data)
    integralFBz                              0x24000158   Data           4  mahonyahrs.o(.data)
    uwTick                                   0x2400015c   Data           4  stm32h7xx_hal.o(.data)
    uwTickPrio                               0x24000160   Data           4  stm32h7xx_hal.o(.data)
    uwTickFreq                               0x24000164   Data           1  stm32h7xx_hal.o(.data)
    SystemCoreClock                          0x24000168   Data           4  system_stm32h7xx.o(.data)
    SystemD2Clock                            0x2400016c   Data           4  system_stm32h7xx.o(.data)
    pxCurrentTCB                             0x24000170   Data           4  tasks.o(.data)
    USBD_CDC                                 0x240001fc   Data          56  usbd_cdc.o(.data)
    gyro                                     0x24000280   Data          12  imu_task.o(.bss)
    acc                                      0x2400028c   Data          12  imu_task.o(.bss)
    imuQuat                                  0x24000298   Data          16  imu_task.o(.bss)
    imuAngle                                 0x240002a8   Data          12  imu_task.o(.bss)
    gyroBias                                 0x240002b4   Data          12  imu_task.o(.bss)
    send_buf                                 0x240002c0   Data        1024  vofa.o(.bss)
    KeyTaskBuffer                            0x240006c0   Data         512  freertos.o(.bss)
    LcdTaskBuffer                            0x240008c0   Data        1024  freertos.o(.bss)
    ImuTaskBuffer                            0x24000cc0   Data        4096  freertos.o(.bss)
    FunTestBuffer                            0x24001cc0   Data         512  freertos.o(.bss)
    MoveTaskBuffer                           0x24001ec0   Data        2048  freertos.o(.bss)
    ArmCtrlTaskBuffer                        0x240026c0   Data        2048  freertos.o(.bss)
    UsbDataTaskBuffer                        0x24002ec0   Data        4096  freertos.o(.bss)
    OrderTaskBuffer                          0x24003ec0   Data        2048  freertos.o(.bss)
    VisualTaskBuffer                         0x240046c0   Data        2048  freertos.o(.bss)
    LogicTaskBuffer                          0x24004ec0   Data        2048  freertos.o(.bss)
    KeyTaskControlBlock                      0x240056c0   Data          92  freertos.o(.bss)
    LcdTaskControlBlock                      0x2400571c   Data          92  freertos.o(.bss)
    ImuTaskControlBlock                      0x24005778   Data          92  freertos.o(.bss)
    FunTestControlBlock                      0x240057d4   Data          92  freertos.o(.bss)
    MoveTaskControlBlock                     0x24005830   Data          92  freertos.o(.bss)
    ArmCtrlTaskControlBlock                  0x2400588c   Data          92  freertos.o(.bss)
    UsbDataTaskControlBlock                  0x240058e8   Data          92  freertos.o(.bss)
    OrderTaskControlBlock                    0x24005944   Data          92  freertos.o(.bss)
    VisualTaskControlBlock                   0x240059a0   Data          92  freertos.o(.bss)
    LogicTaskControlBlock                    0x240059fc   Data          92  freertos.o(.bss)
    hadc1                                    0x24006110   Data         112  adc.o(.bss)
    hdma_adc1                                0x24006180   Data         120  adc.o(.bss)
    hfdcan1                                  0x240061f8   Data         160  fdcan.o(.bss)
    hfdcan2                                  0x24006298   Data         160  fdcan.o(.bss)
    hfdcan3                                  0x24006338   Data         160  fdcan.o(.bss)
    hospi2                                   0x240063d8   Data          92  octospi.o(.bss)
    hspi1                                    0x24006434   Data         136  spi.o(.bss)
    hspi2                                    0x240064bc   Data         136  spi.o(.bss)
    hspi6                                    0x24006544   Data         136  spi.o(.bss)
    htim1                                    0x240065cc   Data          76  tim.o(.bss)
    htim2                                    0x24006618   Data          76  tim.o(.bss)
    htim3                                    0x24006664   Data          76  tim.o(.bss)
    htim12                                   0x240066b0   Data          76  tim.o(.bss)
    huart7                                   0x240066fc   Data         148  usart.o(.bss)
    huart1                                   0x24006790   Data         148  usart.o(.bss)
    huart2                                   0x24006824   Data         148  usart.o(.bss)
    huart3                                   0x240068b8   Data         148  usart.o(.bss)
    huart10                                  0x2400694c   Data         148  usart.o(.bss)
    htim23                                   0x240069e0   Data          76  stm32h7xx_hal_timebase_tim.o(.bss)
    hUsbDeviceHS                             0x24006a2c   Data         732  usb_device.o(.bss)
    USBD_StrDesc                             0x24006d08   Data         512  usbd_desc.o(.bss)
    UserRxBufferHS                           0x24006f08   Data        2048  usbd_cdc_if.o(.bss)
    UserTxBufferHS                           0x24007708   Data        2048  usbd_cdc_if.o(.bss)
    hpcd_USB_OTG_HS                          0x24007f08   Data        1292  usbd_conf.o(.bss)
    xQueueRegistry                           0x24008634   Data          64  queue.o(.bss)
    __initial_sp                             0x2400cc80   Data           0  startup_stm32h723xx.o(STACK)



==============================================================================

Memory Map of the image

  Image Entry point : 0x080002cd

  Load Region LR_IROM1 (Base: 0x08000000, Size: 0x0001fbc4, Max: 0x00100000, ABSOLUTE, COMPRESSED[0x0001fa50])

    Execution Region ER_IROM1 (Exec base: 0x08000000, Load base: 0x08000000, Size: 0x0001f944, Max: 0x00100000, ABSOLUTE)

    Exec Addr    Load Addr    Size         Type   Attr      Idx    E Section Name        Object

    0x08000000   0x08000000   0x000002cc   Data   RO         1967    RESET               startup_stm32h723xx.o
    0x080002cc   0x080002cc   0x00000000   Code   RO        11142  * .ARM.Collect$$$$00000000  mc_w.l(entry.o)
    0x080002cc   0x080002cc   0x00000004   Code   RO        11474    .ARM.Collect$$$$00000001  mc_w.l(entry2.o)
    0x080002d0   0x080002d0   0x00000004   Code   RO        11477    .ARM.Collect$$$$00000004  mc_w.l(entry5.o)
    0x080002d4   0x080002d4   0x00000000   Code   RO        11479    .ARM.Collect$$$$00000008  mc_w.l(entry7b.o)
    0x080002d4   0x080002d4   0x00000000   Code   RO        11481    .ARM.Collect$$$$0000000A  mc_w.l(entry8b.o)
    0x080002d4   0x080002d4   0x00000008   Code   RO        11482    .ARM.Collect$$$$0000000B  mc_w.l(entry9a.o)
    0x080002dc   0x080002dc   0x00000000   Code   RO        11484    .ARM.Collect$$$$0000000D  mc_w.l(entry10a.o)
    0x080002dc   0x080002dc   0x00000000   Code   RO        11486    .ARM.Collect$$$$0000000F  mc_w.l(entry11a.o)
    0x080002dc   0x080002dc   0x00000004   Code   RO        11475    .ARM.Collect$$$$00002712  mc_w.l(entry2.o)
    0x080002e0   0x080002e0   0x000000be   Code   RO        10571    .emb_text           port.o
    0x0800039e   0x0800039e   0x00000002   PAD
    0x080003a0   0x080003a0   0x00000024   Code   RO         1968    .text               startup_stm32h723xx.o
    0x080003c4   0x080003c4   0x00000062   Code   RO        11145    .text               mc_w.l(uldiv.o)
    0x08000426   0x08000426   0x00000024   Code   RO        11147    .text               mc_w.l(memcpya.o)
    0x0800044a   0x0800044a   0x00000024   Code   RO        11151    .text               mc_w.l(memseta.o)
    0x0800046e   0x0800046e   0x0000001a   Code   RO        11153    .text               mc_w.l(memcmp.o)
    0x08000488   0x08000488   0x0000001e   Code   RO        11491    .text               mc_w.l(llshl.o)
    0x080004a6   0x080004a6   0x00000020   Code   RO        11493    .text               mc_w.l(llushr.o)
    0x080004c6   0x080004c6   0x00000000   Code   RO        11502    .text               mc_w.l(iusefp.o)
    0x080004c6   0x080004c6   0x00000002   PAD
    0x080004c8   0x080004c8   0x00000024   Code   RO        11523    .text               mc_w.l(init.o)
    0x080004ec   0x080004ec   0x00000056   Code   RO        11537    .text               mc_w.l(__dczerorl2.o)
    0x08000542   0x08000542   0x00000002   PAD
    0x08000544   0x08000544   0x00000130   Code   RO         5626    i.ADC_ConfigureBoostMode  stm32h7xx_hal_adc.o
    0x08000674   0x08000674   0x00000092   Code   RO         5628    i.ADC_DMAConvCplt   stm32h7xx_hal_adc.o
    0x08000706   0x08000706   0x0000001e   Code   RO         5629    i.ADC_DMAError      stm32h7xx_hal_adc.o
    0x08000724   0x08000724   0x0000000e   Code   RO         5630    i.ADC_DMAHalfConvCplt  stm32h7xx_hal_adc.o
    0x08000732   0x08000732   0x00000002   PAD
    0x08000734   0x08000734   0x00000094   Code   RO         5631    i.ADC_Disable       stm32h7xx_hal_adc.o
    0x080007c8   0x080007c8   0x000000cc   Code   RO         5632    i.ADC_Enable        stm32h7xx_hal_adc.o
    0x08000894   0x08000894   0x00000028   Code   RO          936    i.AHRS_init         imu_task.o
    0x080008bc   0x080008bc   0x00000078   Code   RO          937    i.AHRS_update       imu_task.o
    0x08000934   0x08000934   0x0000000a   Code   RO         1035    i.ArmCtrlTask_Entry  arm_ctrl_task.o
    0x0800093e   0x0800093e   0x00000002   PAD
    0x08000940   0x08000940   0x00000014   Code   RO          550    i.BMI088_ACCEL_NS_H  bmi088middleware.o
    0x08000954   0x08000954   0x00000014   Code   RO          551    i.BMI088_ACCEL_NS_L  bmi088middleware.o
    0x08000968   0x08000968   0x00000002   Code   RO          552    i.BMI088_GPIO_init  bmi088middleware.o
    0x0800096a   0x0800096a   0x00000002   PAD
    0x0800096c   0x0800096c   0x00000014   Code   RO          553    i.BMI088_GYRO_NS_H  bmi088middleware.o
    0x08000980   0x08000980   0x00000014   Code   RO          554    i.BMI088_GYRO_NS_L  bmi088middleware.o
    0x08000994   0x08000994   0x00000002   Code   RO          555    i.BMI088_com_init   bmi088middleware.o
    0x08000996   0x08000996   0x0000001a   Code   RO          556    i.BMI088_delay_ms   bmi088middleware.o
    0x080009b0   0x080009b0   0x0000004a   Code   RO          557    i.BMI088_delay_us   bmi088middleware.o
    0x080009fa   0x080009fa   0x0000001c   Code   RO          481    i.BMI088_init       bmi088driver.o
    0x08000a16   0x08000a16   0x00000002   PAD
    0x08000a18   0x08000a18   0x0000017c   Code   RO          482    i.BMI088_read       bmi088driver.o
    0x08000b94   0x08000b94   0x00000026   Code   RO          483    i.BMI088_read_muli_reg  bmi088driver.o
    0x08000bba   0x08000bba   0x00000018   Code   RO          484    i.BMI088_read_single_reg  bmi088driver.o
    0x08000bd2   0x08000bd2   0x00000002   PAD
    0x08000bd4   0x08000bd4   0x00000020   Code   RO          558    i.BMI088_read_write_byte  bmi088middleware.o
    0x08000bf4   0x08000bf4   0x00000014   Code   RO          485    i.BMI088_write_single_reg  bmi088driver.o
    0x08000c08   0x08000c08   0x00000010   Code   RO          233    i.BSP_Buzzer_Init   bsp_buzzer.o
    0x08000c18   0x08000c18   0x0000007c   Code   RO            4    i.BSP_UserKey_Detect  bsp_user_key.o
    0x08000c94   0x08000c94   0x00000004   Code   RO         1763    i.BusFault_Handler  stm32h7xx_it.o
    0x08000c98   0x08000c98   0x00000044   Code   RO         2106    i.CDC_Control_HS    usbd_cdc_if.o
    0x08000cdc   0x08000cdc   0x00000004   Code   RO         2107    i.CDC_DeInit_HS     usbd_cdc_if.o
    0x08000ce0   0x08000ce0   0x00000024   Code   RO         2108    i.CDC_Init_HS       usbd_cdc_if.o
    0x08000d04   0x08000d04   0x00000038   Code   RO         2109    i.CDC_Receive_HS    usbd_cdc_if.o
    0x08000d3c   0x08000d3c   0x0000000c   Code   RO         2110    i.CDC_TransmitCplt_HS  usbd_cdc_if.o
    0x08000d48   0x08000d48   0x00000038   Code   RO         2111    i.CDC_Transmit_HS   usbd_cdc_if.o
    0x08000d80   0x08000d80   0x000000ac   Code   RO          938    i.CalibrateGyroBias  imu_task.o
    0x08000e2c   0x08000e2c   0x00000010   Code   RO         1764    i.DMA1_Stream0_IRQHandler  stm32h7xx_it.o
    0x08000e3c   0x08000e3c   0x000000ec   Code   RO         3839    i.DMA_CalcBaseAndBitshift  stm32h7xx_hal_dma.o
    0x08000f28   0x08000f28   0x000000c4   Code   RO         3840    i.DMA_CalcDMAMUXChannelBaseAndMask  stm32h7xx_hal_dma.o
    0x08000fec   0x08000fec   0x00000098   Code   RO         3841    i.DMA_CalcDMAMUXRequestGenBaseAndMask  stm32h7xx_hal_dma.o
    0x08001084   0x08001084   0x000000ae   Code   RO         3842    i.DMA_CheckFifoParam  stm32h7xx_hal_dma.o
    0x08001132   0x08001132   0x00000002   PAD
    0x08001134   0x08001134   0x00000274   Code   RO         3843    i.DMA_SetConfig     stm32h7xx_hal_dma.o
    0x080013a8   0x080013a8   0x00000002   Code   RO         1765    i.DebugMon_Handler  stm32h7xx_it.o
    0x080013aa   0x080013aa   0x00000006   Code   RO         1229    i.Error_Handler     main.o
    0x080013b0   0x080013b0   0x00000010   Code   RO         1766    i.FDCAN1_IT0_IRQHandler  stm32h7xx_it.o
    0x080013c0   0x080013c0   0x00000010   Code   RO         1767    i.FDCAN1_IT1_IRQHandler  stm32h7xx_it.o
    0x080013d0   0x080013d0   0x00000010   Code   RO         1768    i.FDCAN2_IT0_IRQHandler  stm32h7xx_it.o
    0x080013e0   0x080013e0   0x00000010   Code   RO         1769    i.FDCAN2_IT1_IRQHandler  stm32h7xx_it.o
    0x080013f0   0x080013f0   0x00000010   Code   RO         1770    i.FDCAN3_IT0_IRQHandler  stm32h7xx_it.o
    0x08001400   0x08001400   0x00000010   Code   RO         1771    i.FDCAN3_IT1_IRQHandler  stm32h7xx_it.o
    0x08001410   0x08001410   0x00000220   Code   RO         6172    i.FDCAN_CalcultateRamBlockAddresses  stm32h7xx_hal_fdcan.o
    0x08001630   0x08001630   0x000000d4   Code   RO         6173    i.FDCAN_CopyMessageToRAM  stm32h7xx_hal_fdcan.o
    0x08001704   0x08001704   0x0000016c   Code   RO          998    i.FunTest_Entry     fun_test_task.o
    0x08001870   0x08001870   0x00000114   Code   RO          939    i.GetAngle          imu_task.o
    0x08001984   0x08001984   0x00000034   Code   RO         2010    i.Get_SerialNum     usbd_desc.o
    0x080019b8   0x080019b8   0x000000b8   Code   RO         5903    i.HAL_ADCEx_Calibration_Start  stm32h7xx_hal_adc_ex.o
    0x08001a70   0x08001a70   0x00000164   Code   RO         5923    i.HAL_ADCEx_MultiModeConfigChannel  stm32h7xx_hal_adc_ex.o
    0x08001bd4   0x08001bd4   0x00000788   Code   RO         5634    i.HAL_ADC_ConfigChannel  stm32h7xx_hal_adc.o
    0x0800235c   0x0800235c   0x00000002   Code   RO         5635    i.HAL_ADC_ConvCpltCallback  stm32h7xx_hal_adc.o
    0x0800235e   0x0800235e   0x00000002   Code   RO         5636    i.HAL_ADC_ConvHalfCpltCallback  stm32h7xx_hal_adc.o
    0x08002360   0x08002360   0x00000002   Code   RO         5638    i.HAL_ADC_ErrorCallback  stm32h7xx_hal_adc.o
    0x08002362   0x08002362   0x00000002   PAD
    0x08002364   0x08002364   0x00000340   Code   RO         5643    i.HAL_ADC_Init      stm32h7xx_hal_adc.o
    0x080026a4   0x080026a4   0x0000012c   Code   RO         1405    i.HAL_ADC_MspInit   adc.o
    0x080027d0   0x080027d0   0x00000170   Code   RO         5650    i.HAL_ADC_Start_DMA  stm32h7xx_hal_adc.o
    0x08002940   0x08002940   0x000004dc   Code   RO         3844    i.HAL_DMA_Abort     stm32h7xx_hal_dma.o
    0x08002e1c   0x08002e1c   0x00000398   Code   RO         3845    i.HAL_DMA_Abort_IT  stm32h7xx_hal_dma.o
    0x080031b4   0x080031b4   0x00000af8   Code   RO         3849    i.HAL_DMA_IRQHandler  stm32h7xx_hal_dma.o
    0x08003cac   0x08003cac   0x00000514   Code   RO         3850    i.HAL_DMA_Init      stm32h7xx_hal_dma.o
    0x080041c0   0x080041c0   0x000003e0   Code   RO         3854    i.HAL_DMA_Start_IT  stm32h7xx_hal_dma.o
    0x080045a0   0x080045a0   0x00000028   Code   RO         4687    i.HAL_Delay         stm32h7xx_hal.o
    0x080045c8   0x080045c8   0x000000a8   Code   RO         6175    i.HAL_FDCAN_ActivateNotification  stm32h7xx_hal_fdcan.o
    0x08004670   0x08004670   0x00000090   Code   RO         6177    i.HAL_FDCAN_AddMessageToTxFifoQ  stm32h7xx_hal_fdcan.o
    0x08004700   0x08004700   0x00000002   Code   RO         6178    i.HAL_FDCAN_ClockCalibrationCallback  stm32h7xx_hal_fdcan.o
    0x08004702   0x08004702   0x0000006c   Code   RO         6181    i.HAL_FDCAN_ConfigFifoWatermark  stm32h7xx_hal_fdcan.o
    0x0800476e   0x0800476e   0x000000a8   Code   RO         6182    i.HAL_FDCAN_ConfigFilter  stm32h7xx_hal_fdcan.o
    0x08004816   0x08004816   0x00000002   Code   RO         6204    i.HAL_FDCAN_ErrorCallback  stm32h7xx_hal_fdcan.o
    0x08004818   0x08004818   0x00000002   Code   RO         6205    i.HAL_FDCAN_ErrorStatusCallback  stm32h7xx_hal_fdcan.o
    0x0800481a   0x0800481a   0x00000002   PAD
    0x0800481c   0x0800481c   0x000001f4   Code   RO         6216    i.HAL_FDCAN_GetRxMessage  stm32h7xx_hal_fdcan.o
    0x08004a10   0x08004a10   0x00000002   Code   RO         6222    i.HAL_FDCAN_HighPriorityMessageCallback  stm32h7xx_hal_fdcan.o
    0x08004a12   0x08004a12   0x00000002   PAD
    0x08004a14   0x08004a14   0x000003d4   Code   RO         6223    i.HAL_FDCAN_IRQHandler  stm32h7xx_hal_fdcan.o
    0x08004de8   0x08004de8   0x000002e0   Code   RO         6224    i.HAL_FDCAN_Init    stm32h7xx_hal_fdcan.o
    0x080050c8   0x080050c8   0x0000023c   Code   RO         1471    i.HAL_FDCAN_MspInit  fdcan.o
    0x08005304   0x08005304   0x00000002   Code   RO         6233    i.HAL_FDCAN_RxBufferNewMessageCallback  stm32h7xx_hal_fdcan.o
    0x08005306   0x08005306   0x00000002   PAD
    0x08005308   0x08005308   0x00000038   Code   RO          623    i.HAL_FDCAN_RxFifo0Callback  can_bsp.o
    0x08005340   0x08005340   0x00000002   Code   RO         6235    i.HAL_FDCAN_RxFifo1Callback  stm32h7xx_hal_fdcan.o
    0x08005342   0x08005342   0x00000034   Code   RO         6236    i.HAL_FDCAN_Start   stm32h7xx_hal_fdcan.o
    0x08005376   0x08005376   0x00000002   Code   RO         6258    i.HAL_FDCAN_TT_GlobalTimeCallback  stm32h7xx_hal_fdcan.o
    0x08005378   0x08005378   0x00000002   Code   RO         6259    i.HAL_FDCAN_TT_ScheduleSyncCallback  stm32h7xx_hal_fdcan.o
    0x0800537a   0x0800537a   0x00000002   Code   RO         6264    i.HAL_FDCAN_TT_StopWatchCallback  stm32h7xx_hal_fdcan.o
    0x0800537c   0x0800537c   0x00000002   Code   RO         6265    i.HAL_FDCAN_TT_TimeMarkCallback  stm32h7xx_hal_fdcan.o
    0x0800537e   0x0800537e   0x00000002   Code   RO         6266    i.HAL_FDCAN_TimeoutOccurredCallback  stm32h7xx_hal_fdcan.o
    0x08005380   0x08005380   0x00000002   Code   RO         6267    i.HAL_FDCAN_TimestampWraparoundCallback  stm32h7xx_hal_fdcan.o
    0x08005382   0x08005382   0x00000002   Code   RO         6268    i.HAL_FDCAN_TxBufferAbortCallback  stm32h7xx_hal_fdcan.o
    0x08005384   0x08005384   0x00000002   Code   RO         6269    i.HAL_FDCAN_TxBufferCompleteCallback  stm32h7xx_hal_fdcan.o
    0x08005386   0x08005386   0x00000002   Code   RO         6270    i.HAL_FDCAN_TxEventFifoCallback  stm32h7xx_hal_fdcan.o
    0x08005388   0x08005388   0x00000002   Code   RO         6271    i.HAL_FDCAN_TxFifoEmptyCallback  stm32h7xx_hal_fdcan.o
    0x0800538a   0x0800538a   0x00000002   PAD
    0x0800538c   0x0800538c   0x0000016c   Code   RO         3689    i.HAL_GPIO_DeInit   stm32h7xx_hal_gpio.o
    0x080054f8   0x080054f8   0x000001f0   Code   RO         3692    i.HAL_GPIO_Init     stm32h7xx_hal_gpio.o
    0x080056e8   0x080056e8   0x00000010   Code   RO         3694    i.HAL_GPIO_ReadPin  stm32h7xx_hal_gpio.o
    0x080056f8   0x080056f8   0x0000000c   Code   RO         3696    i.HAL_GPIO_WritePin  stm32h7xx_hal_gpio.o
    0x08005704   0x08005704   0x0000000c   Code   RO         4703    i.HAL_GetTick       stm32h7xx_hal.o
    0x08005710   0x08005710   0x00000018   Code   RO         4709    i.HAL_IncTick       stm32h7xx_hal.o
    0x08005728   0x08005728   0x00000060   Code   RO         4710    i.HAL_Init          stm32h7xx_hal.o
    0x08005788   0x08005788   0x00000094   Code   RO         1929    i.HAL_InitTick      stm32h7xx_hal_timebase_tim.o
    0x0800581c   0x0800581c   0x00000030   Code   RO         1905    i.HAL_MspInit       stm32h7xx_hal_msp.o
    0x0800584c   0x0800584c   0x00000028   Code   RO         4540    i.HAL_NVIC_EnableIRQ  stm32h7xx_hal_cortex.o
    0x08005874   0x08005874   0x0000007a   Code   RO         4546    i.HAL_NVIC_SetPriority  stm32h7xx_hal_cortex.o
    0x080058ee   0x080058ee   0x00000002   PAD
    0x080058f0   0x080058f0   0x00000028   Code   RO         4547    i.HAL_NVIC_SetPriorityGrouping  stm32h7xx_hal_cortex.o
    0x08005918   0x08005918   0x000006f8   Code   RO         6790    i.HAL_OSPIM_Config  stm32h7xx_hal_ospi.o
    0x08006010   0x08006010   0x00000032   Code   RO         6799    i.HAL_OSPI_DeInit   stm32h7xx_hal_ospi.o
    0x08006042   0x08006042   0x00000002   PAD
    0x08006044   0x08006044   0x00000110   Code   RO         6808    i.HAL_OSPI_Init     stm32h7xx_hal_ospi.o
    0x08006154   0x08006154   0x00000060   Code   RO         1525    i.HAL_OSPI_MspDeInit  octospi.o
    0x080061b4   0x080061b4   0x000001a4   Code   RO         1526    i.HAL_OSPI_MspInit  octospi.o
    0x08006358   0x08006358   0x00000008   Code   RO         6818    i.HAL_OSPI_SetTimeout  stm32h7xx_hal_ospi.o
    0x08006360   0x08006360   0x00000028   Code   RO         2737    i.HAL_PCDEx_ActivateLPM  stm32h7xx_hal_pcd_ex.o
    0x08006388   0x08006388   0x00000002   Code   RO         2742    i.HAL_PCDEx_LPM_Callback  stm32h7xx_hal_pcd_ex.o
    0x0800638a   0x0800638a   0x0000000a   Code   RO         2743    i.HAL_PCDEx_SetRxFiFo  stm32h7xx_hal_pcd_ex.o
    0x08006394   0x08006394   0x0000004e   Code   RO         2744    i.HAL_PCDEx_SetTxFiFo  stm32h7xx_hal_pcd_ex.o
    0x080063e2   0x080063e2   0x0000000e   Code   RO         2176    i.HAL_PCD_ConnectCallback  usbd_conf.o
    0x080063f0   0x080063f0   0x00000020   Code   RO         2177    i.HAL_PCD_DataInStageCallback  usbd_conf.o
    0x08006410   0x08006410   0x00000020   Code   RO         2178    i.HAL_PCD_DataOutStageCallback  usbd_conf.o
    0x08006430   0x08006430   0x0000000e   Code   RO         2179    i.HAL_PCD_DisconnectCallback  usbd_conf.o
    0x0800643e   0x0800643e   0x00000042   Code   RO         2508    i.HAL_PCD_EP_Abort  stm32h7xx_hal_pcd.o
    0x08006480   0x08006480   0x0000006a   Code   RO         2509    i.HAL_PCD_EP_Close  stm32h7xx_hal_pcd.o
    0x080064ea   0x080064ea   0x0000007c   Code   RO         2510    i.HAL_PCD_EP_ClrStall  stm32h7xx_hal_pcd.o
    0x08006566   0x08006566   0x00000016   Code   RO         2512    i.HAL_PCD_EP_GetRxCount  stm32h7xx_hal_pcd.o
    0x0800657c   0x0800657c   0x0000008c   Code   RO         2513    i.HAL_PCD_EP_Open   stm32h7xx_hal_pcd.o
    0x08006608   0x08006608   0x00000046   Code   RO         2514    i.HAL_PCD_EP_Receive  stm32h7xx_hal_pcd.o
    0x0800664e   0x0800664e   0x0000008a   Code   RO         2515    i.HAL_PCD_EP_SetStall  stm32h7xx_hal_pcd.o
    0x080066d8   0x080066d8   0x00000048   Code   RO         2516    i.HAL_PCD_EP_Transmit  stm32h7xx_hal_pcd.o
    0x08006720   0x08006720   0x0000070e   Code   RO         2518    i.HAL_PCD_IRQHandler  stm32h7xx_hal_pcd.o
    0x08006e2e   0x08006e2e   0x00000012   Code   RO         2180    i.HAL_PCD_ISOINIncompleteCallback  usbd_conf.o
    0x08006e40   0x08006e40   0x00000012   Code   RO         2181    i.HAL_PCD_ISOOUTIncompleteCallback  usbd_conf.o
    0x08006e52   0x08006e52   0x00000172   Code   RO         2521    i.HAL_PCD_Init      stm32h7xx_hal_pcd.o
    0x08006fc4   0x08006fc4   0x00000070   Code   RO         2183    i.HAL_PCD_MspInit   usbd_conf.o
    0x08007034   0x08007034   0x00000030   Code   RO         2184    i.HAL_PCD_ResetCallback  usbd_conf.o
    0x08007064   0x08007064   0x0000000e   Code   RO         2185    i.HAL_PCD_ResumeCallback  usbd_conf.o
    0x08007072   0x08007072   0x0000000e   Code   RO         2186    i.HAL_PCD_SOFCallback  usbd_conf.o
    0x08007080   0x08007080   0x00000036   Code   RO         2527    i.HAL_PCD_SetAddress  stm32h7xx_hal_pcd.o
    0x080070b6   0x080070b6   0x00000012   Code   RO         2187    i.HAL_PCD_SetupStageCallback  usbd_conf.o
    0x080070c8   0x080070c8   0x0000004c   Code   RO         2530    i.HAL_PCD_Start     stm32h7xx_hal_pcd.o
    0x08007114   0x08007114   0x00000034   Code   RO         2188    i.HAL_PCD_SuspendCallback  usbd_conf.o
    0x08007148   0x08007148   0x00000060   Code   RO         4293    i.HAL_PWREx_ConfigSupply  stm32h7xx_hal_pwr_ex.o
    0x080071a8   0x080071a8   0x00000014   Code   RO         4310    i.HAL_PWREx_EnableUSBVoltageDetector  stm32h7xx_hal_pwr_ex.o
    0x080071bc   0x080071bc   0x00000024   Code   RO         3235    i.HAL_RCCEx_GetD3PCLK1Freq  stm32h7xx_hal_rcc_ex.o
    0x080071e0   0x080071e0   0x00000230   Code   RO         3236    i.HAL_RCCEx_GetPLL1ClockFreq  stm32h7xx_hal_rcc_ex.o
    0x08007410   0x08007410   0x00000230   Code   RO         3237    i.HAL_RCCEx_GetPLL2ClockFreq  stm32h7xx_hal_rcc_ex.o
    0x08007640   0x08007640   0x00000230   Code   RO         3238    i.HAL_RCCEx_GetPLL3ClockFreq  stm32h7xx_hal_rcc_ex.o
    0x08007870   0x08007870   0x000007ac   Code   RO         3240    i.HAL_RCCEx_GetPeriphCLKFreq  stm32h7xx_hal_rcc_ex.o
    0x0800801c   0x0800801c   0x00000cc8   Code   RO         3244    i.HAL_RCCEx_PeriphCLKConfig  stm32h7xx_hal_rcc_ex.o
    0x08008ce4   0x08008ce4   0x00000320   Code   RO         3120    i.HAL_RCC_ClockConfig  stm32h7xx_hal_rcc.o
    0x08009004   0x08009004   0x0000006c   Code   RO         3124    i.HAL_RCC_GetClockConfig  stm32h7xx_hal_rcc.o
    0x08009070   0x08009070   0x0000004c   Code   RO         3125    i.HAL_RCC_GetHCLKFreq  stm32h7xx_hal_rcc.o
    0x080090bc   0x080090bc   0x00000024   Code   RO         3127    i.HAL_RCC_GetPCLK1Freq  stm32h7xx_hal_rcc.o
    0x080090e0   0x080090e0   0x00000024   Code   RO         3128    i.HAL_RCC_GetPCLK2Freq  stm32h7xx_hal_rcc.o
    0x08009104   0x08009104   0x0000022c   Code   RO         3129    i.HAL_RCC_GetSysClockFreq  stm32h7xx_hal_rcc.o
    0x08009330   0x08009330   0x000000bc   Code   RO         3130    i.HAL_RCC_MCOConfig  stm32h7xx_hal_rcc.o
    0x080093ec   0x080093ec   0x0000075c   Code   RO         3132    i.HAL_RCC_OscConfig  stm32h7xx_hal_rcc.o
    0x08009b48   0x08009b48   0x00000098   Code   RO         8842    i.HAL_RS485Ex_Init  stm32h7xx_hal_uart_ex.o
    0x08009be0   0x08009be0   0x000001b0   Code   RO         7065    i.HAL_SPI_Init      stm32h7xx_hal_spi.o
    0x08009d90   0x08009d90   0x00000250   Code   RO         1568    i.HAL_SPI_MspInit   spi.o
    0x08009fe0   0x08009fe0   0x000002d4   Code   RO         7074    i.HAL_SPI_Transmit  stm32h7xx_hal_spi.o
    0x0800a2b4   0x0800a2b4   0x00000302   Code   RO         7075    i.HAL_SPI_TransmitReceive  stm32h7xx_hal_spi.o
    0x0800a5b6   0x0800a5b6   0x00000002   Code   RO         8115    i.HAL_TIMEx_Break2Callback  stm32h7xx_hal_tim_ex.o
    0x0800a5b8   0x0800a5b8   0x00000002   Code   RO         8116    i.HAL_TIMEx_BreakCallback  stm32h7xx_hal_tim_ex.o
    0x0800a5ba   0x0800a5ba   0x00000002   Code   RO         8117    i.HAL_TIMEx_CommutCallback  stm32h7xx_hal_tim_ex.o
    0x0800a5bc   0x0800a5bc   0x000000e8   Code   RO         8119    i.HAL_TIMEx_ConfigBreakDeadTime  stm32h7xx_hal_tim_ex.o
    0x0800a6a4   0x0800a6a4   0x000000e4   Code   RO         8138    i.HAL_TIMEx_MasterConfigSynchronization  stm32h7xx_hal_tim_ex.o
    0x0800a788   0x0800a788   0x0000006e   Code   RO         7390    i.HAL_TIM_Base_Init  stm32h7xx_hal_tim.o
    0x0800a7f6   0x0800a7f6   0x00000002   Code   RO         7392    i.HAL_TIM_Base_MspInit  stm32h7xx_hal_tim.o
    0x0800a7f8   0x0800a7f8   0x000000cc   Code   RO         7395    i.HAL_TIM_Base_Start_IT  stm32h7xx_hal_tim.o
    0x0800a8c4   0x0800a8c4   0x00000002   Code   RO         7424    i.HAL_TIM_IC_CaptureCallback  stm32h7xx_hal_tim.o
    0x0800a8c6   0x0800a8c6   0x000001b8   Code   RO         7438    i.HAL_TIM_IRQHandler  stm32h7xx_hal_tim.o
    0x0800aa7e   0x0800aa7e   0x00000002   PAD
    0x0800aa80   0x0800aa80   0x00000130   Code   RO         1621    i.HAL_TIM_MspPostInit  tim.o
    0x0800abb0   0x0800abb0   0x00000002   Code   RO         7441    i.HAL_TIM_OC_DelayElapsedCallback  stm32h7xx_hal_tim.o
    0x0800abb2   0x0800abb2   0x00000170   Code   RO         7462    i.HAL_TIM_PWM_ConfigChannel  stm32h7xx_hal_tim.o
    0x0800ad22   0x0800ad22   0x0000006e   Code   RO         7465    i.HAL_TIM_PWM_Init  stm32h7xx_hal_tim.o
    0x0800ad90   0x0800ad90   0x000000b0   Code   RO         1623    i.HAL_TIM_PWM_MspInit  tim.o
    0x0800ae40   0x0800ae40   0x00000002   Code   RO         7468    i.HAL_TIM_PWM_PulseFinishedCallback  stm32h7xx_hal_tim.o
    0x0800ae42   0x0800ae42   0x00000002   PAD
    0x0800ae44   0x0800ae44   0x0000017c   Code   RO         7470    i.HAL_TIM_PWM_Start  stm32h7xx_hal_tim.o
    0x0800afc0   0x0800afc0   0x00000018   Code   RO         1230    i.HAL_TIM_PeriodElapsedCallback  main.o
    0x0800afd8   0x0800afd8   0x00000002   Code   RO         7481    i.HAL_TIM_TriggerCallback  stm32h7xx_hal_tim.o
    0x0800afda   0x0800afda   0x0000004e   Code   RO         8843    i.HAL_UARTEx_DisableFifoMode  stm32h7xx_hal_uart_ex.o
    0x0800b028   0x0800b028   0x00000002   Code   RO         8427    i.HAL_UARTEx_RxEventCallback  stm32h7xx_hal_uart.o
    0x0800b02a   0x0800b02a   0x00000002   Code   RO         8851    i.HAL_UARTEx_RxFifoFullCallback  stm32h7xx_hal_uart_ex.o
    0x0800b02c   0x0800b02c   0x0000005e   Code   RO         8852    i.HAL_UARTEx_SetRxFifoThreshold  stm32h7xx_hal_uart_ex.o
    0x0800b08a   0x0800b08a   0x0000005e   Code   RO         8853    i.HAL_UARTEx_SetTxFifoThreshold  stm32h7xx_hal_uart_ex.o
    0x0800b0e8   0x0800b0e8   0x00000002   Code   RO         8855    i.HAL_UARTEx_TxFifoEmptyCallback  stm32h7xx_hal_uart_ex.o
    0x0800b0ea   0x0800b0ea   0x00000002   Code   RO         8856    i.HAL_UARTEx_WakeupCallback  stm32h7xx_hal_uart_ex.o
    0x0800b0ec   0x0800b0ec   0x00000002   Code   RO         8443    i.HAL_UART_ErrorCallback  stm32h7xx_hal_uart.o
    0x0800b0ee   0x0800b0ee   0x00000002   PAD
    0x0800b0f0   0x0800b0f0   0x00000494   Code   RO         8446    i.HAL_UART_IRQHandler  stm32h7xx_hal_uart.o
    0x0800b584   0x0800b584   0x00000078   Code   RO         8447    i.HAL_UART_Init     stm32h7xx_hal_uart.o
    0x0800b5fc   0x0800b5fc   0x00000340   Code   RO         1688    i.HAL_UART_MspInit  usart.o
    0x0800b93c   0x0800b93c   0x0000005c   Code   RO         8452    i.HAL_UART_Receive_IT  stm32h7xx_hal_uart.o
    0x0800b998   0x0800b998   0x0000009c   Code   RO          999    i.HAL_UART_RxCpltCallback  fun_test_task.o
    0x0800ba34   0x0800ba34   0x000000c2   Code   RO         8456    i.HAL_UART_Transmit  stm32h7xx_hal_uart.o
    0x0800baf6   0x0800baf6   0x00000002   Code   RO         8459    i.HAL_UART_TxCpltCallback  stm32h7xx_hal_uart.o
    0x0800baf8   0x0800baf8   0x00000004   Code   RO         1772    i.HardFault_Handler  stm32h7xx_it.o
    0x0800bafc   0x0800bafc   0x00000190   Code   RO          940    i.ImuTask_Entry     imu_task.o
    0x0800bc8c   0x0800bc8c   0x0000003e   Code   RO         2011    i.IntToUnicode      usbd_desc.o
    0x0800bcca   0x0800bcca   0x00000002   PAD
    0x0800bccc   0x0800bccc   0x000000e8   Code   RO          841    i.KeyTask_Entry     key_task.o
    0x0800bdb4   0x0800bdb4   0x00000042   Code   RO          285    i.LCD_Address_Set   lcd.o
    0x0800bdf6   0x0800bdf6   0x0000001c   Code   RO          287    i.LCD_DrawPoint     lcd.o
    0x0800be12   0x0800be12   0x0000004a   Code   RO          289    i.LCD_Fill          lcd.o
    0x0800be5c   0x0800be5c   0x0000019c   Code   RO          290    i.LCD_Init          lcd.o
    0x0800bff8   0x0800bff8   0x00000158   Code   RO          291    i.LCD_ShowChar      lcd.o
    0x0800c150   0x0800c150   0x00000130   Code   RO          297    i.LCD_ShowFloatNum  lcd.o
    0x0800c280   0x0800c280   0x00000078   Code   RO          300    i.LCD_ShowPicture   lcd.o
    0x0800c2f8   0x0800c2f8   0x00000042   Code   RO          301    i.LCD_ShowString    lcd.o
    0x0800c33a   0x0800c33a   0x00000012   Code   RO          302    i.LCD_WR_DATA       lcd.o
    0x0800c34c   0x0800c34c   0x0000000c   Code   RO          303    i.LCD_WR_DATA8      lcd.o
    0x0800c358   0x0800c358   0x00000028   Code   RO          304    i.LCD_WR_REG        lcd.o
    0x0800c380   0x0800c380   0x00000030   Code   RO          305    i.LCD_Writ_Bus      lcd.o
    0x0800c3b0   0x0800c3b0   0x00000010   Code   RO         5656    i.LL_ADC_Enable     stm32h7xx_hal_adc.o
    0x0800c3c0   0x0800c3c0   0x0000000a   Code   RO         5658    i.LL_ADC_GetMultimode  stm32h7xx_hal_adc.o
    0x0800c3ca   0x0800c3ca   0x00000012   Code   RO         5659    i.LL_ADC_GetOffsetChannel  stm32h7xx_hal_adc.o
    0x0800c3dc   0x0800c3dc   0x0000000a   Code   RO         5660    i.LL_ADC_INJ_IsConversionOngoing  stm32h7xx_hal_adc.o
    0x0800c3e6   0x0800c3e6   0x0000000a   Code   RO         5661    i.LL_ADC_IsDisableOngoing  stm32h7xx_hal_adc.o
    0x0800c3f0   0x0800c3f0   0x0000000a   Code   RO         5662    i.LL_ADC_IsEnabled  stm32h7xx_hal_adc.o
    0x0800c3fa   0x0800c3fa   0x0000000a   Code   RO         5936    i.LL_ADC_IsEnabled  stm32h7xx_hal_adc_ex.o
    0x0800c404   0x0800c404   0x0000000a   Code   RO         5663    i.LL_ADC_IsInternalRegulatorEnabled  stm32h7xx_hal_adc.o
    0x0800c40e   0x0800c40e   0x0000000a   Code   RO         5664    i.LL_ADC_REG_IsConversionOngoing  stm32h7xx_hal_adc.o
    0x0800c418   0x0800c418   0x0000000a   Code   RO         5937    i.LL_ADC_REG_IsConversionOngoing  stm32h7xx_hal_adc_ex.o
    0x0800c422   0x0800c422   0x00000012   Code   RO         5665    i.LL_ADC_REG_IsTriggerSourceSWStart  stm32h7xx_hal_adc.o
    0x0800c434   0x0800c434   0x00000010   Code   RO         5666    i.LL_ADC_REG_StartConversion  stm32h7xx_hal_adc.o
    0x0800c444   0x0800c444   0x00000028   Code   RO         5668    i.LL_ADC_SetChannelSamplingTime  stm32h7xx_hal_adc.o
    0x0800c46c   0x0800c46c   0x0000000c   Code   RO         5669    i.LL_ADC_SetCommonPathInternalCh  stm32h7xx_hal_adc.o
    0x0800c478   0x0800c478   0x00000030   Code   RO         5670    i.LL_ADC_SetOffsetState  stm32h7xx_hal_adc.o
    0x0800c4a8   0x0800c4a8   0x000000d8   Code   RO          879    i.LcdTask_Entry     lcd_task.o
    0x0800c580   0x0800c580   0x0000000a   Code   RO         1047    i.LogicTask_Entry   logic_task.o
    0x0800c58a   0x0800c58a   0x00000002   PAD
    0x0800c58c   0x0800c58c   0x000000c4   Code   RO         1406    i.MX_ADC1_Init      adc.o
    0x0800c650   0x0800c650   0x00000034   Code   RO         1446    i.MX_DMA_Init       dma.o
    0x0800c684   0x0800c684   0x0000007c   Code   RO         1472    i.MX_FDCAN1_Init    fdcan.o
    0x0800c700   0x0800c700   0x0000007c   Code   RO         1473    i.MX_FDCAN2_Init    fdcan.o
    0x0800c77c   0x0800c77c   0x0000007c   Code   RO         1474    i.MX_FDCAN3_Init    fdcan.o
    0x0800c7f8   0x0800c7f8   0x00000164   Code   RO         1322    i.MX_FREERTOS_Init  freertos.o
    0x0800c95c   0x0800c95c   0x000001d8   Code   RO         1296    i.MX_GPIO_Init      gpio.o
    0x0800cb34   0x0800cb34   0x000000a4   Code   RO         1527    i.MX_OCTOSPI2_Init  octospi.o
    0x0800cbd8   0x0800cbd8   0x00000064   Code   RO         1569    i.MX_SPI1_Init      spi.o
    0x0800cc3c   0x0800cc3c   0x00000064   Code   RO         1570    i.MX_SPI2_Init      spi.o
    0x0800cca0   0x0800cca0   0x00000064   Code   RO         1571    i.MX_SPI6_Init      spi.o
    0x0800cd04   0x0800cd04   0x0000007c   Code   RO         1624    i.MX_TIM12_Init     tim.o
    0x0800cd80   0x0800cd80   0x000000d4   Code   RO         1625    i.MX_TIM1_Init      tim.o
    0x0800ce54   0x0800ce54   0x00000090   Code   RO         1626    i.MX_TIM2_Init      tim.o
    0x0800cee4   0x0800cee4   0x00000080   Code   RO         1627    i.MX_TIM3_Init      tim.o
    0x0800cf64   0x0800cf64   0x0000006c   Code   RO         1689    i.MX_UART7_Init     usart.o
    0x0800cfd0   0x0800cfd0   0x0000006c   Code   RO         1690    i.MX_USART10_UART_Init  usart.o
    0x0800d03c   0x0800d03c   0x0000006c   Code   RO         1691    i.MX_USART1_UART_Init  usart.o
    0x0800d0a8   0x0800d0a8   0x00000070   Code   RO         1692    i.MX_USART2_UART_Init  usart.o
    0x0800d118   0x0800d118   0x00000070   Code   RO         1693    i.MX_USART3_UART_Init  usart.o
    0x0800d188   0x0800d188   0x00000050   Code   RO         1975    i.MX_USB_DEVICE_Init  usb_device.o
    0x0800d1d8   0x0800d1d8   0x000002f8   Code   RO         2385    i.MahonyAHRSupdateIMU  mahonyahrs.o
    0x0800d4d0   0x0800d4d0   0x00000004   Code   RO         1773    i.MemManage_Handler  stm32h7xx_it.o
    0x0800d4d4   0x0800d4d4   0x0000000a   Code   RO         1059    i.MoveTask_Entry    move_task.o
    0x0800d4de   0x0800d4de   0x00000004   Code   RO         1774    i.NMI_Handler       stm32h7xx_it.o
    0x0800d4e2   0x0800d4e2   0x00000002   PAD
    0x0800d4e4   0x0800d4e4   0x000000e8   Code   RO         6826    i.OSPIM_GetConfig   stm32h7xx_hal_ospi.o
    0x0800d5cc   0x0800d5cc   0x0000004c   Code   RO         6831    i.OSPI_WaitFlagStateUntilTimeout  stm32h7xx_hal_ospi.o
    0x0800d618   0x0800d618   0x00000010   Code   RO         1775    i.OTG_HS_IRQHandler  stm32h7xx_it.o
    0x0800d628   0x0800d628   0x0000000a   Code   RO         1077    i.OrderTask_Entry   order_task.o
    0x0800d632   0x0800d632   0x00000002   PAD
    0x0800d634   0x0800d634   0x00000064   Code   RO         2533    i.PCD_EP_OutSetupPacket_int  stm32h7xx_hal_pcd.o
    0x0800d698   0x0800d698   0x00000144   Code   RO         2534    i.PCD_EP_OutXfrComplete_int  stm32h7xx_hal_pcd.o
    0x0800d7dc   0x0800d7dc   0x000000b6   Code   RO         2535    i.PCD_WriteEmptyTxFifo  stm32h7xx_hal_pcd.o
    0x0800d892   0x0800d892   0x00000002   PAD
    0x0800d894   0x0800d894   0x00000164   Code   RO         3247    i.RCCEx_PLL2_Config  stm32h7xx_hal_rcc_ex.o
    0x0800d9f8   0x0800d9f8   0x00000164   Code   RO         3248    i.RCCEx_PLL3_Config  stm32h7xx_hal_rcc_ex.o
    0x0800db5c   0x0800db5c   0x000000d6   Code   RO         7085    i.SPI_CloseTransfer  stm32h7xx_hal_spi.o
    0x0800dc32   0x0800dc32   0x0000001a   Code   RO         7096    i.SPI_GetPacketSize  stm32h7xx_hal_spi.o
    0x0800dc4c   0x0800dc4c   0x00000042   Code   RO         7103    i.SPI_WaitOnFlagUntilTimeout  stm32h7xx_hal_spi.o
    0x0800dc8e   0x0800dc8e   0x00000012   Code   RO        10817    i.SWAPBYTE          usbd_ctlreq.o
    0x0800dca0   0x0800dca0   0x0000000e   Code   RO         1325    i.StartDefaultTask  freertos.o
    0x0800dcae   0x0800dcae   0x00000002   PAD
    0x0800dcb0   0x0800dcb0   0x00000034   Code   RO        10572    i.SysTick_Handler   port.o
    0x0800dce4   0x0800dce4   0x000000d0   Code   RO         1232    i.SystemClock_Config  main.o
    0x0800ddb4   0x0800ddb4   0x000000e0   Code   RO         8967    i.SystemInit        system_stm32h7xx.o
    0x0800de94   0x0800de94   0x00000010   Code   RO         1776    i.TIM23_IRQHandler  stm32h7xx_it.o
    0x0800dea4   0x0800dea4   0x000000e0   Code   RO         7483    i.TIM_Base_SetConfig  stm32h7xx_hal_tim.o
    0x0800df84   0x0800df84   0x00000022   Code   RO         7484    i.TIM_CCxChannelCmd  stm32h7xx_hal_tim.o
    0x0800dfa6   0x0800dfa6   0x00000002   PAD
    0x0800dfa8   0x0800dfa8   0x000000ac   Code   RO         7496    i.TIM_OC1_SetConfig  stm32h7xx_hal_tim.o
    0x0800e054   0x0800e054   0x000000b4   Code   RO         7497    i.TIM_OC2_SetConfig  stm32h7xx_hal_tim.o
    0x0800e108   0x0800e108   0x000000b4   Code   RO         7498    i.TIM_OC3_SetConfig  stm32h7xx_hal_tim.o
    0x0800e1bc   0x0800e1bc   0x00000074   Code   RO         7499    i.TIM_OC4_SetConfig  stm32h7xx_hal_tim.o
    0x0800e230   0x0800e230   0x00000070   Code   RO         7500    i.TIM_OC5_SetConfig  stm32h7xx_hal_tim.o
    0x0800e2a0   0x0800e2a0   0x00000070   Code   RO         7501    i.TIM_OC6_SetConfig  stm32h7xx_hal_tim.o
    0x0800e310   0x0800e310   0x00000010   Code   RO         1777    i.UART7_IRQHandler  stm32h7xx_it.o
    0x0800e320   0x0800e320   0x00000058   Code   RO         8857    i.UARTEx_SetNbDataToProcess  stm32h7xx_hal_uart_ex.o
    0x0800e378   0x0800e378   0x000000f8   Code   RO         8461    i.UART_AdvFeatureConfig  stm32h7xx_hal_uart.o
    0x0800e470   0x0800e470   0x000000ea   Code   RO         8462    i.UART_CheckIdleState  stm32h7xx_hal_uart.o
    0x0800e55a   0x0800e55a   0x00000018   Code   RO         8463    i.UART_DMAAbortOnError  stm32h7xx_hal_uart.o
    0x0800e572   0x0800e572   0x00000002   PAD
    0x0800e574   0x0800e574   0x0000006c   Code   RO         8473    i.UART_EndRxTransfer  stm32h7xx_hal_uart.o
    0x0800e5e0   0x0800e5e0   0x00000030   Code   RO         8474    i.UART_EndTransmit_IT  stm32h7xx_hal_uart.o
    0x0800e610   0x0800e610   0x00000104   Code   RO         8476    i.UART_RxISR_16BIT  stm32h7xx_hal_uart.o
    0x0800e714   0x0800e714   0x000001fc   Code   RO         8477    i.UART_RxISR_16BIT_FIFOEN  stm32h7xx_hal_uart.o
    0x0800e910   0x0800e910   0x00000104   Code   RO         8478    i.UART_RxISR_8BIT   stm32h7xx_hal_uart.o
    0x0800ea14   0x0800ea14   0x000001f8   Code   RO         8479    i.UART_RxISR_8BIT_FIFOEN  stm32h7xx_hal_uart.o
    0x0800ec0c   0x0800ec0c   0x00000628   Code   RO         8480    i.UART_SetConfig    stm32h7xx_hal_uart.o
    0x0800f234   0x0800f234   0x0000015c   Code   RO         8482    i.UART_Start_Receive_IT  stm32h7xx_hal_uart.o
    0x0800f390   0x0800f390   0x000000a2   Code   RO         8487    i.UART_WaitOnFlagUntilTimeout  stm32h7xx_hal_uart.o
    0x0800f432   0x0800f432   0x00000002   PAD
    0x0800f434   0x0800f434   0x00000010   Code   RO         1778    i.USART10_IRQHandler  stm32h7xx_it.o
    0x0800f444   0x0800f444   0x00000010   Code   RO         1779    i.USART1_IRQHandler  stm32h7xx_it.o
    0x0800f454   0x0800f454   0x00000010   Code   RO         1780    i.USART2_IRQHandler  stm32h7xx_it.o
    0x0800f464   0x0800f464   0x00000010   Code   RO         1781    i.USART3_IRQHandler  stm32h7xx_it.o
    0x0800f474   0x0800f474   0x000000c4   Code   RO        10988    i.USBD_CDC_DataIn   usbd_cdc.o
    0x0800f538   0x0800f538   0x00000048   Code   RO        10989    i.USBD_CDC_DataOut  usbd_cdc.o
    0x0800f580   0x0800f580   0x000000d4   Code   RO        10990    i.USBD_CDC_DeInit   usbd_cdc.o
    0x0800f654   0x0800f654   0x00000050   Code   RO        10991    i.USBD_CDC_EP0_RxReady  usbd_cdc.o
    0x0800f6a4   0x0800f6a4   0x00000010   Code   RO        10992    i.USBD_CDC_GetDeviceQualifierDescriptor  usbd_cdc.o
    0x0800f6b4   0x0800f6b4   0x00000044   Code   RO        10993    i.USBD_CDC_GetFSCfgDesc  usbd_cdc.o
    0x0800f6f8   0x0800f6f8   0x00000048   Code   RO        10994    i.USBD_CDC_GetHSCfgDesc  usbd_cdc.o
    0x0800f740   0x0800f740   0x00000044   Code   RO        10995    i.USBD_CDC_GetOtherSpeedCfgDesc  usbd_cdc.o
    0x0800f784   0x0800f784   0x000001a0   Code   RO        10996    i.USBD_CDC_Init     usbd_cdc.o
    0x0800f924   0x0800f924   0x00000050   Code   RO        10997    i.USBD_CDC_ReceivePacket  usbd_cdc.o
    0x0800f974   0x0800f974   0x00000018   Code   RO        10998    i.USBD_CDC_RegisterInterface  usbd_cdc.o
    0x0800f98c   0x0800f98c   0x0000001e   Code   RO        10999    i.USBD_CDC_SetRxBuffer  usbd_cdc.o
    0x0800f9aa   0x0800f9aa   0x00000024   Code   RO        11000    i.USBD_CDC_SetTxBuffer  usbd_cdc.o
    0x0800f9ce   0x0800f9ce   0x00000140   Code   RO        11001    i.USBD_CDC_Setup    usbd_cdc.o
    0x0800fb0e   0x0800fb0e   0x00000002   PAD
    0x0800fb10   0x0800fb10   0x0000005c   Code   RO        11002    i.USBD_CDC_TransmitPacket  usbd_cdc.o
    0x0800fb6c   0x0800fb6c   0x0000001c   Code   RO        10651    i.USBD_ClrClassConfig  usbd_core.o
    0x0800fb88   0x0800fb88   0x0000003e   Code   RO        10818    i.USBD_ClrFeature   usbd_ctlreq.o
    0x0800fbc6   0x0800fbc6   0x00000006   Code   RO        10652    i.USBD_CoreFindEP   usbd_core.o
    0x0800fbcc   0x0800fbcc   0x00000006   Code   RO        10653    i.USBD_CoreFindIF   usbd_core.o
    0x0800fbd2   0x0800fbd2   0x00000018   Code   RO        10924    i.USBD_CtlContinueRx  usbd_ioreq.o
    0x0800fbea   0x0800fbea   0x00000018   Code   RO        10925    i.USBD_CtlContinueSendData  usbd_ioreq.o
    0x0800fc02   0x0800fc02   0x00000018   Code   RO        10819    i.USBD_CtlError     usbd_ctlreq.o
    0x0800fc1a   0x0800fc1a   0x00000028   Code   RO        10926    i.USBD_CtlPrepareRx  usbd_ioreq.o
    0x0800fc42   0x0800fc42   0x0000001a   Code   RO        10927    i.USBD_CtlReceiveStatus  usbd_ioreq.o
    0x0800fc5c   0x0800fc5c   0x00000022   Code   RO        10928    i.USBD_CtlSendData  usbd_ioreq.o
    0x0800fc7e   0x0800fc7e   0x0000001a   Code   RO        10929    i.USBD_CtlSendStatus  usbd_ioreq.o
    0x0800fc98   0x0800fc98   0x00000056   Code   RO        10820    i.USBD_GetConfig    usbd_ctlreq.o
    0x0800fcee   0x0800fcee   0x00000232   Code   RO        10821    i.USBD_GetDescriptor  usbd_ctlreq.o
    0x0800ff20   0x0800ff20   0x00000050   Code   RO        10655    i.USBD_GetEpDesc    usbd_core.o
    0x0800ff70   0x0800ff70   0x00000016   Code   RO        10822    i.USBD_GetLen       usbd_ctlreq.o
    0x0800ff86   0x0800ff86   0x00000014   Code   RO        10656    i.USBD_GetNextDesc  usbd_core.o
    0x0800ff9a   0x0800ff9a   0x0000005a   Code   RO        10823    i.USBD_GetStatus    usbd_ctlreq.o
    0x0800fff4   0x0800fff4   0x00000054   Code   RO        10824    i.USBD_GetString    usbd_ctlreq.o
    0x08010048   0x08010048   0x0000002c   Code   RO         2189    i.USBD_Get_USB_Status  usbd_conf.o
    0x08010074   0x08010074   0x00000034   Code   RO         2012    i.USBD_HS_ConfigStrDescriptor  usbd_desc.o
    0x080100a8   0x080100a8   0x00000010   Code   RO         2013    i.USBD_HS_DeviceDescriptor  usbd_desc.o
    0x080100b8   0x080100b8   0x00000038   Code   RO         2014    i.USBD_HS_InterfaceStrDescriptor  usbd_desc.o
    0x080100f0   0x080100f0   0x00000010   Code   RO         2015    i.USBD_HS_LangIDStrDescriptor  usbd_desc.o
    0x08010100   0x08010100   0x0000002c   Code   RO         2016    i.USBD_HS_ManufacturerStrDescriptor  usbd_desc.o
    0x0801012c   0x0801012c   0x00000040   Code   RO         2017    i.USBD_HS_ProductStrDescriptor  usbd_desc.o
    0x0801016c   0x0801016c   0x00000018   Code   RO         2018    i.USBD_HS_SerialStrDescriptor  usbd_desc.o
    0x08010184   0x08010184   0x0000003a   Code   RO        10657    i.USBD_Init         usbd_core.o
    0x080101be   0x080101be   0x00000026   Code   RO         2190    i.USBD_LL_ClearStallEP  usbd_conf.o
    0x080101e4   0x080101e4   0x00000026   Code   RO         2191    i.USBD_LL_CloseEP   usbd_conf.o
    0x0801020a   0x0801020a   0x00000108   Code   RO        10658    i.USBD_LL_DataInStage  usbd_core.o
    0x08010312   0x08010312   0x00000102   Code   RO        10659    i.USBD_LL_DataOutStage  usbd_core.o
    0x08010414   0x08010414   0x00000006   Code   RO        10660    i.USBD_LL_DevConnected  usbd_core.o
    0x0801041a   0x0801041a   0x00000026   Code   RO        10661    i.USBD_LL_DevDisconnected  usbd_core.o
    0x08010440   0x08010440   0x00000012   Code   RO         2195    i.USBD_LL_GetRxDataSize  usbd_conf.o
    0x08010452   0x08010452   0x00000002   PAD
    0x08010454   0x08010454   0x00000070   Code   RO         2196    i.USBD_LL_Init      usbd_conf.o
    0x080104c4   0x080104c4   0x00000038   Code   RO         2197    i.USBD_LL_IsStallEP  usbd_conf.o
    0x080104fc   0x080104fc   0x00000048   Code   RO        10662    i.USBD_LL_IsoINIncomplete  usbd_core.o
    0x08010544   0x08010544   0x00000048   Code   RO        10663    i.USBD_LL_IsoOUTIncomplete  usbd_core.o
    0x0801058c   0x0801058c   0x00000030   Code   RO         2198    i.USBD_LL_OpenEP    usbd_conf.o
    0x080105bc   0x080105bc   0x00000030   Code   RO         2199    i.USBD_LL_PrepareReceive  usbd_conf.o
    0x080105ec   0x080105ec   0x0000006c   Code   RO        10664    i.USBD_LL_Reset     usbd_core.o
    0x08010658   0x08010658   0x00000016   Code   RO        10665    i.USBD_LL_Resume    usbd_core.o
    0x0801066e   0x0801066e   0x00000028   Code   RO        10666    i.USBD_LL_SOF       usbd_core.o
    0x08010696   0x08010696   0x00000008   Code   RO        10667    i.USBD_LL_SetSpeed  usbd_core.o
    0x0801069e   0x0801069e   0x00000026   Code   RO         2200    i.USBD_LL_SetUSBAddress  usbd_conf.o
    0x080106c4   0x080106c4   0x00000076   Code   RO        10668    i.USBD_LL_SetupStage  usbd_core.o
    0x0801073a   0x0801073a   0x00000026   Code   RO         2201    i.USBD_LL_StallEP   usbd_conf.o
    0x08010760   0x08010760   0x0000001e   Code   RO         2202    i.USBD_LL_Start     usbd_conf.o
    0x0801077e   0x0801077e   0x0000001c   Code   RO        10669    i.USBD_LL_Suspend   usbd_core.o
    0x0801079a   0x0801079a   0x00000030   Code   RO         2204    i.USBD_LL_Transmit  usbd_conf.o
    0x080107ca   0x080107ca   0x00000036   Code   RO        10825    i.USBD_ParseSetupRequest  usbd_ctlreq.o
    0x08010800   0x08010800   0x00000048   Code   RO        10670    i.USBD_RegisterClass  usbd_core.o
    0x08010848   0x08010848   0x00000006   Code   RO        10671    i.USBD_RunTestMode  usbd_core.o
    0x0801084e   0x0801084e   0x0000005a   Code   RO        10826    i.USBD_SetAddress   usbd_ctlreq.o
    0x080108a8   0x080108a8   0x00000020   Code   RO        10672    i.USBD_SetClassConfig  usbd_core.o
    0x080108c8   0x080108c8   0x00000104   Code   RO        10827    i.USBD_SetConfig    usbd_ctlreq.o
    0x080109cc   0x080109cc   0x00000038   Code   RO        10828    i.USBD_SetFeature   usbd_ctlreq.o
    0x08010a04   0x08010a04   0x0000000c   Code   RO        10673    i.USBD_Start        usbd_core.o
    0x08010a10   0x08010a10   0x000000ae   Code   RO        10829    i.USBD_StdDevReq    usbd_ctlreq.o
    0x08010abe   0x08010abe   0x00000280   Code   RO        10830    i.USBD_StdEPReq     usbd_ctlreq.o
    0x08010d3e   0x08010d3e   0x000000ae   Code   RO        10831    i.USBD_StdItfReq    usbd_ctlreq.o
    0x08010dec   0x08010dec   0x00000002   Code   RO         2205    i.USBD_static_free  usbd_conf.o
    0x08010dee   0x08010dee   0x00000002   PAD
    0x08010df0   0x08010df0   0x0000000c   Code   RO         2206    i.USBD_static_malloc  usbd_conf.o
    0x08010dfc   0x08010dfc   0x000000d0   Code   RO         2809    i.USB_ActivateEndpoint  stm32h7xx_ll_usb.o
    0x08010ecc   0x08010ecc   0x00000028   Code   RO         2811    i.USB_ActivateSetup  stm32h7xx_ll_usb.o
    0x08010ef4   0x08010ef4   0x00000098   Code   RO         2813    i.USB_CoreInit      stm32h7xx_ll_usb.o
    0x08010f8c   0x08010f8c   0x00000058   Code   RO         2814    i.USB_CoreReset     stm32h7xx_ll_usb.o
    0x08010fe4   0x08010fe4   0x0000014c   Code   RO         2817    i.USB_DeactivateEndpoint  stm32h7xx_ll_usb.o
    0x08011130   0x08011130   0x00000024   Code   RO         2818    i.USB_DevConnect    stm32h7xx_ll_usb.o
    0x08011154   0x08011154   0x00000024   Code   RO         2819    i.USB_DevDisconnect  stm32h7xx_ll_usb.o
    0x08011178   0x08011178   0x000001d8   Code   RO         2820    i.USB_DevInit       stm32h7xx_ll_usb.o
    0x08011350   0x08011350   0x0000000e   Code   RO         2821    i.USB_DisableGlobalInt  stm32h7xx_ll_usb.o
    0x0801135e   0x0801135e   0x00000002   PAD
    0x08011360   0x08011360   0x00000070   Code   RO         2824    i.USB_EP0_OutStart  stm32h7xx_ll_usb.o
    0x080113d0   0x080113d0   0x0000008e   Code   RO         2825    i.USB_EPClearStall  stm32h7xx_ll_usb.o
    0x0801145e   0x0801145e   0x0000009a   Code   RO         2826    i.USB_EPSetStall    stm32h7xx_ll_usb.o
    0x080114f8   0x080114f8   0x000003b4   Code   RO         2827    i.USB_EPStartXfer   stm32h7xx_ll_usb.o
    0x080118ac   0x080118ac   0x000000ec   Code   RO         2828    i.USB_EPStopXfer    stm32h7xx_ll_usb.o
    0x08011998   0x08011998   0x0000000e   Code   RO         2829    i.USB_EnableGlobalInt  stm32h7xx_ll_usb.o
    0x080119a6   0x080119a6   0x00000002   PAD
    0x080119a8   0x080119a8   0x00000054   Code   RO         2830    i.USB_FlushRxFifo   stm32h7xx_ll_usb.o
    0x080119fc   0x080119fc   0x00000058   Code   RO         2831    i.USB_FlushTxFifo   stm32h7xx_ll_usb.o
    0x08011a54   0x08011a54   0x00000026   Code   RO         2833    i.USB_GetDevSpeed   stm32h7xx_ll_usb.o
    0x08011a7a   0x08011a7a   0x0000000a   Code   RO         2835    i.USB_GetMode       stm32h7xx_ll_usb.o
    0x08011a84   0x08011a84   0x00000014   Code   RO         2843    i.USB_ReadDevAllInEpInterrupt  stm32h7xx_ll_usb.o
    0x08011a98   0x08011a98   0x00000014   Code   RO         2844    i.USB_ReadDevAllOutEpInterrupt  stm32h7xx_ll_usb.o
    0x08011aac   0x08011aac   0x00000032   Code   RO         2845    i.USB_ReadDevInEPInterrupt  stm32h7xx_ll_usb.o
    0x08011ade   0x08011ade   0x0000001a   Code   RO         2846    i.USB_ReadDevOutEPInterrupt  stm32h7xx_ll_usb.o
    0x08011af8   0x08011af8   0x0000000a   Code   RO         2847    i.USB_ReadInterrupts  stm32h7xx_ll_usb.o
    0x08011b02   0x08011b02   0x00000060   Code   RO         2848    i.USB_ReadPacket    stm32h7xx_ll_usb.o
    0x08011b62   0x08011b62   0x00000068   Code   RO         2850    i.USB_SetCurrentMode  stm32h7xx_ll_usb.o
    0x08011bca   0x08011bca   0x0000002a   Code   RO         2851    i.USB_SetDevAddress  stm32h7xx_ll_usb.o
    0x08011bf4   0x08011bf4   0x00000012   Code   RO         2852    i.USB_SetDevSpeed   stm32h7xx_ll_usb.o
    0x08011c06   0x08011c06   0x00000002   PAD
    0x08011c08   0x08011c08   0x000000e8   Code   RO         2853    i.USB_SetTurnaroundTime  stm32h7xx_ll_usb.o
    0x08011cf0   0x08011cf0   0x00000044   Code   RO         2856    i.USB_WritePacket   stm32h7xx_ll_usb.o
    0x08011d34   0x08011d34   0x0000004a   Code   RO         1092    i.USB_date_deal_CB  usb_date_task.o
    0x08011d7e   0x08011d7e   0x0000004a   Code   RO         1093    i.USB_date_deal_CR  usb_date_task.o
    0x08011dc8   0x08011dc8   0x0000003c   Code   RO         1094    i.USB_date_deal_QR  usb_date_task.o
    0x08011e04   0x08011e04   0x00000004   Code   RO         1782    i.UsageFault_Handler  stm32h7xx_it.o
    0x08011e08   0x08011e08   0x000000c8   Code   RO         1095    i.UsbDataTask_Entry  usb_date_task.o
    0x08011ed0   0x08011ed0   0x0000000a   Code   RO         1132    i.VisualTask_Entry  visual_task.o
    0x08011eda   0x08011eda   0x00000002   PAD
    0x08011edc   0x08011edc   0x000000b0   Code   RO          453    i.WS2812_Ctrl       ws2812.o
    0x08011f8c   0x08011f8c   0x00000026   Code   RO        11435    i.__ARM_fpclassifyf  m_wv.l(fpclassifyf.o)
    0x08011fb2   0x08011fb2   0x00000002   PAD
    0x08011fb4   0x08011fb4   0x00000010   Code   RO         4553    i.__NVIC_GetPriorityGrouping  stm32h7xx_hal_cortex.o
    0x08011fc4   0x08011fc4   0x00000028   Code   RO         4554    i.__NVIC_SetPriority  stm32h7xx_hal_cortex.o
    0x08011fec   0x08011fec   0x00000138   Code   RO        11094    i.__hardfp_asinf    m_wv.l(asinf.o)
    0x08012124   0x08012124   0x00000258   Code   RO        11106    i.__hardfp_atan2f   m_wv.l(atan2f.o)
    0x0801237c   0x0801237c   0x00000006   Code   RO        11438    i.__mathlib_flt_infnan  m_wv.l(funder.o)
    0x08012382   0x08012382   0x00000006   Code   RO        11439    i.__mathlib_flt_infnan2  m_wv.l(funder.o)
    0x08012388   0x08012388   0x00000010   Code   RO        11440    i.__mathlib_flt_invalid  m_wv.l(funder.o)
    0x08012398   0x08012398   0x00000010   Code   RO        11443    i.__mathlib_flt_underflow  m_wv.l(funder.o)
    0x080123a8   0x080123a8   0x0000000e   Code   RO        11531    i.__scatterload_copy  mc_w.l(handlers.o)
    0x080123b6   0x080123b6   0x00000002   Code   RO        11532    i.__scatterload_null  mc_w.l(handlers.o)
    0x080123b8   0x080123b8   0x0000000e   Code   RO        11533    i.__scatterload_zeroinit  mc_w.l(handlers.o)
    0x080123c6   0x080123c6   0x00000002   PAD
    0x080123c8   0x080123c8   0x0000000c   Code   RO        11497    i.__set_errno       mc_w.l(errno.o)
    0x080123d4   0x080123d4   0x00000128   Code   RO          486    i.bmi088_accel_init  bmi088driver.o
    0x080124fc   0x080124fc   0x000000f4   Code   RO          487    i.bmi088_gyro_init  bmi088driver.o
    0x080125f0   0x080125f0   0x00000044   Code   RO          624    i.can_bsp_init      can_bsp.o
    0x08012634   0x08012634   0x00000038   Code   RO          625    i.can_filter_init   can_bsp.o
    0x0801266c   0x0801266c   0x00000014   Code   RO          626    i.fdcan1_rx_callback  can_bsp.o
    0x08012680   0x08012680   0x00000014   Code   RO          627    i.fdcan2_rx_callback  can_bsp.o
    0x08012694   0x08012694   0x00000014   Code   RO          628    i.fdcan3_rx_callback  can_bsp.o
    0x080126a8   0x080126a8   0x00000024   Code   RO          629    i.fdcanx_receive    can_bsp.o
    0x080126cc   0x080126cc   0x0000003a   Code   RO          630    i.fdcanx_send_data  can_bsp.o
    0x08012706   0x08012706   0x00000002   PAD
    0x08012708   0x08012708   0x00000108   Code   RO            5    i.get_key_adc       bsp_user_key.o
    0x08012810   0x08012810   0x0000003c   Code   RO         2386    i.invSqrt           mahonyahrs.o
    0x0801284c   0x0801284c   0x00000060   Code   RO         1233    i.main              main.o
    0x080128ac   0x080128ac   0x0000000e   Code   RO        10137    i.makeFreeRtosPriority  cmsis_os.o
    0x080128ba   0x080128ba   0x00000016   Code   RO          306    i.mypow             lcd.o
    0x080128d0   0x080128d0   0x00000018   Code   RO        10139    i.osDelay           cmsis_os.o
    0x080128e8   0x080128e8   0x0000000a   Code   RO        10142    i.osKernelStart     cmsis_os.o
    0x080128f2   0x080128f2   0x0000005e   Code   RO        10176    i.osThreadCreate    cmsis_os.o
    0x08012950   0x08012950   0x00000098   Code   RO         9581    i.prvAddCurrentTaskToDelayedList  tasks.o
    0x080129e8   0x080129e8   0x000000b8   Code   RO         9582    i.prvAddNewTaskToReadyList  tasks.o
    0x08012aa0   0x08012aa0   0x00000074   Code   RO         9957    i.prvCheckForValidListAndQueue  timers.o
    0x08012b14   0x08012b14   0x00000048   Code   RO         9583    i.prvCheckTasksWaitingTermination  tasks.o
    0x08012b5c   0x08012b5c   0x0000002a   Code   RO         9168    i.prvCopyDataFromQueue  queue.o
    0x08012b86   0x08012b86   0x0000007e   Code   RO         9169    i.prvCopyDataToQueue  queue.o
    0x08012c04   0x08012c04   0x00000050   Code   RO         9584    i.prvDeleteTCB      tasks.o
    0x08012c54   0x08012c54   0x00000014   Code   RO         9170    i.prvGetDisinheritPriorityAfterTimeout  queue.o
    0x08012c68   0x08012c68   0x00000028   Code   RO         9958    i.prvGetNextExpireTime  timers.o
    0x08012c90   0x08012c90   0x0000007c   Code   RO        10516    i.prvHeapInit       heap_4.o
    0x08012d0c   0x08012d0c   0x00000028   Code   RO         9585    i.prvIdleTask       tasks.o
    0x08012d34   0x08012d34   0x0000002a   Code   RO         9172    i.prvInitialiseNewQueue  queue.o
    0x08012d5e   0x08012d5e   0x000000be   Code   RO         9586    i.prvInitialiseNewTask  tasks.o
    0x08012e1c   0x08012e1c   0x00000068   Code   RO         9587    i.prvInitialiseTaskLists  tasks.o
    0x08012e84   0x08012e84   0x00000068   Code   RO        10517    i.prvInsertBlockIntoFreeList  heap_4.o
    0x08012eec   0x08012eec   0x00000058   Code   RO         9960    i.prvInsertTimerInActiveList  timers.o
    0x08012f44   0x08012f44   0x0000001a   Code   RO         9173    i.prvIsQueueEmpty   queue.o
    0x08012f5e   0x08012f5e   0x0000001e   Code   RO         9174    i.prvIsQueueFull    queue.o
    0x08012f7c   0x08012f7c   0x00000074   Code   RO         9961    i.prvProcessExpiredTimer  timers.o
    0x08012ff0   0x08012ff0   0x00000164   Code   RO         9962    i.prvProcessReceivedCommands  timers.o
    0x08013154   0x08013154   0x00000074   Code   RO         9963    i.prvProcessTimerOrBlockTask  timers.o
    0x080131c8   0x080131c8   0x00000034   Code   RO         9589    i.prvResetNextTaskUnblockTime  tasks.o
    0x080131fc   0x080131fc   0x0000002c   Code   RO         9964    i.prvSampleTimeNow  timers.o
    0x08013228   0x08013228   0x000000a4   Code   RO         9965    i.prvSwitchTimerLists  timers.o
    0x080132cc   0x080132cc   0x00000040   Code   RO        10573    i.prvTaskExitError  port.o
    0x0801330c   0x0801330c   0x0000001a   Code   RO         9966    i.prvTimerTask      timers.o
    0x08013326   0x08013326   0x0000007e   Code   RO         9175    i.prvUnlockQueue    queue.o
    0x080133a4   0x080133a4   0x0000014c   Code   RO        10518    i.pvPortMalloc      heap_4.o
    0x080134f0   0x080134f0   0x00000020   Code   RO         9592    i.pvTaskIncrementMutexHeldCount  tasks.o
    0x08013510   0x08013510   0x0000002c   Code   RO        10574    i.pxPortInitialiseStack  port.o
    0x0801353c   0x0801353c   0x0000004c   Code   RO          880    i.show_QR           lcd_task.o
    0x08013588   0x08013588   0x00000058   Code   RO          881    i.show_bignum       lcd_task.o
    0x080135e0   0x080135e0   0x0000003e   Code   RO        11464    i.sqrtf             m_wv.l(sqrtf.o)
    0x0801361e   0x0801361e   0x00000028   Code   RO         9128    i.uxListRemove      list.o
    0x08013646   0x08013646   0x00000002   PAD
    0x08013648   0x08013648   0x00000018   Code   RO         1328    i.vApplicationGetIdleTaskMemory  freertos.o
    0x08013660   0x08013660   0x00000018   Code   RO         1329    i.vApplicationGetTimerTaskMemory  freertos.o
    0x08013678   0x08013678   0x0000001a   Code   RO         9129    i.vListInitialise   list.o
    0x08013692   0x08013692   0x00000006   Code   RO         9130    i.vListInitialiseItem  list.o
    0x08013698   0x08013698   0x00000034   Code   RO         9131    i.vListInsert       list.o
    0x080136cc   0x080136cc   0x00000018   Code   RO         9132    i.vListInsertEnd    list.o
    0x080136e4   0x080136e4   0x00000054   Code   RO        10576    i.vPortEnterCritical  port.o
    0x08013738   0x08013738   0x0000003c   Code   RO        10577    i.vPortExitCritical  port.o
    0x08013774   0x08013774   0x000000a4   Code   RO        10519    i.vPortFree         heap_4.o
    0x08013818   0x08013818   0x00000028   Code   RO        10578    i.vPortSetupTimerInterrupt  port.o
    0x08013840   0x08013840   0x00000078   Code   RO        10579    i.vPortValidateInterruptPriority  port.o
    0x080138b8   0x080138b8   0x0000002c   Code   RO         9181    i.vQueueAddToRegistry  queue.o
    0x080138e4   0x080138e4   0x0000004a   Code   RO         9185    i.vQueueWaitForMessageRestricted  queue.o
    0x0801392e   0x0801392e   0x00000002   PAD
    0x08013930   0x08013930   0x0000005c   Code   RO         9602    i.vTaskDelay        tasks.o
    0x0801398c   0x0801398c   0x00000018   Code   RO         9607    i.vTaskInternalSetTimeOutState  tasks.o
    0x080139a4   0x080139a4   0x0000000c   Code   RO         9608    i.vTaskMissedYield  tasks.o
    0x080139b0   0x080139b0   0x00000038   Code   RO         9610    i.vTaskPlaceOnEventList  tasks.o
    0x080139e8   0x080139e8   0x00000040   Code   RO         9611    i.vTaskPlaceOnEventListRestricted  tasks.o
    0x08013a28   0x08013a28   0x000000e4   Code   RO         9613    i.vTaskPriorityDisinheritAfterTimeout  tasks.o
    0x08013b0c   0x08013b0c   0x000000b8   Code   RO         9619    i.vTaskStartScheduler  tasks.o
    0x08013bc4   0x08013bc4   0x00000010   Code   RO         9621    i.vTaskSuspendAll   tasks.o
    0x08013bd4   0x08013bd4   0x0000008c   Code   RO         9622    i.vTaskSwitchContext  tasks.o
    0x08013c60   0x08013c60   0x0000005c   Code   RO         1148    i.vofa_send_data    vofa.o
    0x08013cbc   0x08013cbc   0x00000060   Code   RO         1149    i.vofa_sendframetail  vofa.o
    0x08013d1c   0x08013d1c   0x00000010   Code   RO         1151    i.vofa_transmit     vofa.o
    0x08013d2c   0x08013d2c   0x00000168   Code   RO        10580    i.xPortStartScheduler  port.o
    0x08013e94   0x08013e94   0x0000005a   Code   RO         9190    i.xQueueGenericCreate  queue.o
    0x08013eee   0x08013eee   0x000000e0   Code   RO         9191    i.xQueueGenericCreateStatic  queue.o
    0x08013fce   0x08013fce   0x00000002   PAD
    0x08013fd0   0x08013fd0   0x00000098   Code   RO         9192    i.xQueueGenericReset  queue.o
    0x08014068   0x08014068   0x000001a8   Code   RO         9193    i.xQueueGenericSend  queue.o
    0x08014210   0x08014210   0x000000fc   Code   RO         9194    i.xQueueGenericSendFromISR  queue.o
    0x0801430c   0x0801430c   0x000000e0   Code   RO         9197    i.xQueueGiveFromISR  queue.o
    0x080143ec   0x080143ec   0x00000168   Code   RO         9203    i.xQueueReceive     queue.o
    0x08014554   0x08014554   0x000001b8   Code   RO         9205    i.xQueueSemaphoreTake  queue.o
    0x0801470c   0x0801470c   0x0000008c   Code   RO         9624    i.xTaskCheckForTimeOut  tasks.o
    0x08014798   0x08014798   0x00000064   Code   RO         9625    i.xTaskCreate       tasks.o
    0x080147fc   0x080147fc   0x000000ba   Code   RO         9626    i.xTaskCreateStatic  tasks.o
    0x080148b6   0x080148b6   0x00000002   PAD
    0x080148b8   0x080148b8   0x00000020   Code   RO         9630    i.xTaskGetSchedulerState  tasks.o
    0x080148d8   0x080148d8   0x0000000c   Code   RO         9631    i.xTaskGetTickCount  tasks.o
    0x080148e4   0x080148e4   0x00000148   Code   RO         9633    i.xTaskIncrementTick  tasks.o
    0x08014a2c   0x08014a2c   0x000000c8   Code   RO         9636    i.xTaskPriorityDisinherit  tasks.o
    0x08014af4   0x08014af4   0x000000b8   Code   RO         9637    i.xTaskPriorityInherit  tasks.o
    0x08014bac   0x08014bac   0x00000098   Code   RO         9638    i.xTaskRemoveFromEventList  tasks.o
    0x08014c44   0x08014c44   0x00000104   Code   RO         9639    i.xTaskResumeAll    tasks.o
    0x08014d48   0x08014d48   0x00000078   Code   RO         9975    i.xTimerCreateTimerTask  timers.o
    0x08014dc0   0x08014dc0   0x00000084   Code   RO         9976    i.xTimerGenericCommand  timers.o
    0x08014e44   0x08014e44   0x00003814   Data   RO          307    .constdata          lcd.o
    0x08018658   0x08018658   0x00007086   Data   RO          882    .constdata          lcd_task.o
    0x0801f6de   0x0801f6de   0x00000002   PAD
    0x0801f6e0   0x0801f6e0   0x00000134   Data   RO         1331    .constdata          freertos.o
    0x0801f814   0x0801f814   0x00000008   Data   RO         3856    .constdata          stm32h7xx_hal_dma.o
    0x0801f81c   0x0801f81c   0x0000005c   Data   RO         6272    .constdata          stm32h7xx_hal_fdcan.o
    0x0801f878   0x0801f878   0x00000018   Data   RO         8488    .constdata          stm32h7xx_hal_uart.o
    0x0801f890   0x0801f890   0x00000010   Data   RO         8859    .constdata          stm32h7xx_hal_uart_ex.o
    0x0801f8a0   0x0801f8a0   0x00000010   Data   RO         8968    .constdata          system_stm32h7xx.o
    0x0801f8b0   0x0801f8b0   0x00000074   Data   RO         1332    .conststring        freertos.o
    0x0801f924   0x0801f924   0x00000020   Data   RO        11529    Region$$Table       anon$$obj.o


    Execution Region RW_IRAM1 (Exec base: 0x20000000, Load base: 0x0801f944, Size: 0x00000000, Max: 0x00020000, ABSOLUTE)

    **** No section assigned to this execution region ****


    Execution Region RW_IRAM2 (Exec base: 0x24000000, Load base: 0x0801f944, Size: 0x0000cc80, Max: 0x00050000, ABSOLUTE, COMPRESSED[0x0000010c])

    Exec Addr    Load Addr    Size         Type   Attr      Idx    E Section Name        Object

    0x24000000   COMPRESSED   0x0000000f   Data   RW            6    .data               bsp_user_key.o
    0x2400000f   COMPRESSED   0x00000001   PAD
    0x24000010   COMPRESSED   0x0000002c   Data   RW          488    .data               bmi088driver.o
    0x2400003c   COMPRESSED   0x00000018   Data   RW          631    .data               can_bsp.o
    0x24000054   COMPRESSED   0x00000008   Data   RW          842    .data               key_task.o
    0x2400005c   COMPRESSED   0x00000014   Data   RW          942    .data               imu_task.o
    0x24000070   COMPRESSED   0x00000020   Data   RW         1000    .data               fun_test_task.o
    0x24000090   COMPRESSED   0x00000008   Data   RW         1153    .data               vofa.o
    0x24000098   COMPRESSED   0x00000034   Data   RW         1333    .data               freertos.o
    0x240000cc   COMPRESSED   0x00000004   Data   RW         1476    .data               fdcan.o
    0x240000d0   COMPRESSED   0x0000005e   Data   RW         2021    .data               usbd_desc.o
    0x2400012e   COMPRESSED   0x00000002   PAD
    0x24000130   COMPRESSED   0x00000018   Data   RW         2113    .data               usbd_cdc_if.o
    0x24000148   COMPRESSED   0x00000014   Data   RW         2387    .data               mahonyahrs.o
    0x2400015c   COMPRESSED   0x00000009   Data   RW         4734    .data               stm32h7xx_hal.o
    0x24000165   COMPRESSED   0x00000003   PAD
    0x24000168   COMPRESSED   0x00000008   Data   RW         8969    .data               system_stm32h7xx.o
    0x24000170   COMPRESSED   0x0000003c   Data   RW         9642    .data               tasks.o
    0x240001ac   COMPRESSED   0x00000014   Data   RW         9984    .data               timers.o
    0x240001c0   COMPRESSED   0x00000020   Data   RW        10525    .data               heap_4.o
    0x240001e0   COMPRESSED   0x0000000c   Data   RW        10581    .data               port.o
    0x240001ec   COMPRESSED   0x00000001   Data   RW        10832    .data               usbd_ctlreq.o
    0x240001ed   COMPRESSED   0x00000003   PAD
    0x240001f0   COMPRESSED   0x0000008a   Data   RW        11003    .data               usbd_cdc.o
    0x2400027a   COMPRESSED   0x00000002   PAD
    0x2400027c   COMPRESSED   0x00000004   Data   RW        11498    .data               mc_w.l(errno.o)
    0x24000280        -       0x00000040   Zero   RW          941    .bss                imu_task.o
    0x240002c0        -       0x00000400   Zero   RW         1152    .bss                vofa.o
    0x240006c0        -       0x00005a50   Zero   RW         1330    .bss                freertos.o
    0x24006110        -       0x000000e8   Zero   RW         1407    .bss                adc.o
    0x240061f8        -       0x000001e0   Zero   RW         1475    .bss                fdcan.o
    0x240063d8        -       0x0000005c   Zero   RW         1528    .bss                octospi.o
    0x24006434        -       0x00000198   Zero   RW         1572    .bss                spi.o
    0x240065cc        -       0x00000130   Zero   RW         1628    .bss                tim.o
    0x240066fc        -       0x000002e4   Zero   RW         1695    .bss                usart.o
    0x240069e0        -       0x0000004c   Zero   RW         1932    .bss                stm32h7xx_hal_timebase_tim.o
    0x24006a2c        -       0x000002dc   Zero   RW         1976    .bss                usb_device.o
    0x24006d08        -       0x00000200   Zero   RW         2020    .bss                usbd_desc.o
    0x24006f08        -       0x00001000   Zero   RW         2112    .bss                usbd_cdc_if.o
    0x24007f08        -       0x0000072c   Zero   RW         2207    .bss                usbd_conf.o
    0x24008634        -       0x00000040   Zero   RW         9207    .bss                queue.o
    0x24008674        -       0x000000f0   Zero   RW         9641    .bss                tasks.o
    0x24008764        -       0x00000118   Zero   RW         9983    .bss                timers.o
    0x2400887c        -       0x00003c00   Zero   RW        10524    .bss                heap_4.o
    0x2400c47c   COMPRESSED   0x00000004   PAD
    0x2400c480        -       0x00000800   Zero   RW         1965    STACK               startup_stm32h723xx.o


==============================================================================

Image component sizes


      Code (inc. data)   RO Data    RW Data    ZI Data      Debug   Object Name

       496         42          0          0        232       2231   adc.o
        10          0          0          0          0        508   arm_ctrl_task.o
      1030         20          0         44          0       6462   bmi088driver.o
       216         28          0          0          0       4828   bmi088middleware.o
        16          4          0          0          0        490   bsp_buzzer.o
       388         42          0         15          0    1335916   bsp_user_key.o
       334         54          0         24          0       5421   can_bsp.o
       142          0          0          0          0      23211   cmsis_os.o
        52          4          0          0          0        910   dma.o
         0          0          0          0          0      19824   event_groups.o
       944         56          0          4        480       3601   fdcan.o
       418         78        424         52      23120       5691   freertos.o
       520        180          0         32          0       2418   fun_test_task.o
       472         26          0          0          0       1331   gpio.o
       724         74          0         32      15360       5059   heap_4.o
      1008        100          0         20         64       4311   imu_task.o
       232         46          0          8          0       1676   key_task.o
      1554         34      14356          0          0      10936   lcd.o
       380         42      28806          0          0       3053   lcd_task.o
       148          0          0          0          0       3770   list.o
        10          0          0          0          0        498   logic_task.o
       820         38          0         20          0       2278   mahonyahrs.o
       334         10          0          0          0       3160   main.o
        10          0          0          0          0        493   move_task.o
       680         62          0          0         92       3036   octospi.o
        10          0          0          0          0        498   order_task.o
      1014         92          0         12          0      12309   port.o
      2696         26          0          0         64      22544   queue.o
       892         60          0          0        408       3519   spi.o
        36          8        716          0       2048        816   startup_stm32h723xx.o
       172         34          0          9          0      23074   stm32h7xx_hal.o
      4208        234          0          0          0      85860   stm32h7xx_hal_adc.o
       560         30          0          0          0      68685   stm32h7xx_hal_adc_ex.o
       258         22          0          0          0      39354   stm32h7xx_hal_cortex.o
      8650        164          8          0          0      13570   stm32h7xx_hal_dma.o
      3644         52         92          0          0      23589   stm32h7xx_hal_fdcan.o
       888         96          0          0          0       3853   stm32h7xx_hal_gpio.o
        48          6          0          0          0        966   stm32h7xx_hal_msp.o
      2422         38          0          0          0       6555   stm32h7xx_hal_ospi.o
      3650         16          0          0          0      14180   stm32h7xx_hal_pcd.o
       130          4          0          0          0       3273   stm32h7xx_hal_pcd_ex.o
       116         12          0          0          0       1374   stm32h7xx_hal_pwr_ex.o
      3684        134          0          0          0       8621   stm32h7xx_hal_rcc.o
      7664        184          0          0          0      10795   stm32h7xx_hal_rcc_ex.o
      2232         12          0          0          0       6856   stm32h7xx_hal_spi.o
      2752        284          0          0          0      14709   stm32h7xx_hal_tim.o
       466         46          0          0          0       4284   stm32h7xx_hal_tim_ex.o
       148         20          0          0         76       1644   stm32h7xx_hal_timebase_tim.o
      5864        210         24          0          0      38822   stm32h7xx_hal_uart.o
       512         14         16          0          0       6617   stm32h7xx_hal_uart_ex.o
       246         84          0          0          0      10070   stm32h7xx_it.o
      3890        100          0          0          0      23336   stm32h7xx_ll_usb.o
         0          0          0          0          0        384   stream_buffer.o
       224         32         16          8          0       1434   system_stm32h7xx.o
      3316        376          0         60        240      30599   tasks.o
      1088         78          0          0        304       4984   tim.o
      1318        124          0         20        280      31075   timers.o
      1380         88          0          0        740       5050   usart.o
       408         16          0          0          0       3475   usb_date_task.o
        80         16          0          0        732        808   usb_device.o
      1782         54          0        138          0      14641   usbd_cdc.o
       232         30          0         24       4096       4713   usbd_cdc_if.o
       956         30          0          0       1836      18068   usbd_conf.o
      1354          0          0          0          0      16965   usbd_core.o
      2396         22          0          1          0      18332   usbd_ctlreq.o
       386        122          0         94        512       7217   usbd_desc.o
       174          0          0          0          0       4932   usbd_ioreq.o
        10          0          0          0          0        499   visual_task.o
       204         20          0          8       1024      10804   vofa.o
       176          6          0          0          0        882   ws2812.o

    ----------------------------------------------------------------------
     83350       3936      44492        636      51712    2075747   Object Totals
         0          0         32          0          0          0   (incl. Generated)
        76          0          2         11          4          0   (incl. Padding)

    ----------------------------------------------------------------------

      Code (inc. data)   RO Data    RW Data    ZI Data      Debug   Library Member Name

       312         54          0          0          0        176   asinf.o
       600         98          0          0          0        184   atan2f.o
        38          0          0          0          0        116   fpclassifyf.o
        44         12          0          0          0        464   funder.o
        62          0          0          0          0        136   sqrtf.o
        86          0          0          0          0          0   __dczerorl2.o
         0          0          0          0          0          0   entry.o
         0          0          0          0          0          0   entry10a.o
         0          0          0          0          0          0   entry11a.o
         8          4          0          0          0          0   entry2.o
         4          0          0          0          0          0   entry5.o
         0          0          0          0          0          0   entry7b.o
         0          0          0          0          0          0   entry8b.o
         8          4          0          0          0          0   entry9a.o
        12          6          0          4          0         68   errno.o
        30          0          0          0          0          0   handlers.o
        36          8          0          0          0         68   init.o
         0          0          0          0          0          0   iusefp.o
        30          0          0          0          0         68   llshl.o
        32          0          0          0          0         68   llushr.o
        26          0          0          0          0         80   memcmp.o
        36          0          0          0          0         68   memcpya.o
        36          0          0          0          0        108   memseta.o
        98          0          0          0          0         92   uldiv.o

    ----------------------------------------------------------------------
      1506        186          0          4          0       1696   Library Totals
         8          0          0          0          0          0   (incl. Padding)

    ----------------------------------------------------------------------

      Code (inc. data)   RO Data    RW Data    ZI Data      Debug   Library Name

      1056        164          0          0          0       1076   m_wv.l
       442         22          0          4          0        620   mc_w.l

    ----------------------------------------------------------------------
      1506        186          0          4          0       1696   Library Totals

    ----------------------------------------------------------------------

==============================================================================


      Code (inc. data)   RO Data    RW Data    ZI Data      Debug   

     84856       4122      44492        640      51712    2026819   Grand Totals
     84856       4122      44492        268      51712    2026819   ELF Image Totals (compressed)
     84856       4122      44492        268          0          0   ROM Totals

==============================================================================

    Total RO  Size (Code + RO Data)               129348 ( 126.32kB)
    Total RW  Size (RW Data + ZI Data)             52352 (  51.13kB)
    Total ROM Size (Code + RO Data + RW Data)     129616 ( 126.58kB)

==============================================================================

