Component: ARM Compiler 5.06 update 6 (build 750) Tool: armlink [4d35ed]

==============================================================================

Section Cross References

    bsp_user_key.o(i.BSP_UserKey_Detect) refers to stm32h7xx_hal.o(i.HAL_GetTick) for HAL_GetTick
    bsp_user_key.o(i.BSP_UserKey_Detect) refers to stm32h7xx_hal_gpio.o(i.HAL_GPIO_ReadPin) for HAL_GPIO_ReadPin
    bsp_user_key.o(i.BSP_UserKey_Detect) refers to bsp_user_key.o(.data) for keyState
    bsp_user_key.o(i.get_key_adc) refers to cmsis_os.o(i.osDelay) for osDelay
    bsp_user_key.o(i.get_key_adc) refers to key_task.o(.data) for adc_val
    bsp_user_key.o(i.get_key_adc) refers to bsp_user_key.o(.data) for key_value
    bsp_buzzer.o(i.BSP_Buzzer_Init) refers to stm32h7xx_hal_tim.o(i.HAL_TIM_PWM_Start) for HAL_TIM_PWM_Start
    bsp_buzzer.o(i.BSP_Buzzer_Init) refers to tim.o(.bss) for htim12
    bsp_buzzer.o(i.BSP_Buzzer_Off) refers to bsp_buzzer.o(.data) for buzzerSta
    bsp_buzzer.o(i.BSP_Buzzer_On) refers to bsp_buzzer.o(.data) for buzzerSta
    bsp_buzzer.o(i.BSP_Buzzer_Toggle) refers to bsp_buzzer.o(i.BSP_Buzzer_Off) for BSP_Buzzer_Off
    bsp_buzzer.o(i.BSP_Buzzer_Toggle) refers to bsp_buzzer.o(i.BSP_Buzzer_On) for BSP_Buzzer_On
    bsp_buzzer.o(i.BSP_Buzzer_Toggle) refers to bsp_buzzer.o(.data) for buzzerSta
    lcd.o(i.Draw_Circle) refers to lcd.o(i.LCD_DrawPoint) for LCD_DrawPoint
    lcd.o(i.LCD_Address_Set) refers to lcd.o(i.LCD_WR_REG) for LCD_WR_REG
    lcd.o(i.LCD_Address_Set) refers to lcd.o(i.LCD_WR_DATA) for LCD_WR_DATA
    lcd.o(i.LCD_DrawLine) refers to lcd.o(i.LCD_DrawPoint) for LCD_DrawPoint
    lcd.o(i.LCD_DrawPoint) refers to lcd.o(i.LCD_Address_Set) for LCD_Address_Set
    lcd.o(i.LCD_DrawPoint) refers to lcd.o(i.LCD_WR_DATA) for LCD_WR_DATA
    lcd.o(i.LCD_DrawRectangle) refers to lcd.o(i.LCD_DrawLine) for LCD_DrawLine
    lcd.o(i.LCD_Fill) refers to lcd.o(i.LCD_Address_Set) for LCD_Address_Set
    lcd.o(i.LCD_Fill) refers to lcd.o(i.LCD_WR_DATA) for LCD_WR_DATA
    lcd.o(i.LCD_Init) refers to stm32h7xx_hal_gpio.o(i.HAL_GPIO_WritePin) for HAL_GPIO_WritePin
    lcd.o(i.LCD_Init) refers to stm32h7xx_hal.o(i.HAL_Delay) for HAL_Delay
    lcd.o(i.LCD_Init) refers to lcd.o(i.LCD_WR_REG) for LCD_WR_REG
    lcd.o(i.LCD_Init) refers to lcd.o(i.LCD_WR_DATA8) for LCD_WR_DATA8
    lcd.o(i.LCD_ShowChar) refers to lcd.o(i.LCD_Address_Set) for LCD_Address_Set
    lcd.o(i.LCD_ShowChar) refers to lcd.o(i.LCD_WR_DATA) for LCD_WR_DATA
    lcd.o(i.LCD_ShowChar) refers to lcd.o(i.LCD_DrawPoint) for LCD_DrawPoint
    lcd.o(i.LCD_ShowChar) refers to lcd.o(.constdata) for ascii_1206
    lcd.o(i.LCD_ShowFloatNum) refers to lcd.o(i.mypow) for mypow
    lcd.o(i.LCD_ShowFloatNum) refers to lcd.o(i.LCD_ShowChar) for LCD_ShowChar
    lcd.o(i.LCD_ShowFloatNum) refers to lcd.o(i.LCD_Fill) for LCD_Fill
    lcd.o(i.LCD_ShowFloatNum1) refers to lcd.o(i.mypow) for mypow
    lcd.o(i.LCD_ShowFloatNum1) refers to lcd.o(i.LCD_Fill) for LCD_Fill
    lcd.o(i.LCD_ShowFloatNum1) refers to lcd.o(i.LCD_ShowChar) for LCD_ShowChar
    lcd.o(i.LCD_ShowIntNum) refers to lcd.o(i.mypow) for mypow
    lcd.o(i.LCD_ShowIntNum) refers to lcd.o(i.LCD_ShowChar) for LCD_ShowChar
    lcd.o(i.LCD_ShowPicture) refers to lcd.o(i.LCD_Address_Set) for LCD_Address_Set
    lcd.o(i.LCD_ShowPicture) refers to lcd.o(i.LCD_DrawPoint) for LCD_DrawPoint
    lcd.o(i.LCD_ShowString) refers to lcd.o(i.LCD_ShowChar) for LCD_ShowChar
    lcd.o(i.LCD_WR_DATA) refers to lcd.o(i.LCD_Writ_Bus) for LCD_Writ_Bus
    lcd.o(i.LCD_WR_DATA8) refers to lcd.o(i.LCD_Writ_Bus) for LCD_Writ_Bus
    lcd.o(i.LCD_WR_REG) refers to stm32h7xx_hal_gpio.o(i.HAL_GPIO_WritePin) for HAL_GPIO_WritePin
    lcd.o(i.LCD_WR_REG) refers to lcd.o(i.LCD_Writ_Bus) for LCD_Writ_Bus
    lcd.o(i.LCD_Writ_Bus) refers to stm32h7xx_hal_gpio.o(i.HAL_GPIO_WritePin) for HAL_GPIO_WritePin
    lcd.o(i.LCD_Writ_Bus) refers to stm32h7xx_hal_spi.o(i.HAL_SPI_Transmit) for HAL_SPI_Transmit
    lcd.o(i.LCD_Writ_Bus) refers to spi.o(.bss) for hspi1
    ws2812.o(i.WS2812_Ctrl) refers to stm32h7xx_hal_spi.o(i.HAL_SPI_Transmit) for HAL_SPI_Transmit
    ws2812.o(i.WS2812_Ctrl) refers to spi.o(.bss) for hspi6
    bmi088driver.o(i.BMI088_init) refers to bmi088middleware.o(i.BMI088_GPIO_init) for BMI088_GPIO_init
    bmi088driver.o(i.BMI088_init) refers to bmi088middleware.o(i.BMI088_com_init) for BMI088_com_init
    bmi088driver.o(i.BMI088_init) refers to bmi088driver.o(i.bmi088_accel_init) for bmi088_accel_init
    bmi088driver.o(i.BMI088_init) refers to bmi088driver.o(i.bmi088_gyro_init) for bmi088_gyro_init
    bmi088driver.o(i.BMI088_read) refers to bmi088middleware.o(i.BMI088_ACCEL_NS_L) for BMI088_ACCEL_NS_L
    bmi088driver.o(i.BMI088_read) refers to bmi088middleware.o(i.BMI088_read_write_byte) for BMI088_read_write_byte
    bmi088driver.o(i.BMI088_read) refers to bmi088driver.o(i.BMI088_read_muli_reg) for BMI088_read_muli_reg
[...]
    osThreadCreate                           0x08012847   Thumb Code    94  cmsis_os.o(i.osThreadCreate)
    pvPortMalloc                             0x080132f9   Thumb Code   306  heap_4.o(i.pvPortMalloc)
    pvTaskIncrementMutexHeldCount            0x08013445   Thumb Code    26  tasks.o(i.pvTaskIncrementMutexHeldCount)
    pxPortInitialiseStack                    0x08013465   Thumb Code    38  port.o(i.pxPortInitialiseStack)
    show_QR                                  0x08013491   Thumb Code    76  lcd_task.o(i.show_QR)
    show_bignum                              0x080134dd   Thumb Code    74  lcd_task.o(i.show_bignum)
    sqrtf                                    0x08013535   Thumb Code    62  sqrtf.o(i.sqrtf)
    uxListRemove                             0x08013573   Thumb Code    40  list.o(i.uxListRemove)
    vApplicationGetIdleTaskMemory            0x0801359d   Thumb Code    14  freertos.o(i.vApplicationGetIdleTaskMemory)
    vApplicationGetTimerTaskMemory           0x080135b5   Thumb Code    16  freertos.o(i.vApplicationGetTimerTaskMemory)
    vListInitialise                          0x080135cd   Thumb Code    26  list.o(i.vListInitialise)
    vListInitialiseItem                      0x080135e7   Thumb Code     6  list.o(i.vListInitialiseItem)
    vListInsert                              0x080135ed   Thumb Code    52  list.o(i.vListInsert)
    vListInsertEnd                           0x08013621   Thumb Code    24  list.o(i.vListInsertEnd)
    vPortEnterCritical                       0x08013639   Thumb Code    76  port.o(i.vPortEnterCritical)
    vPortExitCritical                        0x0801368d   Thumb Code    56  port.o(i.vPortExitCritical)
    vPortFree                                0x080136c9   Thumb Code   150  heap_4.o(i.vPortFree)
    vPortSetupTimerInterrupt                 0x0801376d   Thumb Code    36  port.o(i.vPortSetupTimerInterrupt)
    vPortValidateInterruptPriority           0x08013795   Thumb Code   106  port.o(i.vPortValidateInterruptPriority)
    vQueueAddToRegistry                      0x0801380d   Thumb Code    38  queue.o(i.vQueueAddToRegistry)
    vQueueWaitForMessageRestricted           0x08013839   Thumb Code    74  queue.o(i.vQueueWaitForMessageRestricted)
    vTaskDelay                               0x08013885   Thumb Code    82  tasks.o(i.vTaskDelay)
    vTaskInternalSetTimeOutState             0x080138e1   Thumb Code    14  tasks.o(i.vTaskInternalSetTimeOutState)
    vTaskMissedYield                         0x080138f9   Thumb Code     8  tasks.o(i.vTaskMissedYield)
    vTaskPlaceOnEventList                    0x08013905   Thumb Code    52  tasks.o(i.vTaskPlaceOnEventList)
    vTaskPlaceOnEventListRestricted          0x0801393d   Thumb Code    60  tasks.o(i.vTaskPlaceOnEventListRestricted)
    vTaskPriorityDisinheritAfterTimeout      0x0801397d   Thumb Code   216  tasks.o(i.vTaskPriorityDisinheritAfterTimeout)
    vTaskStartScheduler                      0x08013a61   Thumb Code   156  tasks.o(i.vTaskStartScheduler)
    vTaskSuspendAll                          0x08013b19   Thumb Code    12  tasks.o(i.vTaskSuspendAll)
    vTaskSwitchContext                       0x08013b29   Thumb Code   118  tasks.o(i.vTaskSwitchContext)
    vofa_send_data                           0x08013bb5   Thumb Code    82  vofa.o(i.vofa_send_data)
    vofa_sendframetail                       0x08013c11   Thumb Code    86  vofa.o(i.vofa_sendframetail)
    vofa_transmit                            0x08013c71   Thumb Code    16  vofa.o(i.vofa_transmit)
    xPortStartScheduler                      0x08013c81   Thumb Code   330  port.o(i.xPortStartScheduler)
    xQueueGenericCreate                      0x08013de9   Thumb Code    90  queue.o(i.xQueueGenericCreate)
    xQueueGenericCreateStatic                0x08013e43   Thumb Code   224  queue.o(i.xQueueGenericCreateStatic)
    xQueueGenericReset                       0x08013f25   Thumb Code   146  queue.o(i.xQueueGenericReset)
    xQueueGenericSend                        0x08013fbd   Thumb Code   420  queue.o(i.xQueueGenericSend)
    xQueueGenericSendFromISR                 0x08014165   Thumb Code   252  queue.o(i.xQueueGenericSendFromISR)
    xQueueGiveFromISR                        0x08014261   Thumb Code   224  queue.o(i.xQueueGiveFromISR)
    xQueueReceive                            0x08014341   Thumb Code   356  queue.o(i.xQueueReceive)
    xQueueSemaphoreTake                      0x080144a9   Thumb Code   434  queue.o(i.xQueueSemaphoreTake)
    xTaskCheckForTimeOut                     0x08014661   Thumb Code   132  tasks.o(i.xTaskCheckForTimeOut)
    xTaskCreate                              0x080146ed   Thumb Code   100  tasks.o(i.xTaskCreate)
    xTaskCreateStatic                        0x08014751   Thumb Code   186  tasks.o(i.xTaskCreateStatic)
    xTaskGetSchedulerState                   0x0801480d   Thumb Code    24  tasks.o(i.xTaskGetSchedulerState)
    xTaskGetTickCount                        0x0801482d   Thumb Code     6  tasks.o(i.xTaskGetTickCount)
    xTaskIncrementTick                       0x08014839   Thumb Code   282  tasks.o(i.xTaskIncrementTick)
    xTaskPriorityDisinherit                  0x08014981   Thumb Code   188  tasks.o(i.xTaskPriorityDisinherit)
    xTaskPriorityInherit                     0x08014a49   Thumb Code   172  tasks.o(i.xTaskPriorityInherit)
    xTaskRemoveFromEventList                 0x08014b01   Thumb Code   128  tasks.o(i.xTaskRemoveFromEventList)
    xTaskResumeAll                           0x08014b99   Thumb Code   224  tasks.o(i.xTaskResumeAll)
    xTimerCreateTimerTask                    0x08014c9d   Thumb Code   100  timers.o(i.xTimerCreateTimerTask)
    xTimerGenericCommand                     0x08014d15   Thumb Code   128  timers.o(i.xTimerGenericCommand)
    ascii_1206                               0x08014d98   Data        1140  lcd.o(.constdata)
    ascii_1608                               0x0801520c   Data        1520  lcd.o(.constdata)
    ascii_2412                               0x080157fc   Data        4560  lcd.o(.constdata)
    ascii_3216                               0x080169cc   Data        6080  lcd.o(.constdata)
    gImage_1                                 0x0801818c   Data        9600  lcd_task.o(.constdata)
    gImage_2                                 0x0801a70c   Data        9600  lcd_task.o(.constdata)
    gImage_3                                 0x0801cc8c   Data        9600  lcd_task.o(.constdata)
    UARTPrescTable                           0x0801f3ac   Data          24  stm32h7xx_hal_uart.o(.constdata)
    D1CorePrescTable                         0x0801f3d4   Data          16  system_stm32h7xx.o(.constdata)
    Region$$Table$$Base                      0x0801f458   Number         0  anon$$obj.o(Region$$Table)
    Region$$Table$$Limit                     0x0801f478   Number         0  anon$$obj.o(Region$$Table)
    keyState                                 0x24000000   Data           1  bsp_user_key.o(.data)
    overTick                                 0x24000004   Data           4  bsp_user_key.o(.data)
    key_value                                0x24000008   Data           2  bsp_user_key.o(.data)
    key_up                                   0x2400000a   Data           1  bsp_user_key.o(.data)
    key_down                                 0x2400000b   Data           1  bsp_user_key.o(.data)
    key_mid                                  0x2400000c   Data           1  bsp_user_key.o(.data)
    key_left                                 0x2400000d   Data           1  bsp_user_key.o(.data)
    key_right                                0x2400000e   Data           1  bsp_user_key.o(.data)
    BMI088_ACCEL_SEN                         0x24000010   Data           4  bmi088driver.o(.data)
    BMI088_GYRO_SEN                          0x24000014   Data           4  bmi088driver.o(.data)
    rx_data1                                 0x2400003c   Data           8  can_bsp.o(.data)
    rec_id1                                  0x24000044   Data           2  can_bsp.o(.data)
    rx_data2                                 0x24000046   Data           8  can_bsp.o(.data)
    rec_id2                                  0x2400004e   Data           2  can_bsp.o(.data)
    rx_data3                                 0x24000050   Data           8  can_bsp.o(.data)
    rec_id3                                  0x24000058   Data           2  can_bsp.o(.data)
    vbus                                     0x2400005c   Data           4  key_task.o(.data)
    adc_val                                  0x24000060   Data           4  key_task.o(.data)
    out                                      0x24000068   Data           4  imu_task.o(.data)
    err                                      0x2400006c   Data           4  imu_task.o(.data)
    err_l                                    0x24000070   Data           4  imu_task.o(.data)
    err_ll                                   0x24000074   Data           4  imu_task.o(.data)
    u1Rx                                     0x24000078   Data           5  fun_test_task.o(.data)
    u1RxFlag                                 0x2400007d   Data           1  fun_test_task.o(.data)
    u5Rx                                     0x2400007e   Data           5  fun_test_task.o(.data)
    u5RxFlag                                 0x24000083   Data           1  fun_test_task.o(.data)
    u7Rx                                     0x24000084   Data           5  fun_test_task.o(.data)
    u7RxFlag                                 0x24000089   Data           1  fun_test_task.o(.data)
    u10Rx                                    0x2400008a   Data           5  fun_test_task.o(.data)
    u10RxFlag                                0x2400008f   Data           1  fun_test_task.o(.data)
    tx_data                                  0x24000090   Data           8  fun_test_task.o(.data)
    cnt                                      0x24000098   Data           2  vofa.o(.data)
    usbGetDataSemaphore                      0x240000a0   Data           4  freertos.o(.data)
    qrQueue                                  0x240000a4   Data           4  freertos.o(.data)
    defaultTaskHandle                        0x240000a8   Data           4  freertos.o(.data)
    KeyTaskHandle                            0x240000ac   Data           4  freertos.o(.data)
    LcdTaskHandle                            0x240000b0   Data           4  freertos.o(.data)
    ImuTaskHandle                            0x240000b4   Data           4  freertos.o(.data)
    FunTestHandle                            0x240000b8   Data           4  freertos.o(.data)
    MoveTaskHandle                           0x240000bc   Data           4  freertos.o(.data)
    ArmCtrlTaskHandle                        0x240000c0   Data           4  freertos.o(.data)
    UsbDataTaskHandle                        0x240000c4   Data           4  freertos.o(.data)
    OrderTaskHandle                          0x240000c8   Data           4  freertos.o(.data)
    VisualTaskHandle                         0x240000cc   Data           4  freertos.o(.data)
    LogicTaskHandle                          0x240000d0   Data           4  freertos.o(.data)
    HS_Desc                                  0x240000d8   Data          32  usbd_desc.o(.data)
    USBD_HS_DeviceDesc                       0x240000f8   Data          18  usbd_desc.o(.data)
    USBD_HS_BOSDesc                          0x2400010c   Data          12  usbd_desc.o(.data)
    USBD_LangIDDesc                          0x24000118   Data           4  usbd_desc.o(.data)
    USBD_StringSerial                        0x2400011c   Data          26  usbd_desc.o(.data)
    USB_RX_DATA_SIZE                         0x24000138   Data           2  usbd_cdc_if.o(.data)
    USBD_Interface_fops_HS                   0x2400013c   Data          20  usbd_cdc_if.o(.data)
    twoKp                                    0x24000150   Data           4  mahonyahrs.o(.data)
    twoKi                                    0x24000154   Data           4  mahonyahrs.o(.data)
    integralFBx                              0x24000158   Data           4  mahonyahrs.o(.data)
    integralFBy                              0x2400015c   Data           4  mahonyahrs.o(.data)
    integralFBz                              0x24000160   Data           4  mahonyahrs.o(.data)
    uwTick                                   0x24000164   Data           4  stm32h7xx_hal.o(.data)
    uwTickPrio                               0x24000168   Data           4  stm32h7xx_hal.o(.data)
    uwTickFreq                               0x2400016c   Data           1  stm32h7xx_hal.o(.data)
    SystemCoreClock                          0x24000170   Data           4  system_stm32h7xx.o(.data)
    SystemD2Clock                            0x24000174   Data           4  system_stm32h7xx.o(.data)
    pxCurrentTCB                             0x24000178   Data           4  tasks.o(.data)
    USBD_CDC                                 0x24000204   Data          56  usbd_cdc.o(.data)
    gyro                                     0x24000294   Data          12  imu_task.o(.bss)
    acc                                      0x240002a0   Data          12  imu_task.o(.bss)
    imuQuat                                  0x240002ac   Data          16  imu_task.o(.bss)
    imuAngle                                 0x240002bc   Data          12  imu_task.o(.bss)
    gyroBias                                 0x240002c8   Data          12  imu_task.o(.bss)
    send_buf                                 0x240002d4   Data        1024  vofa.o(.bss)
    KeyTaskBuffer                            0x240006d4   Data         512  freertos.o(.bss)
    LcdTaskBuffer                            0x240008d4   Data        1024  freertos.o(.bss)
    ImuTaskBuffer                            0x24000cd4   Data        4096  freertos.o(.bss)
    FunTestBuffer                            0x24001cd4   Data        4096  freertos.o(.bss)
    MoveTaskBuffer                           0x24002cd4   Data        2048  freertos.o(.bss)
    ArmCtrlTaskBuffer                        0x240034d4   Data        2048  freertos.o(.bss)
    UsbDataTaskBuffer                        0x24003cd4   Data        4096  freertos.o(.bss)
    OrderTaskBuffer                          0x24004cd4   Data        2048  freertos.o(.bss)
    VisualTaskBuffer                         0x240054d4   Data        2048  freertos.o(.bss)
    LogicTaskBuffer                          0x24005cd4   Data        2048  freertos.o(.bss)
    KeyTaskControlBlock                      0x240064d4   Data          92  freertos.o(.bss)
    LcdTaskControlBlock                      0x24006530   Data          92  freertos.o(.bss)
    ImuTaskControlBlock                      0x2400658c   Data          92  freertos.o(.bss)
    FunTestControlBlock                      0x240065e8   Data          92  freertos.o(.bss)
    MoveTaskControlBlock                     0x24006644   Data          92  freertos.o(.bss)
    ArmCtrlTaskControlBlock                  0x240066a0   Data          92  freertos.o(.bss)
    UsbDataTaskControlBlock                  0x240066fc   Data          92  freertos.o(.bss)
    OrderTaskControlBlock                    0x24006758   Data          92  freertos.o(.bss)
    VisualTaskControlBlock                   0x240067b4   Data          92  freertos.o(.bss)
    LogicTaskControlBlock                    0x24006810   Data          92  freertos.o(.bss)
    hadc1                                    0x24006f24   Data         112  adc.o(.bss)
    hdma_adc1                                0x24006f94   Data         120  adc.o(.bss)
    fdcan1_RxHeader                          0x2400700c   Data          40  fdcan.o(.bss)
    fdcan1_TxHeader                          0x24007034   Data          36  fdcan.o(.bss)
    hfdcan1                                  0x24007058   Data         160  fdcan.o(.bss)
    hfdcan2                                  0x240070f8   Data         160  fdcan.o(.bss)
    hfdcan3                                  0x24007198   Data         160  fdcan.o(.bss)
    hospi2                                   0x24007238   Data          92  octospi.o(.bss)
    hspi1                                    0x24007294   Data         136  spi.o(.bss)
    hspi2                                    0x2400731c   Data         136  spi.o(.bss)
    hspi6                                    0x240073a4   Data         136  spi.o(.bss)
    htim1                                    0x2400742c   Data          76  tim.o(.bss)
    htim2                                    0x24007478   Data          76  tim.o(.bss)
    htim3                                    0x240074c4   Data          76  tim.o(.bss)
    htim12                                   0x24007510   Data          76  tim.o(.bss)
    huart7                                   0x2400755c   Data         148  usart.o(.bss)
    huart1                                   0x240075f0   Data         148  usart.o(.bss)
    huart2                                   0x24007684   Data         148  usart.o(.bss)
    huart3                                   0x24007718   Data         148  usart.o(.bss)
    huart10                                  0x240077ac   Data         148  usart.o(.bss)
    htim23                                   0x24007840   Data          76  stm32h7xx_hal_timebase_tim.o(.bss)
    hUsbDeviceHS                             0x2400788c   Data         732  usb_device.o(.bss)
    USBD_StrDesc                             0x24007b68   Data         512  usbd_desc.o(.bss)
    UserRxBufferHS                           0x24007d68   Data        2048  usbd_cdc_if.o(.bss)
    UserTxBufferHS                           0x24008568   Data        2048  usbd_cdc_if.o(.bss)
    hpcd_USB_OTG_HS                          0x24008d68   Data        1292  usbd_conf.o(.bss)
    xQueueRegistry                           0x24009494   Data          64  queue.o(.bss)
    __initial_sp                             0x2400dae0   Data           0  startup_stm32h723xx.o(STACK)



==============================================================================

Memory Map of the image

  Image Entry point : 0x080002cd

  Load Region LR_IROM1 (Base: 0x08000000, Size: 0x0001f700, Max: 0x00100000, ABSOLUTE, COMPRESSED[0x0001f584])

    Execution Region ER_IROM1 (Exec base: 0x08000000, Load base: 0x08000000, Size: 0x0001f478, Max: 0x00100000, ABSOLUTE)

    Exec Addr    Load Addr    Size         Type   Attr      Idx    E Section Name        Object

    0x08000000   0x08000000   0x000002cc   Data   RO         2147    RESET               startup_stm32h723xx.o
    0x080002cc   0x080002cc   0x00000000   Code   RO        11334  * .ARM.Collect$$$$00000000  mc_w.l(entry.o)
    0x080002cc   0x080002cc   0x00000004   Code   RO        11666    .ARM.Collect$$$$00000001  mc_w.l(entry2.o)
    0x080002d0   0x080002d0   0x00000004   Code   RO        11669    .ARM.Collect$$$$00000004  mc_w.l(entry5.o)
    0x080002d4   0x080002d4   0x00000000   Code   RO        11671    .ARM.Collect$$$$00000008  mc_w.l(entry7b.o)
    0x080002d4   0x080002d4   0x00000000   Code   RO        11673    .ARM.Collect$$$$0000000A  mc_w.l(entry8b.o)
    0x080002d4   0x080002d4   0x00000008   Code   RO        11674    .ARM.Collect$$$$0000000B  mc_w.l(entry9a.o)
    0x080002dc   0x080002dc   0x00000000   Code   RO        11676    .ARM.Collect$$$$0000000D  mc_w.l(entry10a.o)
    0x080002dc   0x080002dc   0x00000000   Code   RO        11678    .ARM.Collect$$$$0000000F  mc_w.l(entry11a.o)
    0x080002dc   0x080002dc   0x00000004   Code   RO        11667    .ARM.Collect$$$$00002712  mc_w.l(entry2.o)
    0x080002e0   0x080002e0   0x000000be   Code   RO        10763    .emb_text           port.o
    0x0800039e   0x0800039e   0x00000002   PAD
    0x080003a0   0x080003a0   0x00000024   Code   RO         2148    .text               startup_stm32h723xx.o
    0x080003c4   0x080003c4   0x00000062   Code   RO        11337    .text               mc_w.l(uldiv.o)
    0x08000426   0x08000426   0x00000024   Code   RO        11339    .text               mc_w.l(memcpya.o)
    0x0800044a   0x0800044a   0x00000024   Code   RO        11343    .text               mc_w.l(memseta.o)
    0x0800046e   0x0800046e   0x0000001a   Code   RO        11345    .text               mc_w.l(memcmp.o)
    0x08000488   0x08000488   0x0000001e   Code   RO        11683    .text               mc_w.l(llshl.o)
    0x080004a6   0x080004a6   0x00000020   Code   RO        11685    .text               mc_w.l(llushr.o)
    0x080004c6   0x080004c6   0x00000000   Code   RO        11694    .text               mc_w.l(iusefp.o)
    0x080004c6   0x080004c6   0x00000002   PAD
    0x080004c8   0x080004c8   0x00000024   Code   RO        11715    .text               mc_w.l(init.o)
    0x080004ec   0x080004ec   0x00000056   Code   RO        11729    .text               mc_w.l(__dczerorl2.o)
    0x08000542   0x08000542   0x00000002   PAD
    0x08000544   0x08000544   0x00000130   Code   RO         5818    i.ADC_ConfigureBoostMode  stm32h7xx_hal_adc.o
    0x08000674   0x08000674   0x00000092   Code   RO         5820    i.ADC_DMAConvCplt   stm32h7xx_hal_adc.o
    0x08000706   0x08000706   0x0000001e   Code   RO         5821    i.ADC_DMAError      stm32h7xx_hal_adc.o
    0x08000724   0x08000724   0x0000000e   Code   RO         5822    i.ADC_DMAHalfConvCplt  stm32h7xx_hal_adc.o
    0x08000732   0x08000732   0x00000002   PAD
    0x08000734   0x08000734   0x00000094   Code   RO         5823    i.ADC_Disable       stm32h7xx_hal_adc.o
    0x080007c8   0x080007c8   0x000000cc   Code   RO         5824    i.ADC_Enable        stm32h7xx_hal_adc.o
    0x08000894   0x08000894   0x00000028   Code   RO          910    i.AHRS_init         imu_task.o
    0x080008bc   0x080008bc   0x00000078   Code   RO          911    i.AHRS_update       imu_task.o
    0x08000934   0x08000934   0x0000000a   Code   RO         1201    i.ArmCtrlTask_Entry  arm_ctrl_task.o
    0x0800093e   0x0800093e   0x00000002   PAD
    0x08000940   0x08000940   0x00000014   Code   RO          520    i.BMI088_ACCEL_NS_H  bmi088middleware.o
    0x08000954   0x08000954   0x00000014   Code   RO          521    i.BMI088_ACCEL_NS_L  bmi088middleware.o
    0x08000968   0x08000968   0x00000002   Code   RO          522    i.BMI088_GPIO_init  bmi088middleware.o
    0x0800096a   0x0800096a   0x00000002   PAD
    0x0800096c   0x0800096c   0x00000014   Code   RO          523    i.BMI088_GYRO_NS_H  bmi088middleware.o
    0x08000980   0x08000980   0x00000014   Code   RO          524    i.BMI088_GYRO_NS_L  bmi088middleware.o
    0x08000994   0x08000994   0x00000002   Code   RO          525    i.BMI088_com_init   bmi088middleware.o
    0x08000996   0x08000996   0x0000001a   Code   RO          526    i.BMI088_delay_ms   bmi088middleware.o
    0x080009b0   0x080009b0   0x0000004a   Code   RO          527    i.BMI088_delay_us   bmi088middleware.o
    0x080009fa   0x080009fa   0x0000001c   Code   RO          451    i.BMI088_init       bmi088driver.o
    0x08000a16   0x08000a16   0x00000002   PAD
    0x08000a18   0x08000a18   0x0000017c   Code   RO          452    i.BMI088_read       bmi088driver.o
    0x08000b94   0x08000b94   0x00000026   Code   RO          453    i.BMI088_read_muli_reg  bmi088driver.o
    0x08000bba   0x08000bba   0x00000018   Code   RO          454    i.BMI088_read_single_reg  bmi088driver.o
    0x08000bd2   0x08000bd2   0x00000002   PAD
    0x08000bd4   0x08000bd4   0x00000020   Code   RO          528    i.BMI088_read_write_byte  bmi088middleware.o
    0x08000bf4   0x08000bf4   0x00000014   Code   RO          455    i.BMI088_write_single_reg  bmi088driver.o
    0x08000c08   0x08000c08   0x00000010   Code   RO          233    i.BSP_Buzzer_Init   bsp_buzzer.o
    0x08000c18   0x08000c18   0x0000007c   Code   RO            4    i.BSP_UserKey_Detect  bsp_user_key.o
    0x08000c94   0x08000c94   0x00000004   Code   RO         1943    i.BusFault_Handler  stm32h7xx_it.o
    0x08000c98   0x08000c98   0x00000044   Code   RO         2286    i.CDC_Control_HS    usbd_cdc_if.o
    0x08000cdc   0x08000cdc   0x00000004   Code   RO         2287    i.CDC_DeInit_HS     usbd_cdc_if.o
    0x08000ce0   0x08000ce0   0x00000024   Code   RO         2288    i.CDC_Init_HS       usbd_cdc_if.o
    0x08000d04   0x08000d04   0x00000038   Code   RO         2289    i.CDC_Receive_HS    usbd_cdc_if.o
    0x08000d3c   0x08000d3c   0x0000000c   Code   RO         2290    i.CDC_TransmitCplt_HS  usbd_cdc_if.o
    0x08000d48   0x08000d48   0x00000038   Code   RO         2291    i.CDC_Transmit_HS   usbd_cdc_if.o
    0x08000d80   0x08000d80   0x000000ac   Code   RO          912    i.CalibrateGyroBias  imu_task.o
    0x08000e2c   0x08000e2c   0x00000010   Code   RO         1944    i.DMA1_Stream0_IRQHandler  stm32h7xx_it.o
    0x08000e3c   0x08000e3c   0x000000ec   Code   RO         4031    i.DMA_CalcBaseAndBitshift  stm32h7xx_hal_dma.o
    0x08000f28   0x08000f28   0x000000c4   Code   RO         4032    i.DMA_CalcDMAMUXChannelBaseAndMask  stm32h7xx_hal_dma.o
    0x08000fec   0x08000fec   0x00000098   Code   RO         4033    i.DMA_CalcDMAMUXRequestGenBaseAndMask  stm32h7xx_hal_dma.o
    0x08001084   0x08001084   0x000000ae   Code   RO         4034    i.DMA_CheckFifoParam  stm32h7xx_hal_dma.o
    0x08001132   0x08001132   0x00000002   PAD
    0x08001134   0x08001134   0x00000274   Code   RO         4035    i.DMA_SetConfig     stm32h7xx_hal_dma.o
    0x080013a8   0x080013a8   0x00000002   Code   RO         1945    i.DebugMon_Handler  stm32h7xx_it.o
    0x080013aa   0x080013aa   0x00000006   Code   RO         1401    i.Error_Handler     main.o
    0x080013b0   0x080013b0   0x00000010   Code   RO         1946    i.FDCAN1_IT0_IRQHandler  stm32h7xx_it.o
    0x080013c0   0x080013c0   0x00000010   Code   RO         1947    i.FDCAN1_IT1_IRQHandler  stm32h7xx_it.o
    0x080013d0   0x080013d0   0x00000010   Code   RO         1948    i.FDCAN2_IT0_IRQHandler  stm32h7xx_it.o
    0x080013e0   0x080013e0   0x00000010   Code   RO         1949    i.FDCAN2_IT1_IRQHandler  stm32h7xx_it.o
    0x080013f0   0x080013f0   0x00000010   Code   RO         1950    i.FDCAN3_IT0_IRQHandler  stm32h7xx_it.o
    0x08001400   0x08001400   0x00000010   Code   RO         1951    i.FDCAN3_IT1_IRQHandler  stm32h7xx_it.o
    0x08001410   0x08001410   0x00000220   Code   RO         6364    i.FDCAN_CalcultateRamBlockAddresses  stm32h7xx_hal_fdcan.o
    0x08001630   0x08001630   0x000000d4   Code   RO         6365    i.FDCAN_CopyMessageToRAM  stm32h7xx_hal_fdcan.o
    0x08001704   0x08001704   0x00000094   Code   RO          972    i.FunTest_Entry     fun_test_task.o
    0x08001798   0x08001798   0x00000114   Code   RO          913    i.GetAngle          imu_task.o
    0x080018ac   0x080018ac   0x00000034   Code   RO         2190    i.Get_SerialNum     usbd_desc.o
    0x080018e0   0x080018e0   0x000000b8   Code   RO         6095    i.HAL_ADCEx_Calibration_Start  stm32h7xx_hal_adc_ex.o
    0x08001998   0x08001998   0x00000164   Code   RO         6115    i.HAL_ADCEx_MultiModeConfigChannel  stm32h7xx_hal_adc_ex.o
    0x08001afc   0x08001afc   0x00000788   Code   RO         5826    i.HAL_ADC_ConfigChannel  stm32h7xx_hal_adc.o
    0x08002284   0x08002284   0x00000002   Code   RO         5827    i.HAL_ADC_ConvCpltCallback  stm32h7xx_hal_adc.o
    0x08002286   0x08002286   0x00000002   Code   RO         5828    i.HAL_ADC_ConvHalfCpltCallback  stm32h7xx_hal_adc.o
    0x08002288   0x08002288   0x00000002   Code   RO         5830    i.HAL_ADC_ErrorCallback  stm32h7xx_hal_adc.o
    0x0800228a   0x0800228a   0x00000002   PAD
    0x0800228c   0x0800228c   0x00000340   Code   RO         5835    i.HAL_ADC_Init      stm32h7xx_hal_adc.o
    0x080025cc   0x080025cc   0x0000012c   Code   RO         1581    i.HAL_ADC_MspInit   adc.o
    0x080026f8   0x080026f8   0x00000170   Code   RO         5842    i.HAL_ADC_Start_DMA  stm32h7xx_hal_adc.o
    0x08002868   0x08002868   0x000004dc   Code   RO         4036    i.HAL_DMA_Abort     stm32h7xx_hal_dma.o
    0x08002d44   0x08002d44   0x00000398   Code   RO         4037    i.HAL_DMA_Abort_IT  stm32h7xx_hal_dma.o
    0x080030dc   0x080030dc   0x00000af8   Code   RO         4041    i.HAL_DMA_IRQHandler  stm32h7xx_hal_dma.o
    0x08003bd4   0x08003bd4   0x00000514   Code   RO         4042    i.HAL_DMA_Init      stm32h7xx_hal_dma.o
    0x080040e8   0x080040e8   0x000003e0   Code   RO         4046    i.HAL_DMA_Start_IT  stm32h7xx_hal_dma.o
    0x080044c8   0x080044c8   0x00000028   Code   RO         4879    i.HAL_Delay         stm32h7xx_hal.o
    0x080044f0   0x080044f0   0x000000a8   Code   RO         6367    i.HAL_FDCAN_ActivateNotification  stm32h7xx_hal_fdcan.o
    0x08004598   0x08004598   0x00000090   Code   RO         6369    i.HAL_FDCAN_AddMessageToTxFifoQ  stm32h7xx_hal_fdcan.o
    0x08004628   0x08004628   0x00000002   Code   RO         6370    i.HAL_FDCAN_ClockCalibrationCallback  stm32h7xx_hal_fdcan.o
    0x0800462a   0x0800462a   0x0000006c   Code   RO         6373    i.HAL_FDCAN_ConfigFifoWatermark  stm32h7xx_hal_fdcan.o
    0x08004696   0x08004696   0x000000a8   Code   RO         6374    i.HAL_FDCAN_ConfigFilter  stm32h7xx_hal_fdcan.o
    0x0800473e   0x0800473e   0x00000034   Code   RO         6375    i.HAL_FDCAN_ConfigGlobalFilter  stm32h7xx_hal_fdcan.o
    0x08004772   0x08004772   0x00000002   Code   RO         6396    i.HAL_FDCAN_ErrorCallback  stm32h7xx_hal_fdcan.o
    0x08004774   0x08004774   0x00000002   Code   RO         6397    i.HAL_FDCAN_ErrorStatusCallback  stm32h7xx_hal_fdcan.o
    0x08004776   0x08004776   0x00000002   PAD
    0x08004778   0x08004778   0x000001f4   Code   RO         6408    i.HAL_FDCAN_GetRxMessage  stm32h7xx_hal_fdcan.o
    0x0800496c   0x0800496c   0x00000002   Code   RO         6414    i.HAL_FDCAN_HighPriorityMessageCallback  stm32h7xx_hal_fdcan.o
    0x0800496e   0x0800496e   0x00000002   PAD
    0x08004970   0x08004970   0x000003d4   Code   RO         6415    i.HAL_FDCAN_IRQHandler  stm32h7xx_hal_fdcan.o
    0x08004d44   0x08004d44   0x000002e0   Code   RO         6416    i.HAL_FDCAN_Init    stm32h7xx_hal_fdcan.o
    0x08005024   0x08005024   0x0000023c   Code   RO         1647    i.HAL_FDCAN_MspInit  fdcan.o
    0x08005260   0x08005260   0x00000002   Code   RO         6425    i.HAL_FDCAN_RxBufferNewMessageCallback  stm32h7xx_hal_fdcan.o
    0x08005262   0x08005262   0x00000002   PAD
    0x08005264   0x08005264   0x00000034   Code   RO          593    i.HAL_FDCAN_RxFifo0Callback  can_bsp.o
    0x08005298   0x08005298   0x00000002   Code   RO         6427    i.HAL_FDCAN_RxFifo1Callback  stm32h7xx_hal_fdcan.o
    0x0800529a   0x0800529a   0x00000034   Code   RO         6428    i.HAL_FDCAN_Start   stm32h7xx_hal_fdcan.o
    0x080052ce   0x080052ce   0x00000002   Code   RO         6450    i.HAL_FDCAN_TT_GlobalTimeCallback  stm32h7xx_hal_fdcan.o
    0x080052d0   0x080052d0   0x00000002   Code   RO         6451    i.HAL_FDCAN_TT_ScheduleSyncCallback  stm32h7xx_hal_fdcan.o
    0x080052d2   0x080052d2   0x00000002   Code   RO         6456    i.HAL_FDCAN_TT_StopWatchCallback  stm32h7xx_hal_fdcan.o
    0x080052d4   0x080052d4   0x00000002   Code   RO         6457    i.HAL_FDCAN_TT_TimeMarkCallback  stm32h7xx_hal_fdcan.o
    0x080052d6   0x080052d6   0x00000002   Code   RO         6458    i.HAL_FDCAN_TimeoutOccurredCallback  stm32h7xx_hal_fdcan.o
    0x080052d8   0x080052d8   0x00000002   Code   RO         6459    i.HAL_FDCAN_TimestampWraparoundCallback  stm32h7xx_hal_fdcan.o
    0x080052da   0x080052da   0x00000002   Code   RO         6460    i.HAL_FDCAN_TxBufferAbortCallback  stm32h7xx_hal_fdcan.o
    0x080052dc   0x080052dc   0x00000002   Code   RO         6461    i.HAL_FDCAN_TxBufferCompleteCallback  stm32h7xx_hal_fdcan.o
    0x080052de   0x080052de   0x00000002   Code   RO         6462    i.HAL_FDCAN_TxEventFifoCallback  stm32h7xx_hal_fdcan.o
    0x080052e0   0x080052e0   0x00000002   Code   RO         6463    i.HAL_FDCAN_TxFifoEmptyCallback  stm32h7xx_hal_fdcan.o
    0x080052e2   0x080052e2   0x00000002   PAD
    0x080052e4   0x080052e4   0x0000016c   Code   RO         3881    i.HAL_GPIO_DeInit   stm32h7xx_hal_gpio.o
    0x08005450   0x08005450   0x000001f0   Code   RO         3884    i.HAL_GPIO_Init     stm32h7xx_hal_gpio.o
    0x08005640   0x08005640   0x00000010   Code   RO         3886    i.HAL_GPIO_ReadPin  stm32h7xx_hal_gpio.o
    0x08005650   0x08005650   0x0000000c   Code   RO         3888    i.HAL_GPIO_WritePin  stm32h7xx_hal_gpio.o
    0x0800565c   0x0800565c   0x0000000c   Code   RO         4895    i.HAL_GetTick       stm32h7xx_hal.o
    0x08005668   0x08005668   0x00000018   Code   RO         4901    i.HAL_IncTick       stm32h7xx_hal.o
    0x08005680   0x08005680   0x00000060   Code   RO         4902    i.HAL_Init          stm32h7xx_hal.o
    0x080056e0   0x080056e0   0x00000094   Code   RO         2109    i.HAL_InitTick      stm32h7xx_hal_timebase_tim.o
    0x08005774   0x08005774   0x00000030   Code   RO         2085    i.HAL_MspInit       stm32h7xx_hal_msp.o
    0x080057a4   0x080057a4   0x00000028   Code   RO         4732    i.HAL_NVIC_EnableIRQ  stm32h7xx_hal_cortex.o
    0x080057cc   0x080057cc   0x0000007a   Code   RO         4738    i.HAL_NVIC_SetPriority  stm32h7xx_hal_cortex.o
    0x08005846   0x08005846   0x00000002   PAD
    0x08005848   0x08005848   0x00000028   Code   RO         4739    i.HAL_NVIC_SetPriorityGrouping  stm32h7xx_hal_cortex.o
    0x08005870   0x08005870   0x000006f8   Code   RO         6982    i.HAL_OSPIM_Config  stm32h7xx_hal_ospi.o
    0x08005f68   0x08005f68   0x00000032   Code   RO         6991    i.HAL_OSPI_DeInit   stm32h7xx_hal_ospi.o
    0x08005f9a   0x08005f9a   0x00000002   PAD
    0x08005f9c   0x08005f9c   0x00000110   Code   RO         7000    i.HAL_OSPI_Init     stm32h7xx_hal_ospi.o
    0x080060ac   0x080060ac   0x00000060   Code   RO         1705    i.HAL_OSPI_MspDeInit  octospi.o
    0x0800610c   0x0800610c   0x000001a4   Code   RO         1706    i.HAL_OSPI_MspInit  octospi.o
    0x080062b0   0x080062b0   0x00000008   Code   RO         7010    i.HAL_OSPI_SetTimeout  stm32h7xx_hal_ospi.o
    0x080062b8   0x080062b8   0x00000028   Code   RO         2929    i.HAL_PCDEx_ActivateLPM  stm32h7xx_hal_pcd_ex.o
    0x080062e0   0x080062e0   0x00000002   Code   RO         2934    i.HAL_PCDEx_LPM_Callback  stm32h7xx_hal_pcd_ex.o
    0x080062e2   0x080062e2   0x0000000a   Code   RO         2935    i.HAL_PCDEx_SetRxFiFo  stm32h7xx_hal_pcd_ex.o
    0x080062ec   0x080062ec   0x0000004e   Code   RO         2936    i.HAL_PCDEx_SetTxFiFo  stm32h7xx_hal_pcd_ex.o
    0x0800633a   0x0800633a   0x0000000e   Code   RO         2356    i.HAL_PCD_ConnectCallback  usbd_conf.o
    0x08006348   0x08006348   0x00000020   Code   RO         2357    i.HAL_PCD_DataInStageCallback  usbd_conf.o
    0x08006368   0x08006368   0x00000020   Code   RO         2358    i.HAL_PCD_DataOutStageCallback  usbd_conf.o
    0x08006388   0x08006388   0x0000000e   Code   RO         2359    i.HAL_PCD_DisconnectCallback  usbd_conf.o
    0x08006396   0x08006396   0x00000042   Code   RO         2700    i.HAL_PCD_EP_Abort  stm32h7xx_hal_pcd.o
    0x080063d8   0x080063d8   0x0000006a   Code   RO         2701    i.HAL_PCD_EP_Close  stm32h7xx_hal_pcd.o
    0x08006442   0x08006442   0x0000007c   Code   RO         2702    i.HAL_PCD_EP_ClrStall  stm32h7xx_hal_pcd.o
    0x080064be   0x080064be   0x00000016   Code   RO         2704    i.HAL_PCD_EP_GetRxCount  stm32h7xx_hal_pcd.o
    0x080064d4   0x080064d4   0x0000008c   Code   RO         2705    i.HAL_PCD_EP_Open   stm32h7xx_hal_pcd.o
    0x08006560   0x08006560   0x00000046   Code   RO         2706    i.HAL_PCD_EP_Receive  stm32h7xx_hal_pcd.o
    0x080065a6   0x080065a6   0x0000008a   Code   RO         2707    i.HAL_PCD_EP_SetStall  stm32h7xx_hal_pcd.o
    0x08006630   0x08006630   0x00000048   Code   RO         2708    i.HAL_PCD_EP_Transmit  stm32h7xx_hal_pcd.o
    0x08006678   0x08006678   0x0000070e   Code   RO         2710    i.HAL_PCD_IRQHandler  stm32h7xx_hal_pcd.o
    0x08006d86   0x08006d86   0x00000012   Code   RO         2360    i.HAL_PCD_ISOINIncompleteCallback  usbd_conf.o
    0x08006d98   0x08006d98   0x00000012   Code   RO         2361    i.HAL_PCD_ISOOUTIncompleteCallback  usbd_conf.o
    0x08006daa   0x08006daa   0x00000172   Code   RO         2713    i.HAL_PCD_Init      stm32h7xx_hal_pcd.o
    0x08006f1c   0x08006f1c   0x00000070   Code   RO         2363    i.HAL_PCD_MspInit   usbd_conf.o
    0x08006f8c   0x08006f8c   0x00000030   Code   RO         2364    i.HAL_PCD_ResetCallback  usbd_conf.o
    0x08006fbc   0x08006fbc   0x0000000e   Code   RO         2365    i.HAL_PCD_ResumeCallback  usbd_conf.o
    0x08006fca   0x08006fca   0x0000000e   Code   RO         2366    i.HAL_PCD_SOFCallback  usbd_conf.o
    0x08006fd8   0x08006fd8   0x00000036   Code   RO         2719    i.HAL_PCD_SetAddress  stm32h7xx_hal_pcd.o
    0x0800700e   0x0800700e   0x00000012   Code   RO         2367    i.HAL_PCD_SetupStageCallback  usbd_conf.o
    0x08007020   0x08007020   0x0000004c   Code   RO         2722    i.HAL_PCD_Start     stm32h7xx_hal_pcd.o
    0x0800706c   0x0800706c   0x00000034   Code   RO         2368    i.HAL_PCD_SuspendCallback  usbd_conf.o
    0x080070a0   0x080070a0   0x00000060   Code   RO         4485    i.HAL_PWREx_ConfigSupply  stm32h7xx_hal_pwr_ex.o
    0x08007100   0x08007100   0x00000014   Code   RO         4502    i.HAL_PWREx_EnableUSBVoltageDetector  stm32h7xx_hal_pwr_ex.o
    0x08007114   0x08007114   0x00000024   Code   RO         3427    i.HAL_RCCEx_GetD3PCLK1Freq  stm32h7xx_hal_rcc_ex.o
    0x08007138   0x08007138   0x00000230   Code   RO         3428    i.HAL_RCCEx_GetPLL1ClockFreq  stm32h7xx_hal_rcc_ex.o
    0x08007368   0x08007368   0x00000230   Code   RO         3429    i.HAL_RCCEx_GetPLL2ClockFreq  stm32h7xx_hal_rcc_ex.o
    0x08007598   0x08007598   0x00000230   Code   RO         3430    i.HAL_RCCEx_GetPLL3ClockFreq  stm32h7xx_hal_rcc_ex.o
    0x080077c8   0x080077c8   0x000007ac   Code   RO         3432    i.HAL_RCCEx_GetPeriphCLKFreq  stm32h7xx_hal_rcc_ex.o
    0x08007f74   0x08007f74   0x00000cc8   Code   RO         3436    i.HAL_RCCEx_PeriphCLKConfig  stm32h7xx_hal_rcc_ex.o
    0x08008c3c   0x08008c3c   0x00000320   Code   RO         3312    i.HAL_RCC_ClockConfig  stm32h7xx_hal_rcc.o
    0x08008f5c   0x08008f5c   0x0000006c   Code   RO         3316    i.HAL_RCC_GetClockConfig  stm32h7xx_hal_rcc.o
    0x08008fc8   0x08008fc8   0x0000004c   Code   RO         3317    i.HAL_RCC_GetHCLKFreq  stm32h7xx_hal_rcc.o
    0x08009014   0x08009014   0x00000024   Code   RO         3319    i.HAL_RCC_GetPCLK1Freq  stm32h7xx_hal_rcc.o
    0x08009038   0x08009038   0x00000024   Code   RO         3320    i.HAL_RCC_GetPCLK2Freq  stm32h7xx_hal_rcc.o
    0x0800905c   0x0800905c   0x0000022c   Code   RO         3321    i.HAL_RCC_GetSysClockFreq  stm32h7xx_hal_rcc.o
    0x08009288   0x08009288   0x000000bc   Code   RO         3322    i.HAL_RCC_MCOConfig  stm32h7xx_hal_rcc.o
    0x08009344   0x08009344   0x0000075c   Code   RO         3324    i.HAL_RCC_OscConfig  stm32h7xx_hal_rcc.o
    0x08009aa0   0x08009aa0   0x00000098   Code   RO         9034    i.HAL_RS485Ex_Init  stm32h7xx_hal_uart_ex.o
    0x08009b38   0x08009b38   0x000001b0   Code   RO         7257    i.HAL_SPI_Init      stm32h7xx_hal_spi.o
    0x08009ce8   0x08009ce8   0x00000250   Code   RO         1748    i.HAL_SPI_MspInit   spi.o
    0x08009f38   0x08009f38   0x000002d4   Code   RO         7266    i.HAL_SPI_Transmit  stm32h7xx_hal_spi.o
    0x0800a20c   0x0800a20c   0x00000302   Code   RO         7267    i.HAL_SPI_TransmitReceive  stm32h7xx_hal_spi.o
    0x0800a50e   0x0800a50e   0x00000002   Code   RO         8307    i.HAL_TIMEx_Break2Callback  stm32h7xx_hal_tim_ex.o
    0x0800a510   0x0800a510   0x00000002   Code   RO         8308    i.HAL_TIMEx_BreakCallback  stm32h7xx_hal_tim_ex.o
    0x0800a512   0x0800a512   0x00000002   Code   RO         8309    i.HAL_TIMEx_CommutCallback  stm32h7xx_hal_tim_ex.o
    0x0800a514   0x0800a514   0x000000e8   Code   RO         8311    i.HAL_TIMEx_ConfigBreakDeadTime  stm32h7xx_hal_tim_ex.o
    0x0800a5fc   0x0800a5fc   0x000000e4   Code   RO         8330    i.HAL_TIMEx_MasterConfigSynchronization  stm32h7xx_hal_tim_ex.o
    0x0800a6e0   0x0800a6e0   0x0000006e   Code   RO         7582    i.HAL_TIM_Base_Init  stm32h7xx_hal_tim.o
    0x0800a74e   0x0800a74e   0x00000002   Code   RO         7584    i.HAL_TIM_Base_MspInit  stm32h7xx_hal_tim.o
    0x0800a750   0x0800a750   0x000000cc   Code   RO         7587    i.HAL_TIM_Base_Start_IT  stm32h7xx_hal_tim.o
    0x0800a81c   0x0800a81c   0x00000002   Code   RO         7616    i.HAL_TIM_IC_CaptureCallback  stm32h7xx_hal_tim.o
    0x0800a81e   0x0800a81e   0x000001b8   Code   RO         7630    i.HAL_TIM_IRQHandler  stm32h7xx_hal_tim.o
    0x0800a9d6   0x0800a9d6   0x00000002   PAD
    0x0800a9d8   0x0800a9d8   0x00000130   Code   RO         1801    i.HAL_TIM_MspPostInit  tim.o
    0x0800ab08   0x0800ab08   0x00000002   Code   RO         7633    i.HAL_TIM_OC_DelayElapsedCallback  stm32h7xx_hal_tim.o
    0x0800ab0a   0x0800ab0a   0x00000170   Code   RO         7654    i.HAL_TIM_PWM_ConfigChannel  stm32h7xx_hal_tim.o
    0x0800ac7a   0x0800ac7a   0x0000006e   Code   RO         7657    i.HAL_TIM_PWM_Init  stm32h7xx_hal_tim.o
    0x0800ace8   0x0800ace8   0x000000b0   Code   RO         1803    i.HAL_TIM_PWM_MspInit  tim.o
    0x0800ad98   0x0800ad98   0x00000002   Code   RO         7660    i.HAL_TIM_PWM_PulseFinishedCallback  stm32h7xx_hal_tim.o
    0x0800ad9a   0x0800ad9a   0x00000002   PAD
    0x0800ad9c   0x0800ad9c   0x0000017c   Code   RO         7662    i.HAL_TIM_PWM_Start  stm32h7xx_hal_tim.o
    0x0800af18   0x0800af18   0x00000018   Code   RO         1402    i.HAL_TIM_PeriodElapsedCallback  main.o
    0x0800af30   0x0800af30   0x00000002   Code   RO         7673    i.HAL_TIM_TriggerCallback  stm32h7xx_hal_tim.o
    0x0800af32   0x0800af32   0x0000004e   Code   RO         9035    i.HAL_UARTEx_DisableFifoMode  stm32h7xx_hal_uart_ex.o
    0x0800af80   0x0800af80   0x00000002   Code   RO         8619    i.HAL_UARTEx_RxEventCallback  stm32h7xx_hal_uart.o
    0x0800af82   0x0800af82   0x00000002   Code   RO         9043    i.HAL_UARTEx_RxFifoFullCallback  stm32h7xx_hal_uart_ex.o
    0x0800af84   0x0800af84   0x0000005e   Code   RO         9044    i.HAL_UARTEx_SetRxFifoThreshold  stm32h7xx_hal_uart_ex.o
    0x0800afe2   0x0800afe2   0x0000005e   Code   RO         9045    i.HAL_UARTEx_SetTxFifoThreshold  stm32h7xx_hal_uart_ex.o
    0x0800b040   0x0800b040   0x00000002   Code   RO         9047    i.HAL_UARTEx_TxFifoEmptyCallback  stm32h7xx_hal_uart_ex.o
    0x0800b042   0x0800b042   0x00000002   Code   RO         9048    i.HAL_UARTEx_WakeupCallback  stm32h7xx_hal_uart_ex.o
    0x0800b044   0x0800b044   0x00000002   Code   RO         8635    i.HAL_UART_ErrorCallback  stm32h7xx_hal_uart.o
    0x0800b046   0x0800b046   0x00000002   PAD
    0x0800b048   0x0800b048   0x00000494   Code   RO         8638    i.HAL_UART_IRQHandler  stm32h7xx_hal_uart.o
    0x0800b4dc   0x0800b4dc   0x00000078   Code   RO         8639    i.HAL_UART_Init     stm32h7xx_hal_uart.o
    0x0800b554   0x0800b554   0x00000340   Code   RO         1868    i.HAL_UART_MspInit  usart.o
    0x0800b894   0x0800b894   0x0000005c   Code   RO         8644    i.HAL_UART_Receive_IT  stm32h7xx_hal_uart.o
    0x0800b8f0   0x0800b8f0   0x0000009c   Code   RO          973    i.HAL_UART_RxCpltCallback  fun_test_task.o
    0x0800b98c   0x0800b98c   0x00000002   Code   RO         8651    i.HAL_UART_TxCpltCallback  stm32h7xx_hal_uart.o
    0x0800b98e   0x0800b98e   0x00000004   Code   RO         1952    i.HardFault_Handler  stm32h7xx_it.o
    0x0800b992   0x0800b992   0x00000002   PAD
    0x0800b994   0x0800b994   0x00000190   Code   RO          914    i.ImuTask_Entry     imu_task.o
    0x0800bb24   0x0800bb24   0x0000003e   Code   RO         2191    i.IntToUnicode      usbd_desc.o
    0x0800bb62   0x0800bb62   0x00000002   PAD
    0x0800bb64   0x0800bb64   0x00000118   Code   RO          815    i.KeyTask_Entry     key_task.o
    0x0800bc7c   0x0800bc7c   0x00000042   Code   RO          285    i.LCD_Address_Set   lcd.o
    0x0800bcbe   0x0800bcbe   0x0000001c   Code   RO          287    i.LCD_DrawPoint     lcd.o
    0x0800bcda   0x0800bcda   0x0000004a   Code   RO          289    i.LCD_Fill          lcd.o
    0x0800bd24   0x0800bd24   0x0000019c   Code   RO          290    i.LCD_Init          lcd.o
    0x0800bec0   0x0800bec0   0x00000158   Code   RO          291    i.LCD_ShowChar      lcd.o
    0x0800c018   0x0800c018   0x00000130   Code   RO          292    i.LCD_ShowFloatNum  lcd.o
    0x0800c148   0x0800c148   0x00000078   Code   RO          295    i.LCD_ShowPicture   lcd.o
    0x0800c1c0   0x0800c1c0   0x00000042   Code   RO          296    i.LCD_ShowString    lcd.o
    0x0800c202   0x0800c202   0x00000012   Code   RO          297    i.LCD_WR_DATA       lcd.o
    0x0800c214   0x0800c214   0x0000000c   Code   RO          298    i.LCD_WR_DATA8      lcd.o
    0x0800c220   0x0800c220   0x00000028   Code   RO          299    i.LCD_WR_REG        lcd.o
    0x0800c248   0x0800c248   0x00000030   Code   RO          300    i.LCD_Writ_Bus      lcd.o
    0x0800c278   0x0800c278   0x00000010   Code   RO         5848    i.LL_ADC_Enable     stm32h7xx_hal_adc.o
    0x0800c288   0x0800c288   0x0000000a   Code   RO         5850    i.LL_ADC_GetMultimode  stm32h7xx_hal_adc.o
    0x0800c292   0x0800c292   0x00000012   Code   RO         5851    i.LL_ADC_GetOffsetChannel  stm32h7xx_hal_adc.o
    0x0800c2a4   0x0800c2a4   0x0000000a   Code   RO         5852    i.LL_ADC_INJ_IsConversionOngoing  stm32h7xx_hal_adc.o
    0x0800c2ae   0x0800c2ae   0x0000000a   Code   RO         5853    i.LL_ADC_IsDisableOngoing  stm32h7xx_hal_adc.o
    0x0800c2b8   0x0800c2b8   0x0000000a   Code   RO         5854    i.LL_ADC_IsEnabled  stm32h7xx_hal_adc.o
    0x0800c2c2   0x0800c2c2   0x0000000a   Code   RO         6128    i.LL_ADC_IsEnabled  stm32h7xx_hal_adc_ex.o
    0x0800c2cc   0x0800c2cc   0x0000000a   Code   RO         5855    i.LL_ADC_IsInternalRegulatorEnabled  stm32h7xx_hal_adc.o
    0x0800c2d6   0x0800c2d6   0x0000000a   Code   RO         5856    i.LL_ADC_REG_IsConversionOngoing  stm32h7xx_hal_adc.o
    0x0800c2e0   0x0800c2e0   0x0000000a   Code   RO         6129    i.LL_ADC_REG_IsConversionOngoing  stm32h7xx_hal_adc_ex.o
    0x0800c2ea   0x0800c2ea   0x00000012   Code   RO         5857    i.LL_ADC_REG_IsTriggerSourceSWStart  stm32h7xx_hal_adc.o
    0x0800c2fc   0x0800c2fc   0x00000010   Code   RO         5858    i.LL_ADC_REG_StartConversion  stm32h7xx_hal_adc.o
    0x0800c30c   0x0800c30c   0x00000028   Code   RO         5860    i.LL_ADC_SetChannelSamplingTime  stm32h7xx_hal_adc.o
    0x0800c334   0x0800c334   0x0000000c   Code   RO         5861    i.LL_ADC_SetCommonPathInternalCh  stm32h7xx_hal_adc.o
    0x0800c340   0x0800c340   0x00000030   Code   RO         5862    i.LL_ADC_SetOffsetState  stm32h7xx_hal_adc.o
    0x0800c370   0x0800c370   0x000000d8   Code   RO          853    i.LcdTask_Entry     lcd_task.o
    0x0800c448   0x0800c448   0x0000000a   Code   RO         1213    i.LogicTask_Entry   logic_task.o
    0x0800c452   0x0800c452   0x00000002   PAD
    0x0800c454   0x0800c454   0x000000c4   Code   RO         1582    i.MX_ADC1_Init      adc.o
    0x0800c518   0x0800c518   0x00000034   Code   RO         1622    i.MX_DMA_Init       dma.o
    0x0800c54c   0x0800c54c   0x00000080   Code   RO         1648    i.MX_FDCAN1_Init    fdcan.o
    0x0800c5cc   0x0800c5cc   0x00000080   Code   RO         1649    i.MX_FDCAN2_Init    fdcan.o
    0x0800c64c   0x0800c64c   0x00000080   Code   RO         1650    i.MX_FDCAN3_Init    fdcan.o
    0x0800c6cc   0x0800c6cc   0x00000164   Code   RO         1498    i.MX_FREERTOS_Init  freertos.o
    0x0800c830   0x0800c830   0x000001d8   Code   RO         1472    i.MX_GPIO_Init      gpio.o
    0x0800ca08   0x0800ca08   0x000000a4   Code   RO         1707    i.MX_OCTOSPI2_Init  octospi.o
    0x0800caac   0x0800caac   0x00000064   Code   RO         1749    i.MX_SPI1_Init      spi.o
    0x0800cb10   0x0800cb10   0x00000064   Code   RO         1750    i.MX_SPI2_Init      spi.o
    0x0800cb74   0x0800cb74   0x00000064   Code   RO         1751    i.MX_SPI6_Init      spi.o
    0x0800cbd8   0x0800cbd8   0x0000007c   Code   RO         1804    i.MX_TIM12_Init     tim.o
    0x0800cc54   0x0800cc54   0x000000d4   Code   RO         1805    i.MX_TIM1_Init      tim.o
    0x0800cd28   0x0800cd28   0x00000090   Code   RO         1806    i.MX_TIM2_Init      tim.o
    0x0800cdb8   0x0800cdb8   0x00000080   Code   RO         1807    i.MX_TIM3_Init      tim.o
    0x0800ce38   0x0800ce38   0x0000006c   Code   RO         1869    i.MX_UART7_Init     usart.o
    0x0800cea4   0x0800cea4   0x0000006c   Code   RO         1870    i.MX_USART10_UART_Init  usart.o
    0x0800cf10   0x0800cf10   0x0000006c   Code   RO         1871    i.MX_USART1_UART_Init  usart.o
    0x0800cf7c   0x0800cf7c   0x00000070   Code   RO         1872    i.MX_USART2_UART_Init  usart.o
    0x0800cfec   0x0800cfec   0x00000070   Code   RO         1873    i.MX_USART3_UART_Init  usart.o
    0x0800d05c   0x0800d05c   0x00000050   Code   RO         2155    i.MX_USB_DEVICE_Init  usb_device.o
    0x0800d0ac   0x0800d0ac   0x000002f8   Code   RO         2565    i.MahonyAHRSupdateIMU  mahonyahrs.o
    0x0800d3a4   0x0800d3a4   0x00000004   Code   RO         1953    i.MemManage_Handler  stm32h7xx_it.o
    0x0800d3a8   0x0800d3a8   0x0000000a   Code   RO         1228    i.MoveTask_Entry    move_task.o
    0x0800d3b2   0x0800d3b2   0x00000004   Code   RO         1954    i.NMI_Handler       stm32h7xx_it.o
    0x0800d3b6   0x0800d3b6   0x00000002   PAD
    0x0800d3b8   0x0800d3b8   0x000000e8   Code   RO         7018    i.OSPIM_GetConfig   stm32h7xx_hal_ospi.o
    0x0800d4a0   0x0800d4a0   0x0000004c   Code   RO         7023    i.OSPI_WaitFlagStateUntilTimeout  stm32h7xx_hal_ospi.o
    0x0800d4ec   0x0800d4ec   0x00000010   Code   RO         1955    i.OTG_HS_IRQHandler  stm32h7xx_it.o
    0x0800d4fc   0x0800d4fc   0x0000000a   Code   RO         1249    i.OrderTask_Entry   order_task.o
    0x0800d506   0x0800d506   0x00000002   PAD
    0x0800d508   0x0800d508   0x00000064   Code   RO         2725    i.PCD_EP_OutSetupPacket_int  stm32h7xx_hal_pcd.o
    0x0800d56c   0x0800d56c   0x00000144   Code   RO         2726    i.PCD_EP_OutXfrComplete_int  stm32h7xx_hal_pcd.o
    0x0800d6b0   0x0800d6b0   0x000000b6   Code   RO         2727    i.PCD_WriteEmptyTxFifo  stm32h7xx_hal_pcd.o
    0x0800d766   0x0800d766   0x00000002   PAD
    0x0800d768   0x0800d768   0x00000164   Code   RO         3439    i.RCCEx_PLL2_Config  stm32h7xx_hal_rcc_ex.o
    0x0800d8cc   0x0800d8cc   0x00000164   Code   RO         3440    i.RCCEx_PLL3_Config  stm32h7xx_hal_rcc_ex.o
    0x0800da30   0x0800da30   0x000000d6   Code   RO         7277    i.SPI_CloseTransfer  stm32h7xx_hal_spi.o
    0x0800db06   0x0800db06   0x0000001a   Code   RO         7288    i.SPI_GetPacketSize  stm32h7xx_hal_spi.o
    0x0800db20   0x0800db20   0x00000042   Code   RO         7295    i.SPI_WaitOnFlagUntilTimeout  stm32h7xx_hal_spi.o
    0x0800db62   0x0800db62   0x00000012   Code   RO        11009    i.SWAPBYTE          usbd_ctlreq.o
    0x0800db74   0x0800db74   0x0000000e   Code   RO         1501    i.StartDefaultTask  freertos.o
    0x0800db82   0x0800db82   0x00000002   PAD
    0x0800db84   0x0800db84   0x00000034   Code   RO        10764    i.SysTick_Handler   port.o
    0x0800dbb8   0x0800dbb8   0x000000d0   Code   RO         1404    i.SystemClock_Config  main.o
    0x0800dc88   0x0800dc88   0x000000e0   Code   RO         9159    i.SystemInit        system_stm32h7xx.o
    0x0800dd68   0x0800dd68   0x00000010   Code   RO         1956    i.TIM23_IRQHandler  stm32h7xx_it.o
    0x0800dd78   0x0800dd78   0x000000e0   Code   RO         7675    i.TIM_Base_SetConfig  stm32h7xx_hal_tim.o
    0x0800de58   0x0800de58   0x00000022   Code   RO         7676    i.TIM_CCxChannelCmd  stm32h7xx_hal_tim.o
    0x0800de7a   0x0800de7a   0x00000002   PAD
    0x0800de7c   0x0800de7c   0x000000ac   Code   RO         7688    i.TIM_OC1_SetConfig  stm32h7xx_hal_tim.o
    0x0800df28   0x0800df28   0x000000b4   Code   RO         7689    i.TIM_OC2_SetConfig  stm32h7xx_hal_tim.o
    0x0800dfdc   0x0800dfdc   0x000000b4   Code   RO         7690    i.TIM_OC3_SetConfig  stm32h7xx_hal_tim.o
    0x0800e090   0x0800e090   0x00000074   Code   RO         7691    i.TIM_OC4_SetConfig  stm32h7xx_hal_tim.o
    0x0800e104   0x0800e104   0x00000070   Code   RO         7692    i.TIM_OC5_SetConfig  stm32h7xx_hal_tim.o
    0x0800e174   0x0800e174   0x00000070   Code   RO         7693    i.TIM_OC6_SetConfig  stm32h7xx_hal_tim.o
    0x0800e1e4   0x0800e1e4   0x00000010   Code   RO         1957    i.UART7_IRQHandler  stm32h7xx_it.o
    0x0800e1f4   0x0800e1f4   0x00000058   Code   RO         9049    i.UARTEx_SetNbDataToProcess  stm32h7xx_hal_uart_ex.o
    0x0800e24c   0x0800e24c   0x000000f8   Code   RO         8653    i.UART_AdvFeatureConfig  stm32h7xx_hal_uart.o
    0x0800e344   0x0800e344   0x000000ea   Code   RO         8654    i.UART_CheckIdleState  stm32h7xx_hal_uart.o
    0x0800e42e   0x0800e42e   0x00000018   Code   RO         8655    i.UART_DMAAbortOnError  stm32h7xx_hal_uart.o
    0x0800e446   0x0800e446   0x00000002   PAD
    0x0800e448   0x0800e448   0x0000006c   Code   RO         8665    i.UART_EndRxTransfer  stm32h7xx_hal_uart.o
    0x0800e4b4   0x0800e4b4   0x00000030   Code   RO         8666    i.UART_EndTransmit_IT  stm32h7xx_hal_uart.o
    0x0800e4e4   0x0800e4e4   0x00000104   Code   RO         8668    i.UART_RxISR_16BIT  stm32h7xx_hal_uart.o
    0x0800e5e8   0x0800e5e8   0x000001fc   Code   RO         8669    i.UART_RxISR_16BIT_FIFOEN  stm32h7xx_hal_uart.o
    0x0800e7e4   0x0800e7e4   0x00000104   Code   RO         8670    i.UART_RxISR_8BIT   stm32h7xx_hal_uart.o
    0x0800e8e8   0x0800e8e8   0x000001f8   Code   RO         8671    i.UART_RxISR_8BIT_FIFOEN  stm32h7xx_hal_uart.o
    0x0800eae0   0x0800eae0   0x00000628   Code   RO         8672    i.UART_SetConfig    stm32h7xx_hal_uart.o
    0x0800f108   0x0800f108   0x0000015c   Code   RO         8674    i.UART_Start_Receive_IT  stm32h7xx_hal_uart.o
    0x0800f264   0x0800f264   0x000000a2   Code   RO         8679    i.UART_WaitOnFlagUntilTimeout  stm32h7xx_hal_uart.o
    0x0800f306   0x0800f306   0x00000002   PAD
    0x0800f308   0x0800f308   0x00000010   Code   RO         1958    i.USART10_IRQHandler  stm32h7xx_it.o
    0x0800f318   0x0800f318   0x00000010   Code   RO         1959    i.USART1_IRQHandler  stm32h7xx_it.o
    0x0800f328   0x0800f328   0x00000010   Code   RO         1960    i.USART2_IRQHandler  stm32h7xx_it.o
    0x0800f338   0x0800f338   0x00000010   Code   RO         1961    i.USART3_IRQHandler  stm32h7xx_it.o
    0x0800f348   0x0800f348   0x000000c4   Code   RO        11180    i.USBD_CDC_DataIn   usbd_cdc.o
    0x0800f40c   0x0800f40c   0x00000048   Code   RO        11181    i.USBD_CDC_DataOut  usbd_cdc.o
    0x0800f454   0x0800f454   0x000000d4   Code   RO        11182    i.USBD_CDC_DeInit   usbd_cdc.o
    0x0800f528   0x0800f528   0x00000050   Code   RO        11183    i.USBD_CDC_EP0_RxReady  usbd_cdc.o
    0x0800f578   0x0800f578   0x00000010   Code   RO        11184    i.USBD_CDC_GetDeviceQualifierDescriptor  usbd_cdc.o
    0x0800f588   0x0800f588   0x00000044   Code   RO        11185    i.USBD_CDC_GetFSCfgDesc  usbd_cdc.o
    0x0800f5cc   0x0800f5cc   0x00000048   Code   RO        11186    i.USBD_CDC_GetHSCfgDesc  usbd_cdc.o
    0x0800f614   0x0800f614   0x00000044   Code   RO        11187    i.USBD_CDC_GetOtherSpeedCfgDesc  usbd_cdc.o
    0x0800f658   0x0800f658   0x000001a0   Code   RO        11188    i.USBD_CDC_Init     usbd_cdc.o
    0x0800f7f8   0x0800f7f8   0x00000050   Code   RO        11189    i.USBD_CDC_ReceivePacket  usbd_cdc.o
    0x0800f848   0x0800f848   0x00000018   Code   RO        11190    i.USBD_CDC_RegisterInterface  usbd_cdc.o
    0x0800f860   0x0800f860   0x0000001e   Code   RO        11191    i.USBD_CDC_SetRxBuffer  usbd_cdc.o
    0x0800f87e   0x0800f87e   0x00000024   Code   RO        11192    i.USBD_CDC_SetTxBuffer  usbd_cdc.o
    0x0800f8a2   0x0800f8a2   0x00000140   Code   RO        11193    i.USBD_CDC_Setup    usbd_cdc.o
    0x0800f9e2   0x0800f9e2   0x00000002   PAD
    0x0800f9e4   0x0800f9e4   0x0000005c   Code   RO        11194    i.USBD_CDC_TransmitPacket  usbd_cdc.o
    0x0800fa40   0x0800fa40   0x0000001c   Code   RO        10843    i.USBD_ClrClassConfig  usbd_core.o
    0x0800fa5c   0x0800fa5c   0x0000003e   Code   RO        11010    i.USBD_ClrFeature   usbd_ctlreq.o
    0x0800fa9a   0x0800fa9a   0x00000006   Code   RO        10844    i.USBD_CoreFindEP   usbd_core.o
    0x0800faa0   0x0800faa0   0x00000006   Code   RO        10845    i.USBD_CoreFindIF   usbd_core.o
    0x0800faa6   0x0800faa6   0x00000018   Code   RO        11116    i.USBD_CtlContinueRx  usbd_ioreq.o
    0x0800fabe   0x0800fabe   0x00000018   Code   RO        11117    i.USBD_CtlContinueSendData  usbd_ioreq.o
    0x0800fad6   0x0800fad6   0x00000018   Code   RO        11011    i.USBD_CtlError     usbd_ctlreq.o
    0x0800faee   0x0800faee   0x00000028   Code   RO        11118    i.USBD_CtlPrepareRx  usbd_ioreq.o
    0x0800fb16   0x0800fb16   0x0000001a   Code   RO        11119    i.USBD_CtlReceiveStatus  usbd_ioreq.o
    0x0800fb30   0x0800fb30   0x00000022   Code   RO        11120    i.USBD_CtlSendData  usbd_ioreq.o
    0x0800fb52   0x0800fb52   0x0000001a   Code   RO        11121    i.USBD_CtlSendStatus  usbd_ioreq.o
    0x0800fb6c   0x0800fb6c   0x00000056   Code   RO        11012    i.USBD_GetConfig    usbd_ctlreq.o
    0x0800fbc2   0x0800fbc2   0x00000232   Code   RO        11013    i.USBD_GetDescriptor  usbd_ctlreq.o
    0x0800fdf4   0x0800fdf4   0x00000050   Code   RO        10847    i.USBD_GetEpDesc    usbd_core.o
    0x0800fe44   0x0800fe44   0x00000016   Code   RO        11014    i.USBD_GetLen       usbd_ctlreq.o
    0x0800fe5a   0x0800fe5a   0x00000014   Code   RO        10848    i.USBD_GetNextDesc  usbd_core.o
    0x0800fe6e   0x0800fe6e   0x0000005a   Code   RO        11015    i.USBD_GetStatus    usbd_ctlreq.o
    0x0800fec8   0x0800fec8   0x00000054   Code   RO        11016    i.USBD_GetString    usbd_ctlreq.o
    0x0800ff1c   0x0800ff1c   0x0000002c   Code   RO         2369    i.USBD_Get_USB_Status  usbd_conf.o
    0x0800ff48   0x0800ff48   0x00000034   Code   RO         2192    i.USBD_HS_ConfigStrDescriptor  usbd_desc.o
    0x0800ff7c   0x0800ff7c   0x00000010   Code   RO         2193    i.USBD_HS_DeviceDescriptor  usbd_desc.o
    0x0800ff8c   0x0800ff8c   0x00000038   Code   RO         2194    i.USBD_HS_InterfaceStrDescriptor  usbd_desc.o
    0x0800ffc4   0x0800ffc4   0x00000010   Code   RO         2195    i.USBD_HS_LangIDStrDescriptor  usbd_desc.o
    0x0800ffd4   0x0800ffd4   0x0000002c   Code   RO         2196    i.USBD_HS_ManufacturerStrDescriptor  usbd_desc.o
    0x08010000   0x08010000   0x00000040   Code   RO         2197    i.USBD_HS_ProductStrDescriptor  usbd_desc.o
    0x08010040   0x08010040   0x00000018   Code   RO         2198    i.USBD_HS_SerialStrDescriptor  usbd_desc.o
    0x08010058   0x08010058   0x0000003a   Code   RO        10849    i.USBD_Init         usbd_core.o
    0x08010092   0x08010092   0x00000026   Code   RO         2370    i.USBD_LL_ClearStallEP  usbd_conf.o
    0x080100b8   0x080100b8   0x00000026   Code   RO         2371    i.USBD_LL_CloseEP   usbd_conf.o
    0x080100de   0x080100de   0x00000108   Code   RO        10850    i.USBD_LL_DataInStage  usbd_core.o
    0x080101e6   0x080101e6   0x00000102   Code   RO        10851    i.USBD_LL_DataOutStage  usbd_core.o
    0x080102e8   0x080102e8   0x00000006   Code   RO        10852    i.USBD_LL_DevConnected  usbd_core.o
    0x080102ee   0x080102ee   0x00000026   Code   RO        10853    i.USBD_LL_DevDisconnected  usbd_core.o
    0x08010314   0x08010314   0x00000012   Code   RO         2375    i.USBD_LL_GetRxDataSize  usbd_conf.o
    0x08010326   0x08010326   0x00000002   PAD
    0x08010328   0x08010328   0x00000070   Code   RO         2376    i.USBD_LL_Init      usbd_conf.o
    0x08010398   0x08010398   0x00000038   Code   RO         2377    i.USBD_LL_IsStallEP  usbd_conf.o
    0x080103d0   0x080103d0   0x00000048   Code   RO        10854    i.USBD_LL_IsoINIncomplete  usbd_core.o
    0x08010418   0x08010418   0x00000048   Code   RO        10855    i.USBD_LL_IsoOUTIncomplete  usbd_core.o
    0x08010460   0x08010460   0x00000030   Code   RO         2378    i.USBD_LL_OpenEP    usbd_conf.o
    0x08010490   0x08010490   0x00000030   Code   RO         2379    i.USBD_LL_PrepareReceive  usbd_conf.o
    0x080104c0   0x080104c0   0x0000006c   Code   RO        10856    i.USBD_LL_Reset     usbd_core.o
    0x0801052c   0x0801052c   0x00000016   Code   RO        10857    i.USBD_LL_Resume    usbd_core.o
    0x08010542   0x08010542   0x00000028   Code   RO        10858    i.USBD_LL_SOF       usbd_core.o
    0x0801056a   0x0801056a   0x00000008   Code   RO        10859    i.USBD_LL_SetSpeed  usbd_core.o
    0x08010572   0x08010572   0x00000026   Code   RO         2380    i.USBD_LL_SetUSBAddress  usbd_conf.o
    0x08010598   0x08010598   0x00000076   Code   RO        10860    i.USBD_LL_SetupStage  usbd_core.o
    0x0801060e   0x0801060e   0x00000026   Code   RO         2381    i.USBD_LL_StallEP   usbd_conf.o
    0x08010634   0x08010634   0x0000001e   Code   RO         2382    i.USBD_LL_Start     usbd_conf.o
    0x08010652   0x08010652   0x0000001c   Code   RO        10861    i.USBD_LL_Suspend   usbd_core.o
    0x0801066e   0x0801066e   0x00000030   Code   RO         2384    i.USBD_LL_Transmit  usbd_conf.o
    0x0801069e   0x0801069e   0x00000036   Code   RO        11017    i.USBD_ParseSetupRequest  usbd_ctlreq.o
    0x080106d4   0x080106d4   0x00000048   Code   RO        10862    i.USBD_RegisterClass  usbd_core.o
    0x0801071c   0x0801071c   0x00000006   Code   RO        10863    i.USBD_RunTestMode  usbd_core.o
    0x08010722   0x08010722   0x0000005a   Code   RO        11018    i.USBD_SetAddress   usbd_ctlreq.o
    0x0801077c   0x0801077c   0x00000020   Code   RO        10864    i.USBD_SetClassConfig  usbd_core.o
    0x0801079c   0x0801079c   0x00000104   Code   RO        11019    i.USBD_SetConfig    usbd_ctlreq.o
    0x080108a0   0x080108a0   0x00000038   Code   RO        11020    i.USBD_SetFeature   usbd_ctlreq.o
    0x080108d8   0x080108d8   0x0000000c   Code   RO        10865    i.USBD_Start        usbd_core.o
    0x080108e4   0x080108e4   0x000000ae   Code   RO        11021    i.USBD_StdDevReq    usbd_ctlreq.o
    0x08010992   0x08010992   0x00000280   Code   RO        11022    i.USBD_StdEPReq     usbd_ctlreq.o
    0x08010c12   0x08010c12   0x000000ae   Code   RO        11023    i.USBD_StdItfReq    usbd_ctlreq.o
    0x08010cc0   0x08010cc0   0x00000002   Code   RO         2385    i.USBD_static_free  usbd_conf.o
    0x08010cc2   0x08010cc2   0x00000002   PAD
    0x08010cc4   0x08010cc4   0x0000000c   Code   RO         2386    i.USBD_static_malloc  usbd_conf.o
    0x08010cd0   0x08010cd0   0x000000d0   Code   RO         3001    i.USB_ActivateEndpoint  stm32h7xx_ll_usb.o
    0x08010da0   0x08010da0   0x00000028   Code   RO         3003    i.USB_ActivateSetup  stm32h7xx_ll_usb.o
    0x08010dc8   0x08010dc8   0x00000098   Code   RO         3005    i.USB_CoreInit      stm32h7xx_ll_usb.o
    0x08010e60   0x08010e60   0x00000058   Code   RO         3006    i.USB_CoreReset     stm32h7xx_ll_usb.o
    0x08010eb8   0x08010eb8   0x0000014c   Code   RO         3009    i.USB_DeactivateEndpoint  stm32h7xx_ll_usb.o
    0x08011004   0x08011004   0x00000024   Code   RO         3010    i.USB_DevConnect    stm32h7xx_ll_usb.o
    0x08011028   0x08011028   0x00000024   Code   RO         3011    i.USB_DevDisconnect  stm32h7xx_ll_usb.o
    0x0801104c   0x0801104c   0x000001d8   Code   RO         3012    i.USB_DevInit       stm32h7xx_ll_usb.o
    0x08011224   0x08011224   0x0000000e   Code   RO         3013    i.USB_DisableGlobalInt  stm32h7xx_ll_usb.o
    0x08011232   0x08011232   0x00000002   PAD
    0x08011234   0x08011234   0x00000070   Code   RO         3016    i.USB_EP0_OutStart  stm32h7xx_ll_usb.o
    0x080112a4   0x080112a4   0x0000008e   Code   RO         3017    i.USB_EPClearStall  stm32h7xx_ll_usb.o
    0x08011332   0x08011332   0x0000009a   Code   RO         3018    i.USB_EPSetStall    stm32h7xx_ll_usb.o
    0x080113cc   0x080113cc   0x000003b4   Code   RO         3019    i.USB_EPStartXfer   stm32h7xx_ll_usb.o
    0x08011780   0x08011780   0x000000ec   Code   RO         3020    i.USB_EPStopXfer    stm32h7xx_ll_usb.o
    0x0801186c   0x0801186c   0x0000000e   Code   RO         3021    i.USB_EnableGlobalInt  stm32h7xx_ll_usb.o
    0x0801187a   0x0801187a   0x00000002   PAD
    0x0801187c   0x0801187c   0x00000054   Code   RO         3022    i.USB_FlushRxFifo   stm32h7xx_ll_usb.o
    0x080118d0   0x080118d0   0x00000058   Code   RO         3023    i.USB_FlushTxFifo   stm32h7xx_ll_usb.o
    0x08011928   0x08011928   0x00000026   Code   RO         3025    i.USB_GetDevSpeed   stm32h7xx_ll_usb.o
    0x0801194e   0x0801194e   0x0000000a   Code   RO         3027    i.USB_GetMode       stm32h7xx_ll_usb.o
    0x08011958   0x08011958   0x00000014   Code   RO         3035    i.USB_ReadDevAllInEpInterrupt  stm32h7xx_ll_usb.o
    0x0801196c   0x0801196c   0x00000014   Code   RO         3036    i.USB_ReadDevAllOutEpInterrupt  stm32h7xx_ll_usb.o
    0x08011980   0x08011980   0x00000032   Code   RO         3037    i.USB_ReadDevInEPInterrupt  stm32h7xx_ll_usb.o
    0x080119b2   0x080119b2   0x0000001a   Code   RO         3038    i.USB_ReadDevOutEPInterrupt  stm32h7xx_ll_usb.o
    0x080119cc   0x080119cc   0x0000000a   Code   RO         3039    i.USB_ReadInterrupts  stm32h7xx_ll_usb.o
    0x080119d6   0x080119d6   0x00000060   Code   RO         3040    i.USB_ReadPacket    stm32h7xx_ll_usb.o
    0x08011a36   0x08011a36   0x00000068   Code   RO         3042    i.USB_SetCurrentMode  stm32h7xx_ll_usb.o
    0x08011a9e   0x08011a9e   0x0000002a   Code   RO         3043    i.USB_SetDevAddress  stm32h7xx_ll_usb.o
    0x08011ac8   0x08011ac8   0x00000012   Code   RO         3044    i.USB_SetDevSpeed   stm32h7xx_ll_usb.o
    0x08011ada   0x08011ada   0x00000002   PAD
    0x08011adc   0x08011adc   0x000000e8   Code   RO         3045    i.USB_SetTurnaroundTime  stm32h7xx_ll_usb.o
    0x08011bc4   0x08011bc4   0x00000044   Code   RO         3048    i.USB_WritePacket   stm32h7xx_ll_usb.o
    0x08011c08   0x08011c08   0x0000004a   Code   RO         1264    i.USB_date_deal_CB  usb_date_task.o
    0x08011c52   0x08011c52   0x0000004a   Code   RO         1265    i.USB_date_deal_CR  usb_date_task.o
    0x08011c9c   0x08011c9c   0x0000003c   Code   RO         1266    i.USB_date_deal_QR  usb_date_task.o
    0x08011cd8   0x08011cd8   0x00000004   Code   RO         1962    i.UsageFault_Handler  stm32h7xx_it.o
    0x08011cdc   0x08011cdc   0x000000c8   Code   RO         1267    i.UsbDataTask_Entry  usb_date_task.o
    0x08011da4   0x08011da4   0x0000000a   Code   RO         1304    i.VisualTask_Entry  visual_task.o
    0x08011dae   0x08011dae   0x00000002   PAD
    0x08011db0   0x08011db0   0x000000b0   Code   RO          423    i.WS2812_Ctrl       ws2812.o
    0x08011e60   0x08011e60   0x00000026   Code   RO        11627    i.__ARM_fpclassifyf  m_wv.l(fpclassifyf.o)
    0x08011e86   0x08011e86   0x00000002   PAD
    0x08011e88   0x08011e88   0x00000010   Code   RO         4745    i.__NVIC_GetPriorityGrouping  stm32h7xx_hal_cortex.o
    0x08011e98   0x08011e98   0x00000028   Code   RO         4746    i.__NVIC_SetPriority  stm32h7xx_hal_cortex.o
    0x08011ec0   0x08011ec0   0x00000138   Code   RO        11286    i.__hardfp_asinf    m_wv.l(asinf.o)
    0x08011ff8   0x08011ff8   0x00000258   Code   RO        11298    i.__hardfp_atan2f   m_wv.l(atan2f.o)
    0x08012250   0x08012250   0x00000006   Code   RO        11630    i.__mathlib_flt_infnan  m_wv.l(funder.o)
    0x08012256   0x08012256   0x00000006   Code   RO        11631    i.__mathlib_flt_infnan2  m_wv.l(funder.o)
    0x0801225c   0x0801225c   0x00000010   Code   RO        11632    i.__mathlib_flt_invalid  m_wv.l(funder.o)
    0x0801226c   0x0801226c   0x00000010   Code   RO        11635    i.__mathlib_flt_underflow  m_wv.l(funder.o)
    0x0801227c   0x0801227c   0x0000000e   Code   RO        11723    i.__scatterload_copy  mc_w.l(handlers.o)
    0x0801228a   0x0801228a   0x00000002   Code   RO        11724    i.__scatterload_null  mc_w.l(handlers.o)
    0x0801228c   0x0801228c   0x0000000e   Code   RO        11725    i.__scatterload_zeroinit  mc_w.l(handlers.o)
    0x0801229a   0x0801229a   0x00000002   PAD
    0x0801229c   0x0801229c   0x0000000c   Code   RO        11689    i.__set_errno       mc_w.l(errno.o)
    0x080122a8   0x080122a8   0x00000128   Code   RO          456    i.bmi088_accel_init  bmi088driver.o
    0x080123d0   0x080123d0   0x000000f4   Code   RO          457    i.bmi088_gyro_init  bmi088driver.o
    0x080124c4   0x080124c4   0x00000044   Code   RO          594    i.bsp_can_init      can_bsp.o
    0x08012508   0x08012508   0x00000044   Code   RO          595    i.can_filter_init   can_bsp.o
    0x0801254c   0x0801254c   0x0000001c   Code   RO          596    i.fdcan1_rx_callback  can_bsp.o
    0x08012568   0x08012568   0x0000001c   Code   RO          597    i.fdcan2_rx_callback  can_bsp.o
    0x08012584   0x08012584   0x0000001c   Code   RO          598    i.fdcan3_rx_callback  can_bsp.o
    0x080125a0   0x080125a0   0x00000078   Code   RO          599    i.fdcanx_receive    can_bsp.o
    0x08012618   0x08012618   0x00000044   Code   RO          600    i.fdcanx_send_data  can_bsp.o
    0x0801265c   0x0801265c   0x00000108   Code   RO            5    i.get_key_adc       bsp_user_key.o
    0x08012764   0x08012764   0x0000003c   Code   RO         2566    i.invSqrt           mahonyahrs.o
    0x080127a0   0x080127a0   0x00000060   Code   RO         1405    i.main              main.o
    0x08012800   0x08012800   0x0000000e   Code   RO        10329    i.makeFreeRtosPriority  cmsis_os.o
    0x0801280e   0x0801280e   0x00000016   Code   RO          301    i.mypow             lcd.o
    0x08012824   0x08012824   0x00000018   Code   RO        10331    i.osDelay           cmsis_os.o
    0x0801283c   0x0801283c   0x0000000a   Code   RO        10334    i.osKernelStart     cmsis_os.o
    0x08012846   0x08012846   0x0000005e   Code   RO        10368    i.osThreadCreate    cmsis_os.o
    0x080128a4   0x080128a4   0x00000098   Code   RO         9773    i.prvAddCurrentTaskToDelayedList  tasks.o
    0x0801293c   0x0801293c   0x000000b8   Code   RO         9774    i.prvAddNewTaskToReadyList  tasks.o
    0x080129f4   0x080129f4   0x00000074   Code   RO        10149    i.prvCheckForValidListAndQueue  timers.o
    0x08012a68   0x08012a68   0x00000048   Code   RO         9775    i.prvCheckTasksWaitingTermination  tasks.o
    0x08012ab0   0x08012ab0   0x0000002a   Code   RO         9360    i.prvCopyDataFromQueue  queue.o
    0x08012ada   0x08012ada   0x0000007e   Code   RO         9361    i.prvCopyDataToQueue  queue.o
    0x08012b58   0x08012b58   0x00000050   Code   RO         9776    i.prvDeleteTCB      tasks.o
    0x08012ba8   0x08012ba8   0x00000014   Code   RO         9362    i.prvGetDisinheritPriorityAfterTimeout  queue.o
    0x08012bbc   0x08012bbc   0x00000028   Code   RO        10150    i.prvGetNextExpireTime  timers.o
    0x08012be4   0x08012be4   0x0000007c   Code   RO        10708    i.prvHeapInit       heap_4.o
    0x08012c60   0x08012c60   0x00000028   Code   RO         9777    i.prvIdleTask       tasks.o
    0x08012c88   0x08012c88   0x0000002a   Code   RO         9364    i.prvInitialiseNewQueue  queue.o
    0x08012cb2   0x08012cb2   0x000000be   Code   RO         9778    i.prvInitialiseNewTask  tasks.o
    0x08012d70   0x08012d70   0x00000068   Code   RO         9779    i.prvInitialiseTaskLists  tasks.o
    0x08012dd8   0x08012dd8   0x00000068   Code   RO        10709    i.prvInsertBlockIntoFreeList  heap_4.o
    0x08012e40   0x08012e40   0x00000058   Code   RO        10152    i.prvInsertTimerInActiveList  timers.o
    0x08012e98   0x08012e98   0x0000001a   Code   RO         9365    i.prvIsQueueEmpty   queue.o
    0x08012eb2   0x08012eb2   0x0000001e   Code   RO         9366    i.prvIsQueueFull    queue.o
    0x08012ed0   0x08012ed0   0x00000074   Code   RO        10153    i.prvProcessExpiredTimer  timers.o
    0x08012f44   0x08012f44   0x00000164   Code   RO        10154    i.prvProcessReceivedCommands  timers.o
    0x080130a8   0x080130a8   0x00000074   Code   RO        10155    i.prvProcessTimerOrBlockTask  timers.o
    0x0801311c   0x0801311c   0x00000034   Code   RO         9781    i.prvResetNextTaskUnblockTime  tasks.o
    0x08013150   0x08013150   0x0000002c   Code   RO        10156    i.prvSampleTimeNow  timers.o
    0x0801317c   0x0801317c   0x000000a4   Code   RO        10157    i.prvSwitchTimerLists  timers.o
    0x08013220   0x08013220   0x00000040   Code   RO        10765    i.prvTaskExitError  port.o
    0x08013260   0x08013260   0x0000001a   Code   RO        10158    i.prvTimerTask      timers.o
    0x0801327a   0x0801327a   0x0000007e   Code   RO         9367    i.prvUnlockQueue    queue.o
    0x080132f8   0x080132f8   0x0000014c   Code   RO        10710    i.pvPortMalloc      heap_4.o
    0x08013444   0x08013444   0x00000020   Code   RO         9784    i.pvTaskIncrementMutexHeldCount  tasks.o
    0x08013464   0x08013464   0x0000002c   Code   RO        10766    i.pxPortInitialiseStack  port.o
    0x08013490   0x08013490   0x0000004c   Code   RO          854    i.show_QR           lcd_task.o
    0x080134dc   0x080134dc   0x00000058   Code   RO          855    i.show_bignum       lcd_task.o
    0x08013534   0x08013534   0x0000003e   Code   RO        11656    i.sqrtf             m_wv.l(sqrtf.o)
    0x08013572   0x08013572   0x00000028   Code   RO         9320    i.uxListRemove      list.o
    0x0801359a   0x0801359a   0x00000002   PAD
    0x0801359c   0x0801359c   0x00000018   Code   RO         1504    i.vApplicationGetIdleTaskMemory  freertos.o
    0x080135b4   0x080135b4   0x00000018   Code   RO         1505    i.vApplicationGetTimerTaskMemory  freertos.o
    0x080135cc   0x080135cc   0x0000001a   Code   RO         9321    i.vListInitialise   list.o
    0x080135e6   0x080135e6   0x00000006   Code   RO         9322    i.vListInitialiseItem  list.o
    0x080135ec   0x080135ec   0x00000034   Code   RO         9323    i.vListInsert       list.o
    0x08013620   0x08013620   0x00000018   Code   RO         9324    i.vListInsertEnd    list.o
    0x08013638   0x08013638   0x00000054   Code   RO        10768    i.vPortEnterCritical  port.o
    0x0801368c   0x0801368c   0x0000003c   Code   RO        10769    i.vPortExitCritical  port.o
    0x080136c8   0x080136c8   0x000000a4   Code   RO        10711    i.vPortFree         heap_4.o
    0x0801376c   0x0801376c   0x00000028   Code   RO        10770    i.vPortSetupTimerInterrupt  port.o
    0x08013794   0x08013794   0x00000078   Code   RO        10771    i.vPortValidateInterruptPriority  port.o
    0x0801380c   0x0801380c   0x0000002c   Code   RO         9373    i.vQueueAddToRegistry  queue.o
    0x08013838   0x08013838   0x0000004a   Code   RO         9377    i.vQueueWaitForMessageRestricted  queue.o
    0x08013882   0x08013882   0x00000002   PAD
    0x08013884   0x08013884   0x0000005c   Code   RO         9794    i.vTaskDelay        tasks.o
    0x080138e0   0x080138e0   0x00000018   Code   RO         9799    i.vTaskInternalSetTimeOutState  tasks.o
    0x080138f8   0x080138f8   0x0000000c   Code   RO         9800    i.vTaskMissedYield  tasks.o
    0x08013904   0x08013904   0x00000038   Code   RO         9802    i.vTaskPlaceOnEventList  tasks.o
    0x0801393c   0x0801393c   0x00000040   Code   RO         9803    i.vTaskPlaceOnEventListRestricted  tasks.o
    0x0801397c   0x0801397c   0x000000e4   Code   RO         9805    i.vTaskPriorityDisinheritAfterTimeout  tasks.o
    0x08013a60   0x08013a60   0x000000b8   Code   RO         9811    i.vTaskStartScheduler  tasks.o
    0x08013b18   0x08013b18   0x00000010   Code   RO         9813    i.vTaskSuspendAll   tasks.o
    0x08013b28   0x08013b28   0x0000008c   Code   RO         9814    i.vTaskSwitchContext  tasks.o
    0x08013bb4   0x08013bb4   0x0000005c   Code   RO         1320    i.vofa_send_data    vofa.o
    0x08013c10   0x08013c10   0x00000060   Code   RO         1321    i.vofa_sendframetail  vofa.o
    0x08013c70   0x08013c70   0x00000010   Code   RO         1323    i.vofa_transmit     vofa.o
    0x08013c80   0x08013c80   0x00000168   Code   RO        10772    i.xPortStartScheduler  port.o
    0x08013de8   0x08013de8   0x0000005a   Code   RO         9382    i.xQueueGenericCreate  queue.o
    0x08013e42   0x08013e42   0x000000e0   Code   RO         9383    i.xQueueGenericCreateStatic  queue.o
    0x08013f22   0x08013f22   0x00000002   PAD
    0x08013f24   0x08013f24   0x00000098   Code   RO         9384    i.xQueueGenericReset  queue.o
    0x08013fbc   0x08013fbc   0x000001a8   Code   RO         9385    i.xQueueGenericSend  queue.o
    0x08014164   0x08014164   0x000000fc   Code   RO         9386    i.xQueueGenericSendFromISR  queue.o
    0x08014260   0x08014260   0x000000e0   Code   RO         9389    i.xQueueGiveFromISR  queue.o
    0x08014340   0x08014340   0x00000168   Code   RO         9395    i.xQueueReceive     queue.o
    0x080144a8   0x080144a8   0x000001b8   Code   RO         9397    i.xQueueSemaphoreTake  queue.o
    0x08014660   0x08014660   0x0000008c   Code   RO         9816    i.xTaskCheckForTimeOut  tasks.o
    0x080146ec   0x080146ec   0x00000064   Code   RO         9817    i.xTaskCreate       tasks.o
    0x08014750   0x08014750   0x000000ba   Code   RO         9818    i.xTaskCreateStatic  tasks.o
    0x0801480a   0x0801480a   0x00000002   PAD
    0x0801480c   0x0801480c   0x00000020   Code   RO         9822    i.xTaskGetSchedulerState  tasks.o
    0x0801482c   0x0801482c   0x0000000c   Code   RO         9823    i.xTaskGetTickCount  tasks.o
    0x08014838   0x08014838   0x00000148   Code   RO         9825    i.xTaskIncrementTick  tasks.o
    0x08014980   0x08014980   0x000000c8   Code   RO         9828    i.xTaskPriorityDisinherit  tasks.o
    0x08014a48   0x08014a48   0x000000b8   Code   RO         9829    i.xTaskPriorityInherit  tasks.o
    0x08014b00   0x08014b00   0x00000098   Code   RO         9830    i.xTaskRemoveFromEventList  tasks.o
    0x08014b98   0x08014b98   0x00000104   Code   RO         9831    i.xTaskResumeAll    tasks.o
    0x08014c9c   0x08014c9c   0x00000078   Code   RO        10167    i.xTimerCreateTimerTask  timers.o
    0x08014d14   0x08014d14   0x00000084   Code   RO        10168    i.xTimerGenericCommand  timers.o
    0x08014d98   0x08014d98   0x000033f4   Data   RO          302    .constdata          lcd.o
    0x0801818c   0x0801818c   0x00007086   Data   RO          856    .constdata          lcd_task.o
    0x0801f212   0x0801f212   0x00000002   PAD
    0x0801f214   0x0801f214   0x00000134   Data   RO         1507    .constdata          freertos.o
    0x0801f348   0x0801f348   0x00000008   Data   RO         4048    .constdata          stm32h7xx_hal_dma.o
    0x0801f350   0x0801f350   0x0000005c   Data   RO         6464    .constdata          stm32h7xx_hal_fdcan.o
    0x0801f3ac   0x0801f3ac   0x00000018   Data   RO         8680    .constdata          stm32h7xx_hal_uart.o
    0x0801f3c4   0x0801f3c4   0x00000010   Data   RO         9051    .constdata          stm32h7xx_hal_uart_ex.o
    0x0801f3d4   0x0801f3d4   0x00000010   Data   RO         9160    .constdata          system_stm32h7xx.o
    0x0801f3e4   0x0801f3e4   0x00000074   Data   RO         1508    .conststring        freertos.o
    0x0801f458   0x0801f458   0x00000020   Data   RO        11721    Region$$Table       anon$$obj.o


    Execution Region RW_IRAM1 (Exec base: 0x20000000, Load base: 0x0801f478, Size: 0x00000000, Max: 0x00020000, ABSOLUTE)

    **** No section assigned to this execution region ****


    Execution Region RW_IRAM2 (Exec base: 0x24000000, Load base: 0x0801f478, Size: 0x0000dae0, Max: 0x00050000, ABSOLUTE, COMPRESSED[0x0000010c])

    Exec Addr    Load Addr    Size         Type   Attr      Idx    E Section Name        Object

    0x24000000   COMPRESSED   0x0000000f   Data   RW            6    .data               bsp_user_key.o
    0x2400000f   COMPRESSED   0x00000001   PAD
    0x24000010   COMPRESSED   0x0000002c   Data   RW          458    .data               bmi088driver.o
    0x2400003c   COMPRESSED   0x0000001e   Data   RW          602    .data               can_bsp.o
    0x2400005a   COMPRESSED   0x00000002   PAD
    0x2400005c   COMPRESSED   0x00000008   Data   RW          816    .data               key_task.o
    0x24000064   COMPRESSED   0x00000014   Data   RW          916    .data               imu_task.o
    0x24000078   COMPRESSED   0x00000020   Data   RW          974    .data               fun_test_task.o
    0x24000098   COMPRESSED   0x00000008   Data   RW         1325    .data               vofa.o
    0x240000a0   COMPRESSED   0x00000034   Data   RW         1509    .data               freertos.o
    0x240000d4   COMPRESSED   0x00000004   Data   RW         1652    .data               fdcan.o
    0x240000d8   COMPRESSED   0x0000005e   Data   RW         2201    .data               usbd_desc.o
    0x24000136   COMPRESSED   0x00000002   PAD
    0x24000138   COMPRESSED   0x00000018   Data   RW         2293    .data               usbd_cdc_if.o
    0x24000150   COMPRESSED   0x00000014   Data   RW         2567    .data               mahonyahrs.o
    0x24000164   COMPRESSED   0x00000009   Data   RW         4926    .data               stm32h7xx_hal.o
    0x2400016d   COMPRESSED   0x00000003   PAD
    0x24000170   COMPRESSED   0x00000008   Data   RW         9161    .data               system_stm32h7xx.o
    0x24000178   COMPRESSED   0x0000003c   Data   RW         9834    .data               tasks.o
    0x240001b4   COMPRESSED   0x00000014   Data   RW        10176    .data               timers.o
    0x240001c8   COMPRESSED   0x00000020   Data   RW        10717    .data               heap_4.o
    0x240001e8   COMPRESSED   0x0000000c   Data   RW        10773    .data               port.o
    0x240001f4   COMPRESSED   0x00000001   Data   RW        11024    .data               usbd_ctlreq.o
    0x240001f5   COMPRESSED   0x00000003   PAD
    0x240001f8   COMPRESSED   0x0000008a   Data   RW        11195    .data               usbd_cdc.o
    0x24000282   COMPRESSED   0x00000002   PAD
    0x24000284   COMPRESSED   0x00000004   Data   RW        11690    .data               mc_w.l(errno.o)
    0x24000288        -       0x0000000a   Zero   RW          601    .bss                can_bsp.o
    0x24000292   COMPRESSED   0x00000002   PAD
    0x24000294        -       0x00000040   Zero   RW          915    .bss                imu_task.o
    0x240002d4        -       0x00000400   Zero   RW         1324    .bss                vofa.o
    0x240006d4        -       0x00006850   Zero   RW         1506    .bss                freertos.o
    0x24006f24        -       0x000000e8   Zero   RW         1583    .bss                adc.o
    0x2400700c        -       0x0000022c   Zero   RW         1651    .bss                fdcan.o
    0x24007238        -       0x0000005c   Zero   RW         1708    .bss                octospi.o
    0x24007294        -       0x00000198   Zero   RW         1752    .bss                spi.o
    0x2400742c        -       0x00000130   Zero   RW         1808    .bss                tim.o
    0x2400755c        -       0x000002e4   Zero   RW         1875    .bss                usart.o
    0x24007840        -       0x0000004c   Zero   RW         2112    .bss                stm32h7xx_hal_timebase_tim.o
    0x2400788c        -       0x000002dc   Zero   RW         2156    .bss                usb_device.o
    0x24007b68        -       0x00000200   Zero   RW         2200    .bss                usbd_desc.o
    0x24007d68        -       0x00001000   Zero   RW         2292    .bss                usbd_cdc_if.o
    0x24008d68        -       0x0000072c   Zero   RW         2387    .bss                usbd_conf.o
    0x24009494        -       0x00000040   Zero   RW         9399    .bss                queue.o
    0x240094d4        -       0x000000f0   Zero   RW         9833    .bss                tasks.o
    0x240095c4        -       0x00000118   Zero   RW        10175    .bss                timers.o
    0x240096dc        -       0x00003c00   Zero   RW        10716    .bss                heap_4.o
    0x2400d2dc   COMPRESSED   0x00000004   PAD
    0x2400d2e0        -       0x00000800   Zero   RW         2145    STACK               startup_stm32h723xx.o


==============================================================================

Image component sizes


      Code (inc. data)   RO Data    RW Data    ZI Data      Debug   Object Name

       496         42          0          0        232       2247   adc.o
        10          0          0          0          0        512   arm_ctrl_task.o
      1030         20          0         44          0       6498   bmi088driver.o
       216         28          0          0          0       4864   bmi088middleware.o
        16          4          0          0          0        494   bsp_buzzer.o
       388         42          0         15          0    1336040   bsp_user_key.o
       460         78          0         30         10       5765   can_bsp.o
       142          0          0          0          0      23247   cmsis_os.o
        52          4          0          0          0        918   dma.o
         0          0          0          0          0      19844   event_groups.o
       956         54          0          4        556       3749   fdcan.o
       418         78        424         52      26704       5715   freertos.o
       304         90          0         32          0    1025903   fun_test_task.o
       472         26          0          0          0       1339   gpio.o
       724         74          0         32      15360       5083   heap_4.o
      1008        100          0         20         64       4339   imu_task.o
       280         44          0          8          0       1744   key_task.o
      1554         34      13300          0          0      10672   lcd.o
       380         42      28806          0          0       3077   lcd_task.o
       148          0          0          0          0       3794   list.o
        10          0          0          0          0        502   logic_task.o
       820         38          0         20          0       2290   mahonyahrs.o
       334         10          0          0          0       3180   main.o
        10          0          0          0          0        497   move_task.o
       680         62          0          0         92       3056   octospi.o
        10          0          0          0          0        502   order_task.o
      1014         92          0         12          0      12357   port.o
      2696         26          0          0         64      22624   queue.o
       892         60          0          0        408       3543   spi.o
        36          8        716          0       2048        820   startup_stm32h723xx.o
       172         34          0          9          0      23102   stm32h7xx_hal.o
      4208        234          0          0          0      85968   stm32h7xx_hal_adc.o
       560         30          0          0          0      68709   stm32h7xx_hal_adc_ex.o
       258         22          0          0          0      39378   stm32h7xx_hal_cortex.o
      8650        164          8          0          0      13614   stm32h7xx_hal_dma.o
      3696         52         92          0          0      24604   stm32h7xx_hal_fdcan.o
       888         96          0          0          0       3873   stm32h7xx_hal_gpio.o
        48          6          0          0          0        974   stm32h7xx_hal_msp.o
      2422         38          0          0          0       6583   stm32h7xx_hal_ospi.o
      3650         16          0          0          0      14244   stm32h7xx_hal_pcd.o
       130          4          0          0          0       3293   stm32h7xx_hal_pcd_ex.o
       116         12          0          0          0       1382   stm32h7xx_hal_pwr_ex.o
      3684        134          0          0          0       8657   stm32h7xx_hal_rcc.o
      7664        184          0          0          0      10831   stm32h7xx_hal_rcc_ex.o
      2232         12          0          0          0       6884   stm32h7xx_hal_spi.o
      2752        284          0          0          0      14789   stm32h7xx_hal_tim.o
       466         46          0          0          0       4308   stm32h7xx_hal_tim_ex.o
       148         20          0          0         76       1656   stm32h7xx_hal_timebase_tim.o
      5670        210         24          0          0      37830   stm32h7xx_hal_uart.o
       512         14         16          0          0       6653   stm32h7xx_hal_uart_ex.o
       246         84          0          0          0      10150   stm32h7xx_it.o
      3890        100          0          0          0      23460   stm32h7xx_ll_usb.o
         0          0          0          0          0        384   stream_buffer.o
       224         32         16          8          0       1446   system_stm32h7xx.o
      3316        376          0         60        240      30723   tasks.o
      1088         78          0          0        304       5016   tim.o
      1318        124          0         20        280      31147   timers.o
      1380         88          0          0        740       5082   usart.o
       408         16          0          0          0       3495   usb_date_task.o
        80         16          0          0        732        816   usb_device.o
      1782         54          0        138          0      14713   usbd_cdc.o
       232         30          0         24       4096       4745   usbd_cdc_if.o
       956         30          0          0       1836      18180   usbd_conf.o
      1354          0          0          0          0      17057   usbd_core.o
      2396         22          0          1          0      18400   usbd_ctlreq.o
       386        122          0         94        512       7261   usbd_desc.o
       174          0          0          0          0       4960   usbd_ioreq.o
        10          0          0          0          0        503   visual_task.o
       204         20          0          8       1024      10836   vofa.o
       176          6          0          0          0        886   ws2812.o

    ----------------------------------------------------------------------
     83178       3866      43436        644      55384    3101807   Object Totals
         0          0         32          0          0          0   (incl. Generated)
        76          0          2         13          6          0   (incl. Padding)

    ----------------------------------------------------------------------

      Code (inc. data)   RO Data    RW Data    ZI Data      Debug   Library Member Name

       312         54          0          0          0        176   asinf.o
       600         98          0          0          0        184   atan2f.o
        38          0          0          0          0        116   fpclassifyf.o
        44         12          0          0          0        464   funder.o
        62          0          0          0          0        136   sqrtf.o
        86          0          0          0          0          0   __dczerorl2.o
         0          0          0          0          0          0   entry.o
         0          0          0          0          0          0   entry10a.o
         0          0          0          0          0          0   entry11a.o
         8          4          0          0          0          0   entry2.o
         4          0          0          0          0          0   entry5.o
         0          0          0          0          0          0   entry7b.o
         0          0          0          0          0          0   entry8b.o
         8          4          0          0          0          0   entry9a.o
        12          6          0          4          0         68   errno.o
        30          0          0          0          0          0   handlers.o
        36          8          0          0          0         68   init.o
         0          0          0          0          0          0   iusefp.o
        30          0          0          0          0         68   llshl.o
        32          0          0          0          0         68   llushr.o
        26          0          0          0          0         80   memcmp.o
        36          0          0          0          0         68   memcpya.o
        36          0          0          0          0        108   memseta.o
        98          0          0          0          0         92   uldiv.o

    ----------------------------------------------------------------------
      1506        186          0          4          0       1696   Library Totals
         8          0          0          0          0          0   (incl. Padding)

    ----------------------------------------------------------------------

      Code (inc. data)   RO Data    RW Data    ZI Data      Debug   Library Name

      1056        164          0          0          0       1076   m_wv.l
       442         22          0          4          0        620   mc_w.l

    ----------------------------------------------------------------------
      1506        186          0          4          0       1696   Library Totals

    ----------------------------------------------------------------------

==============================================================================


      Code (inc. data)   RO Data    RW Data    ZI Data      Debug   

     84684       4052      43436        648      55384    3052879   Grand Totals
     84684       4052      43436        268      55384    3052879   ELF Image Totals (compressed)
     84684       4052      43436        268          0          0   ROM Totals

==============================================================================

    Total RO  Size (Code + RO Data)               128120 ( 125.12kB)
    Total RW  Size (RW Data + ZI Data)             56032 (  54.72kB)
    Total ROM Size (Code + RO Data + RW Data)     128388 ( 125.38kB)

==============================================================================

