<html>
<body>
<pre>
<h1>�Vision Build Log</h1>
<h2>Tool Versions:</h2>
IDE-Version: ��Vision V5.30.0.0
Copyright (C) 2020 ARM Ltd and ARM Germany GmbH. All rights reserved.
License Information: qa 2061477607@qq.com, we, LIC=GMZI6-DH6DP-8TR3P-M2D5X-HAENU-0YD4W
 
Tool Versions:
Toolchain:       MDK-ARM Plus  Version: 5.30.0.0
Toolchain Path:  D:\keil5\ARM\ARMCC\Bin
C Compiler:      Armcc.exe V5.06 update 6 (build 750)
Assembler:       Armasm.exe V5.06 update 6 (build 750)
Linker/Locator:  ArmLink.exe V5.06 update 6 (build 750)
Library Manager: ArmAr.exe V5.06 update 6 (build 750)
Hex Converter:   FromElf.exe V5.06 update 6 (build 750)
CPU DLL:         SARMCM3.DLL V5.30.0.0
Dialog DLL:      DCM.DLL V1.17.3.0
Target DLL:      CMSIS_AGDI.dll V1.32.5.0
Dialog DLL:      TCM.DLL V1.42.0.0
 
<h2>Project:</h2>
E:\desktop\intelligent-logistics-chassis-v1.0\intelligent-logistics-chassis-v1.0\stm32_code_pro\MDK-ARM\CarTest1.uvprojx
Project File Date:  10/04/2024

<h2>Output:</h2>
*** Using Compiler 'V5.06 update 6 (build 750)', folder: 'D:\keil5\ARM\ARMCC\Bin'
Build target 'CarTest1'
assembling startup_stm32f407xx.s...
compiling iwdg.c...
compiling stm32f4xx_hal_timebase_tim.c...
compiling gpio.c...
compiling spi.c...
compiling sdio.c...
compiling fsmc.c...
compiling dma.c...
compiling usart.c...
compiling adc.c...
compiling stm32f4xx_hal_msp.c...
compiling stm32f4xx_it.c...
compiling stm32f4xx_ll_adc.c...
compiling tim.c...
compiling stm32f4xx_hal_adc.c...
compiling freertos.c...
compiling main.c...
compiling stm32f4xx_hal_flash_ex.c...
compiling stm32f4xx_hal_flash_ramfunc.c...
compiling stm32f4xx_hal_gpio.c...
compiling stm32f4xx_hal_adc_ex.c...
compiling stm32f4xx_hal_pwr_ex.c...
compiling stm32f4xx_hal_cortex.c...
compiling stm32f4xx_hal_pwr.c...
compiling stm32f4xx_hal_dma_ex.c...
compiling stm32f4xx_hal_exti.c...
compiling stm32f4xx_hal_dma.c...
compiling stm32f4xx_hal_flash.c...
compiling stm32f4xx_hal_rcc_ex.c...
compiling stm32f4xx_hal_rcc.c...
compiling stm32f4xx_hal.c...
compiling arm_dot_prod_f32.c...
compiling arm_cos_f32.c...
compiling arm_sin_f32.c...
compiling stm32f4xx_ll_fsmc.c...
compiling arm_common_tables.c...
compiling stm32f4xx_hal_iwdg.c...
compiling stm32f4xx_hal_sram.c...
compiling system_stm32f4xx.c...
../Drivers/CMSIS/Device/ST/STM32F4xx/Include/stm32f407xx.h(51): warning:  #47-D: incompatible redefinition of macro "__FPU_PRESENT" 
  #define __FPU_PRESENT             1U       /*!< FPU present                                   */
../Core/Src/system_stm32f4xx.c: 1 warning, 0 errors
compiling stm32f4xx_ll_sdmmc.c...
compiling stm32f4xx_hal_spi.c...
compiling vofa_communication.c...
..\User\my_lib\vofa_communication.c(33): warning:  #167-D: argument of type "char *" is incompatible with parameter of type "uint8_t *"
      _UartSend(tail, 4);
..\User\my_lib\vofa_communication.c: 1 warning, 0 errors
compiling wit_c_sdk.c...
compiling stm32f4xx_hal_tim_ex.c...
compiling my_log.c...
compiling led.c...
..\User\my_lib\led.c(17): warning:  #188-D: enumerated type mixed with another type
      HAL_GPIO_WritePin(LED0_GPIO_Port, LED0_Pin, gLedBit&(1<<0));
..\User\my_lib\led.c(18): warning:  #188-D: enumerated type mixed with another type
      HAL_GPIO_WritePin(LED1_GPIO_Port, LED1_Pin, gLedBit&(1<<1));
..\User\my_lib\led.c: 2 warnings, 0 errors
compiling common.c...
compiling stm32f4xx_hal_uart.c...
compiling cJSON.c...
compiling stm32f4xx_hal_sd.c...
compiling button.c...
compiling stm32f4xx_hal_tim.c...
compiling lcd.c...
compiling ui.c...
compiling ui_helpers.c...
..\User\GUI\GUI_test\my_gui\ui_helpers.c(75): warning:  #188-D: enumerated type mixed with another type
     lv_bar_set_value(target, old+val, anm);
..\User\GUI\GUI_test\my_gui\ui_helpers.c(81): warning:  #188-D: enumerated type mixed with another type
     lv_slider_set_value(target, old+val, anm);
..\User\GUI\GUI_test\my_gui\ui_helpers.c: 2 warnings, 0 errors
compiling ui_ScreenMenu.c...
compiling my_sys.c...
..\User\my_sys.c(82): warning:  #192-D: unrecognized character escape sequence
  	printf("   \/   \\  ___   __ _   __| |  \/ _ \\  ___    ___  _ __ ___  \r\n");
..\User\my_sys.c(82): warning:  #192-D: unrecognized character escape sequence
  	printf("   \/   \\  ___   __ _   __| |  \/ _ \\  ___    ___  _ __ ___  \r\n");
..\User\my_sys.c(83): warning:  #192-D: unrecognized character escape sequence
  	printf("  \/ \/\\ \/ \/ _ \\ \/ _` | \/ _` | \/ \/_)\/ \/ _ \\  \/ _ \\| '_ ` _ \\  \r\n");
..\User\my_sys.c(83): warning:  #192-D: unrecognized character escape sequence
  	printf("  \/ \/\\ \/ \/ _ \\ \/ _` | \/ _` | \/ \/_)\/ \/ _ \\  \/ _ \\| '_ ` _ \\  \r\n");
..\User\my_sys.c(83): warning:  #192-D: unrecognized character escape sequence
  	printf("  \/ \/\\ \/ \/ _ \\ \/ _` | \/ _` | \/ \/_)\/ \/ _ \\  \/ _ \\| '_ ` _ \\  \r\n");
..\User\my_sys.c(83): warning:  #192-D: unrecognized character escape sequence
  	printf("  \/ \/\\ \/ \/ _ \\ \/ _` | \/ _` | \/ \/_)\/ \/ _ \\  \/ _ \\| '_ ` _ \\  \r\n");
..\User\my_sys.c(83): warning:  #192-D: unrecognized character escape sequence
  	printf("  \/ \/\\ \/ \/ _ \\ \/ _` | \/ _` | \/ \/_)\/ \/ _ \\  \/ _ \\| '_ ` _ \\  \r\n");
..\User\my_sys.c(83): warning:  #192-D: unrecognized character escape sequence
  	printf("  \/ \/\\ \/ \/ _ \\ \/ _` | \/ _` | \/ \/_)\/ \/ _ \\  \/ _ \\| '_ ` _ \\  \r\n");
..\User\my_sys.c(83): warning:  #192-D: unrecognized character escape sequence
  	printf("  \/ \/\\ \/ \/ _ \\ \/ _` | \/ _` | \/ \/_)\/ \/ _ \\  \/ _ \\| '_ ` _ \\  \r\n");
..\User\my_sys.c(83): warning:  #192-D: unrecognized character escape sequence
  	printf("  \/ \/\\ \/ \/ _ \\ \/ _` | \/ _` | \/ \/_)\/ \/ _ \\  \/ _ \\| '_ ` _ \\  \r\n");
..\User\my_sys.c(83): warning:  #192-D: unrecognized character escape sequence
  	printf("  \/ \/\\ \/ \/ _ \\ \/ _` | \/ _` | \/ \/_)\/ \/ _ \\  \/ _ \\| '_ ` _ \\  \r\n");
..\User\my_sys.c(83): warning:  #192-D: unrecognized character escape sequence
  	printf("  \/ \/\\ \/ \/ _ \\ \/ _` | \/ _` | \/ \/_)\/ \/ _ \\  \/ _ \\| '_ ` _ \\  \r\n");
..\User\my_sys.c(83): warning:  #192-D: unrecognized character escape sequence
  	printf("  \/ \/\\ \/ \/ _ \\ \/ _` | \/ _` | \/ \/_)\/ \/ _ \\  \/ _ \\| '_ ` _ \\  \r\n");
..\User\my_sys.c(84): warning:  #192-D: unrecognized character escape sequence
  	printf(" \/ \/_\/\/ |  __\/| (_| || (_| |\/ ___\/ | (_) ||  __\/| | | | | |		\r\n");
..\User\my_sys.c(84): warning:  #192-D: unrecognized character escape sequence
  	printf(" \/ \/_\/\/ |  __\/| (_| || (_| |\/ ___\/ | (_) ||  __\/| | | | | |		\r\n");
..\User\my_sys.c(84): warning:  #192-D: unrecognized character escape sequence
  	printf(" \/ \/_\/\/ |  __\/| (_| || (_| |\/ ___\/ | (_) ||  __\/| | | | | |		\r\n");
..\User\my_sys.c(84): warning:  #192-D: unrecognized character escape sequence
  	printf(" \/ \/_\/\/ |  __\/| (_| || (_| |\/ ___\/ | (_) ||  __\/| | | | | |		\r\n");
..\User\my_sys.c(84): warning:  #192-D: unrecognized character escape sequence
  	printf(" \/ \/_\/\/ |  __\/| (_| || (_| |\/ ___\/ | (_) ||  __\/| | | | | |		\r\n");
..\User\my_sys.c(84): warning:  #192-D: unrecognized character escape sequence
  	printf(" \/ \/_\/\/ |  __\/| (_| || (_| |\/ ___\/ | (_) ||  __\/| | | | | |		\r\n");
..\User\my_sys.c(84): warning:  #192-D: unrecognized character escape sequence
  	printf(" \/ \/_\/\/ |  __\/| (_| || (_| |\/ ___\/ | (_) ||  __\/| | | | | |		\r\n");
..\User\my_sys.c(84): warning:  #192-D: unrecognized character escape sequence
  	printf(" \/ \/_\/\/ |  __\/| (_| || (_| |\/ ___\/ | (_) ||  __\/| | | | | |		\r\n");
..\User\my_sys.c(85): warning:  #192-D: unrecognized character escape sequence
  	printf("\/___,'   \\___| \\__,_| \\__,_|\\\/      \\___\/  \\___||_| |_| |_|			\r\n");
..\User\my_sys.c(85): warning:  #192-D: unrecognized character escape sequence
  	printf("\/___,'   \\___| \\__,_| \\__,_|\\\/      \\___\/  \\___||_| |_| |_|			\r\n");
..\User\my_sys.c(85): warning:  #192-D: unrecognized character escape sequence
  	printf("\/___,'   \\___| \\__,_| \\__,_|\\\/      \\___\/  \\___||_| |_| |_|			\r\n");
..\User\my_sys.c: 24 warnings, 0 errors
compiling ui_ScreenArm.c...
compiling ui_ScreenTask.c...
compiling ui_Screen1.c...
compiling ui_font_bigNum.c...
compiling xpt2046.c...
compiling step_trape.c...
compiling m_shell.c...
..\User\my_lib\m_shell.c(145): warning:  #167-D: argument of type "uint8_t *" is incompatible with parameter of type "const char *"
          if(strlen(lineReBuf)) /* 判断接受到的指令字符串是否为0 */
..\User\my_lib\m_shell.c(147): warning:  #167-D: argument of type "uint8_t *" is incompatible with parameter of type "char *"
              argc = ShellGetParam(lineReBuf, " ", argv, PARAM_MAX_NUM);
..\User\my_lib\m_shell.c: 2 warnings, 0 errors
compiling motor.c...
compiling jy901.c...
..\User\wit_c_sdk\jy901.c(67): warning:  #167-D: argument of type "void (*)(uint32_t)" is incompatible with parameter of type "DelaymsCb"
      WitDelayMsRegister(HAL_Delay);
..\User\wit_c_sdk\jy901.c(12): warning:  #550-D: variable "fAcc"  was set but never used
  static float fAcc[3], fGyro[3], fAngle[3];
..\User\wit_c_sdk\jy901.c(12): warning:  #550-D: variable "fGyro"  was set but never used
  static float fAcc[3], fGyro[3], fAngle[3];
..\User\wit_c_sdk\jy901.c: 3 warnings, 0 errors
compiling file_info.c...
..\User\my_lib\file_info.c(152): warning:  #188-D: enumerated type mixed with another type
          route_list->event = event;
..\User\my_lib\file_info.c(164): warning:  #188-D: enumerated type mixed with another type
          temp_node->next_point->event = event;
..\User\my_lib\file_info.c(180): warning:  #167-D: argument of type "BYTE *" is incompatible with parameter of type "const char *"
      route_obj = cJSON_Parse(pFileRead);
..\User\my_lib\file_info.c(240): warning:  #167-D: argument of type "BYTE *" is incompatible with parameter of type "const char *"
      route_obj = cJSON_Parse(pFileRead);
..\User\my_lib\file_info.c(294): warning:  #167-D: argument of type "BYTE *" is incompatible with parameter of type "const char *"
      param_obj = cJSON_Parse(pFileRead);
..\User\my_lib\file_info.c(399): warning:  #167-D: argument of type "BYTE *" is incompatible with parameter of type "const char *"
      arm_obj = cJSON_Parse(pFileRead);  //从文件中提取json内容
..\User\my_lib\file_info.c(430): warning:  #188-D: enumerated type mixed with another type
              AddArmAction2List(i, arm_x->valuedouble, arm_y->valuedouble, arm_z->valuedouble, arm_tong->valueint, arm_openmv->valueint);
..\User\my_lib\file_info.c(458): warning:  #167-D: argument of type "BYTE *" is incompatible with parameter of type "const char *"
      rgb_obj = cJSON_Parse(pFileRead);  //从文件中提取json内容
..\User\my_lib\file_info.c(497): warning:  #167-D: argument of type "int *" is incompatible with parameter of type "UINT *"
      f_res = f_write(&file, str_print, str_num+1, &cnt);
..\User\my_lib\file_info.c(533): warning:  #167-D: argument of type "BYTE *" is incompatible with parameter of type "const char *"
      path_obj = cJSON_Parse(pFileRead);
..\User\my_lib\file_info.c: 10 warnings, 0 errors
compiling ui_ScreenCFIG.c...
compiling step_motor.c...
..\User\my_lib\step_motor.c(37): warning:  #188-D: enumerated type mixed with another type
          step.dir = 0;
..\User\my_lib\step_motor.c(40): warning:  #188-D: enumerated type mixed with another type
          step.dir = 1;
..\User\my_lib\step_motor.c(42): warning:  #188-D: enumerated type mixed with another type
      HAL_GPIO_WritePin(MotorDir_GPIO_Port, MotorDir_Pin, step.dir);
..\User\my_lib\step_motor.c: 3 warnings, 0 errors
compiling lv_port_fs_template.c...
compiling car_ctrl.c...
..\User\my_lib\car_ctrl.c(95): warning:  #1035-D: single-precision operand implicitly converted to double-precision
      coord_ctrl.TarX = x*STRAIGHT_MOVE_RATIO;
..\User\my_lib\car_ctrl.c(96): warning:  #1035-D: single-precision operand implicitly converted to double-precision
      coord_ctrl.TarY = y*SIDE_MOVE_RATIO;
..\User\my_lib\car_ctrl.c: 2 warnings, 0 errors
compiling arm.c...
..\User\my_lib\arm.c(134): warning:  #188-D: enumerated type mixed with another type
      SetArmState(x, y, z, tongSta);
..\User\my_lib\arm.c: 1 warning, 0 errors
compiling steer.c...
..\User\my_lib\steer.c(106): warning:  #188-D: enumerated type mixed with another type
      SetSteerAngle(id, angle);
..\User\my_lib\steer.c(205): warning:  #188-D: enumerated type mixed with another type
                  SteerAngle2PWM(i, steers[i].pre_angle);
..\User\my_lib\steer.c: 2 warnings, 0 errors
compiling rgb.c...
compiling lv_disp.c...
compiling lv_event.c...
..\User\GUI\lvgl\src\core\lv_event.c(120): warning:  #188-D: enumerated type mixed with another type
      return e->code & ~LV_EVENT_PREPROCESS;
..\User\GUI\lvgl\src\core\lv_event.c: 1 warning, 0 errors
compiling lv_group.c...
compiling lv_indev.c...
compiling lv_indev_scroll.c...
compiling lv_obj.c...
compiling lv_obj_class.c...
compiling lv_obj_draw.c...
compiling lv_obj_pos.c...
compiling lv_obj_scroll.c...
compiling lv_obj_style_gen.c...
compiling lv_obj_style.c...
compiling lv_obj_tree.c...
compiling lv_refr.c...
compiling my_gui.c...
..\User\GUI\GUI_test\my_gui\my_gui.c(73): warning:  #177-D: variable "bbb"  was declared but never referenced
  	float bbb[3];
..\User\GUI\GUI_test\my_gui\my_gui.c(91): warning:  #177-D: variable "cube_m"  was declared but never referenced
  	float cube_m[8][3];
..\User\GUI\GUI_test\my_gui\my_gui.c(135): warning:  #167-D: argument of type "char *" is incompatible with parameter of type "u8 *"
  	LCD_DisplayString_color(0,0, 24, temp, WHITE, BLACK);
..\User\GUI\GUI_test\my_gui\my_gui.c(150): warning:  #1035-D: single-precision operand implicitly converted to double-precision
  		x = x + XX;
..\User\GUI\GUI_test\my_gui\my_gui.c(151): warning:  #1035-D: single-precision operand implicitly converted to double-precision
  		y = y + YY;
..\User\GUI\GUI_test\my_gui\my_gui.c(152): warning:  #1035-D: single-precision operand implicitly converted to double-precision
  		z = z + ZZ;//??????????
..\User\GUI\GUI_test\my_gui\my_gui.c: 6 warnings, 0 errors
compiling lv_draw_sw.c...
compiling lv_theme.c...
compiling lv_draw_sw_arc.c...
compiling lv_draw_sw_dither.c...
compiling lv_draw_sw_blend.c...
compiling lv_draw_sw_gradient.c...
compiling my_task.c...
..\User\my_task\my_task.c(37): warning:  #870-D: invalid multibyte character sequence
      printf("任务�?      任务状�? 优先�?   剩余�? 任务序号\r\n");
..\User\my_task\my_task.c(37): warning:  #870-D: invalid multibyte character sequence
      printf("任务�?      任务状�? 优先�?   剩余�? 任务序号\r\n");
..\User\my_task\my_task.c(37): warning:  #870-D: invalid multibyte character sequence
      printf("任务�?      任务状�? 优先�?   剩余�? 任务序号\r\n");
..\User\my_task\my_task.c(37): warning:  #870-D: invalid multibyte character sequence
      printf("任务�?      任务状�? 优先�?   剩余�? 任务序号\r\n");
..\User\my_task\my_task.c: 4 warnings, 0 errors
compiling communication.c...
..\User\my_lib\communication.c(3): warning:  #188-D: enumerated type mixed with another type
  infor_t com_infor = {0};
..\User\my_lib\communication.c(88): warning:  #188-D: enumerated type mixed with another type
          com_infor.id = info_byte;
..\User\my_lib\communication.c(153): warning:  #188-D: enumerated type mixed with another type
      CommunicationTrans(id, data_buf, 2);
..\User\my_lib\communication.c(174): warning:  #188-D: enumerated type mixed with another type
      infor_id_t id = atoi(argv[1]);
..\User\my_lib\communication.c: 4 warnings, 0 errors
compiling lv_draw_sw_letter.c...
compiling lv_draw_sw_img.c...
compiling lv_draw_sw_line.c...
compiling lv_draw_sw_polygon.c...
compiling lv_draw.c...
compiling lv_draw_arc.c...
compiling lv_draw_sw_rect.c...
..\User\GUI\lvgl\src\draw\sw\lv_draw_sw_rect.c(239): warning:  #546-D: transfer of control bypasses initialization of:
            variable "mask_any_center"  (declared at line 286)
          goto bg_clean_up;
          ^
..\User\GUI\lvgl\src\draw\sw\lv_draw_sw_rect.c: 1 warning, 0 errors
compiling lv_draw_label.c...
compiling lv_draw_rect.c...
compiling lv_draw_triangle.c...
compiling lv_draw_line.c...
compiling lv_draw_img.c...
compiling lv_draw_mask.c...
compiling lv_img_cache.c...
compiling lv_img_buf.c...
compiling lv_img_decoder.c...
compiling lv_flex.c...
..\User\GUI\lvgl\src\extra\layouts\flex\lv_flex.c(97): warning:  #188-D: enumerated type mixed with another type
      LV_STYLE_FLEX_MAIN_PLACE = lv_style_register_prop() | LV_STYLE_PROP_LAYOUT_REFR;
..\User\GUI\lvgl\src\extra\layouts\flex\lv_flex.c(98): warning:  #188-D: enumerated type mixed with another type
      LV_STYLE_FLEX_CROSS_PLACE = lv_style_register_prop() | LV_STYLE_PROP_LAYOUT_REFR;
..\User\GUI\lvgl\src\extra\layouts\flex\lv_flex.c(99): warning:  #188-D: enumerated type mixed with another type
      LV_STYLE_FLEX_TRACK_PLACE = lv_style_register_prop() | LV_STYLE_PROP_LAYOUT_REFR;
..\User\GUI\lvgl\src\extra\layouts\flex\lv_flex.c: 3 warnings, 0 errors
compiling lv_bmp.c...
compiling lv_extra.c...
compiling lv_grid.c...
..\User\GUI\lvgl\src\extra\layouts\grid\lv_grid.c(134): warning:  #188-D: enumerated type mixed with another type
      LV_STYLE_GRID_COLUMN_DSC_ARRAY = lv_style_register_prop() | LV_STYLE_PROP_LAYOUT_REFR;
..\User\GUI\lvgl\src\extra\layouts\grid\lv_grid.c(135): warning:  #188-D: enumerated type mixed with another type
      LV_STYLE_GRID_ROW_DSC_ARRAY = lv_style_register_prop() | LV_STYLE_PROP_LAYOUT_REFR;
..\User\GUI\lvgl\src\extra\layouts\grid\lv_grid.c(136): warning:  #188-D: enumerated type mixed with another type
      LV_STYLE_GRID_COLUMN_ALIGN = lv_style_register_prop() | LV_STYLE_PROP_LAYOUT_REFR;
..\User\GUI\lvgl\src\extra\layouts\grid\lv_grid.c(137): warning:  #188-D: enumerated type mixed with another type
      LV_STYLE_GRID_ROW_ALIGN = lv_style_register_prop() | LV_STYLE_PROP_LAYOUT_REFR;
..\User\GUI\lvgl\src\extra\layouts\grid\lv_grid.c(139): warning:  #188-D: enumerated type mixed with another type
      LV_STYLE_GRID_CELL_ROW_SPAN = lv_style_register_prop() | LV_STYLE_PROP_LAYOUT_REFR;
..\User\GUI\lvgl\src\extra\layouts\grid\lv_grid.c(140): warning:  #188-D: enumerated type mixed with another type
      LV_STYLE_GRID_CELL_ROW_POS = lv_style_register_prop() | LV_STYLE_PROP_LAYOUT_REFR;
..\User\GUI\lvgl\src\extra\layouts\grid\lv_grid.c(141): warning:  #188-D: enumerated type mixed with another type
      LV_STYLE_GRID_CELL_COLUMN_SPAN = lv_style_register_prop() | LV_STYLE_PROP_LAYOUT_REFR;
..\User\GUI\lvgl\src\extra\layouts\grid\lv_grid.c(142): warning:  #188-D: enumerated type mixed with another type
      LV_STYLE_GRID_CELL_COLUMN_POS = lv_style_register_prop() | LV_STYLE_PROP_LAYOUT_REFR;
..\User\GUI\lvgl\src\extra\layouts\grid\lv_grid.c(143): warning:  #188-D: enumerated type mixed with another type
      LV_STYLE_GRID_CELL_X_ALIGN = lv_style_register_prop() | LV_STYLE_PROP_LAYOUT_REFR;
..\User\GUI\lvgl\src\extra\layouts\grid\lv_grid.c(144): warning:  #188-D: enumerated type mixed with another type
      LV_STYLE_GRID_CELL_Y_ALIGN = lv_style_register_prop() | LV_STYLE_PROP_LAYOUT_REFR;
..\User\GUI\lvgl\src\extra\layouts\grid\lv_grid.c(589): warning:  #188-D: enumerated type mixed with another type
      lv_grid_align_t col_align = get_cell_col_align(item);
..\User\GUI\lvgl\src\extra\layouts\grid\lv_grid.c(590): warning:  #188-D: enumerated type mixed with another type
      lv_grid_align_t row_align = get_cell_row_align(item);
..\User\GUI\lvgl\src\extra\layouts\grid\lv_grid.c: 12 warnings, 0 errors
compiling lv_ffmpeg.c...
compiling lv_freetype.c...
compiling lv_fs_fatfs.c...
compiling lv_fs_posix.c...
compiling ui_events.c...
..\User\GUI\GUI_test\my_gui\ui_events.c(41): warning:  #188-D: enumerated type mixed with another type
      SetArmState(pos[0], pos[1], pos[2], tong_sta);
..\User\GUI\GUI_test\my_gui\ui_events.c: 1 warning, 0 errors
compiling route.c...
..\User\my_lib\route.c(50): warning:  #188-D: enumerated type mixed with another type
          SetArmState(temp_node->x, temp_node->y, temp_node->z, temp_node->tong_open);
..\User\my_lib\route.c(111): warning:  #167-D: argument of type "char *" is incompatible with parameter of type "uint8_t *"
      CommunicationTrans(QR_CODE, codeInfoStr, QR_CODE_INFO_LEN);   //发送二维码数字
..\User\my_lib\route.c(122): warning:  #167-D: argument of type "char *" is incompatible with parameter of type "uint8_t *"
          CommunicationTrans(QR_CODE, codeInfoStr, QR_CODE_INFO_LEN);   //发送二维码数字
..\User\my_lib\route.c(368): warning:  #177-D: variable "cnt"  was declared but never referenced
      static uint8_t cnt=0;
..\User\my_lib\route.c(744): warning:  #188-D: enumerated type mixed with another type
          SetArmState(temp_node->x, temp_node->y, temp_node->z, temp_node->tong_open);
..\User\my_lib\route.c: 5 warnings, 0 errors
compiling gifdec.c...
compiling lv_fs_stdio.c...
compiling lv_fs_win32.c...
compiling lv_gif.c...
compiling lv_png.c...
compiling qrcodegen.c...
..\User\GUI\lvgl\src\extra\libs\qrcode\qrcodegen.c(278): warning:  #188-D: enumerated type mixed with another type
  	applyMask(tempBuffer, qrcode, mask);
..\User\GUI\lvgl\src\extra\libs\qrcode\qrcodegen.c(279): warning:  #188-D: enumerated type mixed with another type
  	drawFormatBits(ecl, mask, qrcode);
..\User\GUI\lvgl\src\extra\libs\qrcode\qrcodegen.c: 2 warnings, 0 errors
compiling tjpgd.c...
compiling lodepng.c...
compiling lv_rlottie.c...
compiling lv_qrcode.c...
compiling lv_sjpg.c...
compiling lv_gridnav.c...
compiling lv_snapshot.c...
compiling lv_monkey.c...
compiling lv_theme_basic.c...
compiling lv_calendar_header_arrow.c...
compiling lv_calendar_header_dropdown.c...
compiling lv_animimg.c...
compiling lv_calendar.c...
compiling lv_theme_mono.c...
compiling lv_keyboard.c...
compiling lv_theme_default.c...
..\User\GUI\lvgl\src\extra\themes\default\lv_theme_default.c(213): warning:  #188-D: enumerated type mixed with another type
..\User\GUI\lvgl\src\extra\themes\default\lv_theme_default.c: 1 warning, 0 errors
compiling lv_chart.c...
compiling lv_colorwheel.c...
compiling lv_led.c...
compiling lv_list.c...
compiling lv_menu.c...
compiling lv_meter.c...
compiling lv_tileview.c...
compiling lv_span.c...
compiling lv_msgbox.c...
compiling lv_font.c...
compiling lv_tabview.c...
compiling lv_spinner.c...
compiling lv_win.c...
compiling lv_spinbox.c...
compiling lv_font_dejavu_16_persian_hebrew.c...
compiling lv_font_fmt_txt.c...
..\User\GUI\lvgl\src\font\lv_font_fmt_txt.c(137): warning:  #111-D: statement is unreachable
      return NULL;
..\User\GUI\lvgl\src\font\lv_font_fmt_txt.c: 1 warning, 0 errors
compiling lv_font_loader.c...
compiling lv_font_montserrat_10.c...
compiling lv_font_montserrat_8.c...
compiling lv_font_montserrat_12.c...
compiling lv_font_montserrat_12_subpx.c...
compiling lv_font_montserrat_14.c...
compiling lv_font_montserrat_16.c...
compiling lv_font_montserrat_18.c...
compiling lv_font_montserrat_20.c...
compiling lv_font_montserrat_22.c...
compiling remote_ctrl.c...
..\User\my_lib\remote_ctrl.c(46): warning:  #188-D: enumerated type mixed with another type
          SetArmState(bluePack.mInt16[0]/10.0f, bluePack.mInt16[1]/10.0f, bluePack.mInt16[2]/10.0f, bluePack.mInt8[4]);
..\User\my_lib\remote_ctrl.c: 1 warning, 0 errors
compiling lv_font_montserrat_24.c...
compiling lv_font_montserrat_28.c...
compiling lv_font_montserrat_26.c...
compiling lv_font_montserrat_28_compressed.c...
compiling lv_font_montserrat_30.c...
compiling lv_font_montserrat_32.c...
compiling lv_font_montserrat_38.c...
compiling lv_font_montserrat_34.c...
compiling lv_font_montserrat_40.c...
compiling lv_font_montserrat_36.c...
compiling lv_font_montserrat_42.c...
compiling lv_font_montserrat_44.c...
compiling lv_draw_sdl.c...
compiling lv_font_montserrat_46.c...
compiling lv_draw_sdl_arc.c...
compiling lv_font_montserrat_48.c...
compiling lv_font_unscii_8.c...
compiling lv_font_unscii_16.c...
compiling lv_font_simsun_16_cjk.c...
compiling lv_draw_sdl_composite.c...
compiling lv_draw_sdl_bg.c...
compiling lv_draw_sdl_img.c...
compiling lv_draw_sdl_label.c...
compiling lv_draw_sdl_line.c...
compiling lv_draw_sdl_mask.c...
compiling lv_draw_sdl_polygon.c...
compiling lv_draw_sdl_rect.c...
compiling lv_draw_sdl_stack_blur.c...
compiling lv_draw_sdl_texture_cache.c...
compiling lv_draw_sdl_utils.c...
compiling lv_hal_tick.c...
compiling lv_gpu_stm32_dma2d.c...
compiling lv_hal_indev.c...
compiling lv_anim_timeline.c...
compiling lv_hal_disp.c...
..\User\GUI\lvgl\src\hal\lv_hal_disp.c(573): warning:  #188-D: enumerated type mixed with another type
      return disp->driver->rotated;
..\User\GUI\lvgl\src\hal\lv_hal_disp.c: 1 warning, 0 errors
compiling lv_anim.c...
compiling lv_async.c...
compiling lv_area.c...
compiling lv_bidi.c...
compiling lv_color.c...
compiling lv_fs.c...
compiling lv_gc.c...
compiling lv_ll.c...
compiling lv_log.c...
compiling lv_math.c...
compiling lv_lru.c...
..\User\GUI\lvgl\src\misc\lv_lru.c(313): warning:  #68-D: integer conversion resulted in a change of sign
      uint32_t i = 0, min_index = -1;
..\User\GUI\lvgl\src\misc\lv_lru.c(314): warning:  #68-D: integer conversion resulted in a change of sign
      uint64_t min_access_count = -1;
..\User\GUI\lvgl\src\misc\lv_lru.c: 2 warnings, 0 errors
compiling lv_mem.c...
..\User\GUI\lvgl\src\misc\lv_mem.c(311): warning:  #111-D: statement is unreachable
      return NULL;
..\User\GUI\lvgl\src\misc\lv_mem.c: 1 warning, 0 errors
compiling lv_printf.c...
compiling lv_style.c...
..\User\GUI\lvgl\src\misc\lv_style.c(74): warning:  #188-D: enumerated type mixed with another type
      return act_id;
..\User\GUI\lvgl\src\misc\lv_style.c: 1 warning, 0 errors
compiling lv_templ.c...
compiling lv_timer.c...
compiling lv_style_gen.c...
compiling lv_utils.c...
compiling lv_txt_ap.c...
compiling lv_tlsf.c...
..\User\GUI\lvgl\src\misc\lv_tlsf.c(898): warning:  #68-D: integer conversion resulted in a change of sign
          offset_to_block(pool, -(int)block_header_overhead);
..\User\GUI\lvgl\src\misc\lv_tlsf.c(1000): warning:  #68-D: integer conversion resulted in a change of sign
      block = offset_to_block(mem, -(tlsfptr_t)block_header_overhead);
..\User\GUI\lvgl\src\misc\lv_tlsf.c(1018): warning:  #68-D: integer conversion resulted in a change of sign
      block_header_t * block = offset_to_block(pool, -(int)block_header_overhead);
..\User\GUI\lvgl\src\misc\lv_tlsf.c: 3 warnings, 0 errors
compiling lv_txt.c...
compiling lv_arc.c...
compiling lv_btn.c...
compiling lv_bar.c...
compiling lv_canvas.c...
compiling lv_checkbox.c...
compiling lv_btnmatrix.c...
compiling lv_img.c...
compiling lv_objx_templ.c...
compiling lv_label.c...
compiling lv_dropdown.c...
compiling lv_line.c...
compiling lv_roller.c...
compiling lv_slider.c...
compiling croutine.c...
compiling lv_switch.c...
compiling event_groups.c...
compiling list.c...
compiling lv_table.c...
compiling queue.c...
compiling lv_textarea.c...
compiling timers.c...
compiling stream_buffer.c...
compiling heap_4.c...
compiling tasks.c...
compiling port.c...
compiling cmsis_os.c...
compiling QR_code.c...
..\User\my_lib\QR_code.c(30): warning:  #224-D: the format string requires additional arguments
      printf("%c");
..\User\my_lib\QR_code.c: 1 warning, 0 errors
compiling beep.c...
..\User\my_lib\beep.c(5): warning:  #188-D: enumerated type mixed with another type
  static Beep_Type BeepArr[1] = {0};
..\User\my_lib\beep.c(15): warning:  #188-D: enumerated type mixed with another type
          HAL_GPIO_WritePin(BEEP_GPIO_Port, BEEP_Pin, BeepSta);
..\User\my_lib\beep.c(79): warning:  #1-D: last line of file ends without a newline
  }
..\User\my_lib\beep.c: 3 warnings, 0 errors
compiling lv_port_indev_template.c...
compiling lv_port_disp_template.c...
compiling bsp_driver_sd.c...
compiling fatfs_platform.c...
compiling syscall.c...
compiling fatfs.c...
compiling sd_diskio.c...
compiling diskio.c...
compiling cc936.c...
compiling ff_gen_drv.c...
compiling ff.c...
linking...
Program Size: Code=293712 RO-data=456264 RW-data=1384 ZI-data=96552  
FromELF: creating hex file...
"CarTest1\CarTest1.axf" - 0 Error(s), 107 Warning(s).

<h2>Software Packages used:</h2>

Package Vendor: Keil
                http://www.keil.com/pack/Keil.STM32F4xx_DFP.2.16.0.pack
                Keil.STM32F4xx_DFP.2.16.0
                STMicroelectronics STM32F4 Series Device Support, Drivers and Examples

<h2>Collection of Component include folders:</h2>
  .\RTE\_CarTest1
  D:\keil5\Keil\STM32F4xx_DFP\2.16.0\Drivers\CMSIS\Device\ST\STM32F4xx\Include

<h2>Collection of Component Files used:</h2>
Build Time Elapsed:  00:01:31
</pre>
</body>
</html>
